Archive member included because of file (symbol)

c:/winavr-20100110/bin/../lib/gcc/avr/4.3.3/avr5\libgcc.a(_mulsi3.o)
                              ./HAL_Layer/LM35/LM35_prog.o (__mulsi3)
c:/winavr-20100110/bin/../lib/gcc/avr/4.3.3/avr5\libgcc.a(_udivmodhi4.o)
                              ./HAL_Layer/LM35/LM35_prog.o (__udivmodhi4)
c:/winavr-20100110/bin/../lib/gcc/avr/4.3.3/avr5\libgcc.a(_udivmodsi4.o)
                              ./HAL_Layer/CLCD/CLCD_prog.o (__udivmodsi4)
c:/winavr-20100110/bin/../lib/gcc/avr/4.3.3/avr5\libgcc.a(_divmodsi4.o)
                              ./HAL_Layer/CLCD/CLCD_prog.o (__divmodsi4)
c:/winavr-20100110/bin/../lib/gcc/avr/4.3.3/avr5\libgcc.a(_exit.o)
                              c:/winavr-20100110/bin/../lib/gcc/avr/4.3.3/../../../../avr/lib/avr5/crtm32.o (exit)
c:/winavr-20100110/bin/../lib/gcc/avr/4.3.3/avr5\libgcc.a(_copy_data.o)
                              ./HAL_Layer/KPD/KPD_prog.o (__do_copy_data)
c:/winavr-20100110/bin/../lib/gcc/avr/4.3.3/avr5\libgcc.a(_clear_bss.o)
                              ./MCAL_Layer/USART/USART_prog.o (__do_clear_bss)
c:/winavr-20100110/bin/../lib/gcc/avr/4.3.3/avr5\libgcc.a(_fixunssfsi.o)
                              ./HAL_Layer/SERVO_MOTOR/Servo_Motor_prog.o (__fixunssfsi)
c:/winavr-20100110/bin/../lib/gcc/avr/4.3.3/avr5\libgcc.a(_fixsfdi.o)
                              ./HAL_Layer/CLCD/CLCD_prog.o (__fixsfdi)
c:/winavr-20100110/bin/../lib/gcc/avr/4.3.3/avr5\libgcc.a(_fixunssfdi.o)
                              c:/winavr-20100110/bin/../lib/gcc/avr/4.3.3/avr5\libgcc.a(_fixsfdi.o) (__fixunssfdi)
c:/winavr-20100110/bin/../lib/gcc/avr/4.3.3/avr5\libgcc.a(_addsub_sf.o)
                              ./HAL_Layer/CLCD/CLCD_prog.o (__subsf3)
c:/winavr-20100110/bin/../lib/gcc/avr/4.3.3/avr5\libgcc.a(_mul_sf.o)
                              ./HAL_Layer/SERVO_MOTOR/Servo_Motor_prog.o (__mulsf3)
c:/winavr-20100110/bin/../lib/gcc/avr/4.3.3/avr5\libgcc.a(_div_sf.o)
                              ./HAL_Layer/LDR/LDR_prog.o (__divsf3)
c:/winavr-20100110/bin/../lib/gcc/avr/4.3.3/avr5\libgcc.a(_gt_sf.o)
                              ./HAL_Layer/KPD/KPD_prog.o (__gtsf2)
c:/winavr-20100110/bin/../lib/gcc/avr/4.3.3/avr5\libgcc.a(_ge_sf.o)
                              c:/winavr-20100110/bin/../lib/gcc/avr/4.3.3/avr5\libgcc.a(_fixunssfsi.o) (__gesf2)
c:/winavr-20100110/bin/../lib/gcc/avr/4.3.3/avr5\libgcc.a(_lt_sf.o)
                              ./HAL_Layer/KPD/KPD_prog.o (__ltsf2)
c:/winavr-20100110/bin/../lib/gcc/avr/4.3.3/avr5\libgcc.a(_si_to_sf.o)
                              ./HAL_Layer/SERVO_MOTOR/Servo_Motor_prog.o (__floatsisf)
c:/winavr-20100110/bin/../lib/gcc/avr/4.3.3/avr5\libgcc.a(_sf_to_si.o)
                              ./HAL_Layer/CLCD/CLCD_prog.o (__fixsfsi)
c:/winavr-20100110/bin/../lib/gcc/avr/4.3.3/avr5\libgcc.a(_thenan_sf.o)
                              c:/winavr-20100110/bin/../lib/gcc/avr/4.3.3/avr5\libgcc.a(_addsub_sf.o) (__thenan_sf)
c:/winavr-20100110/bin/../lib/gcc/avr/4.3.3/avr5\libgcc.a(_usi_to_sf.o)
                              ./HAL_Layer/LDR/LDR_prog.o (__floatunsisf)
c:/winavr-20100110/bin/../lib/gcc/avr/4.3.3/avr5\libgcc.a(_prologue.o)
                              c:/winavr-20100110/bin/../lib/gcc/avr/4.3.3/avr5\libgcc.a(_fixunssfdi.o) (__prologue_saves__)
c:/winavr-20100110/bin/../lib/gcc/avr/4.3.3/avr5\libgcc.a(_epilogue.o)
                              c:/winavr-20100110/bin/../lib/gcc/avr/4.3.3/avr5\libgcc.a(_fixunssfdi.o) (__epilogue_restores__)
c:/winavr-20100110/bin/../lib/gcc/avr/4.3.3/avr5\libgcc.a(_ashldi3.o)
                              c:/winavr-20100110/bin/../lib/gcc/avr/4.3.3/avr5\libgcc.a(_fixunssfdi.o) (__ashldi3)
c:/winavr-20100110/bin/../lib/gcc/avr/4.3.3/avr5\libgcc.a(_clzsi2.o)
                              c:/winavr-20100110/bin/../lib/gcc/avr/4.3.3/avr5\libgcc.a(_si_to_sf.o) (__clzsi2)
c:/winavr-20100110/bin/../lib/gcc/avr/4.3.3/avr5\libgcc.a(_pack_sf.o)
                              c:/winavr-20100110/bin/../lib/gcc/avr/4.3.3/avr5\libgcc.a(_addsub_sf.o) (__pack_f)
c:/winavr-20100110/bin/../lib/gcc/avr/4.3.3/avr5\libgcc.a(_unpack_sf.o)
                              c:/winavr-20100110/bin/../lib/gcc/avr/4.3.3/avr5\libgcc.a(_addsub_sf.o) (__unpack_f)
c:/winavr-20100110/bin/../lib/gcc/avr/4.3.3/avr5\libgcc.a(_fpcmp_parts_sf.o)
                              c:/winavr-20100110/bin/../lib/gcc/avr/4.3.3/avr5\libgcc.a(_gt_sf.o) (__fpcmp_parts_f)
c:/winavr-20100110/bin/../lib/gcc/avr/4.3.3/avr5\libgcc.a(_clz.o)
                              c:/winavr-20100110/bin/../lib/gcc/avr/4.3.3/avr5\libgcc.a(_clzsi2.o) (__clz_tab)

Allocating common symbols
Common symbol       size              file

Check               0x15              ./APP_Layer/SECURITY/SECURITY_prog.o
processedTemperature
                    0x1               ./APP_Layer/Smart_Room.o
lightLevel          0x1               ./APP_Layer/Smart_Room.o
KPD_Press           0x1               ./APP_Layer/SECURITY/SECURITY_prog.o
userInput           0x1               ./APP_Layer/Smart_Room.o
UserName            0x14              ./APP_Layer/SECURITY/SECURITY_prog.o
rawTemperature      0x1               ./APP_Layer/Smart_Room.o
systemStatus        0x1               ./APP_Layer/Smart_Room.o

Memory Configuration

Name             Origin             Length             Attributes
text             0x00000000         0x00020000         xr
data             0x00800060         0x0000ffa0         rw !x
eeprom           0x00810000         0x00010000         rw !x
fuse             0x00820000         0x00000400         rw !x
lock             0x00830000         0x00000400         rw !x
signature        0x00840000         0x00000400         rw !x
*default*        0x00000000         0xffffffff

Linker script and memory map

LOAD c:/winavr-20100110/bin/../lib/gcc/avr/4.3.3/../../../../avr/lib/avr5/crtm32.o
LOAD ./MCAL_Layer/USART/USART_prog.o
LOAD ./MCAL_Layer/TIMER/TIMER_program.o
LOAD ./MCAL_Layer/GIE/GIE_prog.o
LOAD ./MCAL_Layer/EXTI/EXTI_prog.o
LOAD ./MCAL_Layer/EEPROM/EEPROM_prog.o
LOAD ./MCAL_Layer/DIO/DIO_prog.o
LOAD ./MCAL_Layer/ADC/ADC_prog.o
LOAD ./HAL_Layer/SERVO_MOTOR/Servo_Motor_prog.o
LOAD ./HAL_Layer/LM35/LM35_prog.o
LOAD ./HAL_Layer/LED/LED_prog.o
LOAD ./HAL_Layer/LDR/LDR_prog.o
LOAD ./HAL_Layer/KPD/KPD_prog.o
LOAD ./HAL_Layer/CLCD/CLCD_prog.o
LOAD ./APP_Layer/SECURITY/SECURITY_prog.o
LOAD ./APP_Layer/Smart_Room.o
LOAD c:/winavr-20100110/bin/../lib/gcc/avr/4.3.3/avr5\libgcc.a
LOAD c:/winavr-20100110/bin/../lib/gcc/avr/4.3.3/../../../../avr/lib/avr5\libc.a
LOAD c:/winavr-20100110/bin/../lib/gcc/avr/4.3.3/avr5\libgcc.a

.hash
 *(.hash)

.dynsym
 *(.dynsym)

.dynstr
 *(.dynstr)

.gnu.version
 *(.gnu.version)

.gnu.version_d
 *(.gnu.version_d)

.gnu.version_r
 *(.gnu.version_r)

.rel.init
 *(.rel.init)

.rela.init
 *(.rela.init)

.rel.text
 *(.rel.text)
 *(.rel.text.*)
 *(.rel.gnu.linkonce.t*)

.rela.text
 *(.rela.text)
 *(.rela.text.*)
 *(.rela.gnu.linkonce.t*)

.rel.fini
 *(.rel.fini)

.rela.fini
 *(.rela.fini)

.rel.rodata
 *(.rel.rodata)
 *(.rel.rodata.*)
 *(.rel.gnu.linkonce.r*)

.rela.rodata
 *(.rela.rodata)
 *(.rela.rodata.*)
 *(.rela.gnu.linkonce.r*)

.rel.data
 *(.rel.data)
 *(.rel.data.*)
 *(.rel.gnu.linkonce.d*)

.rela.data
 *(.rela.data)
 *(.rela.data.*)
 *(.rela.gnu.linkonce.d*)

.rel.ctors
 *(.rel.ctors)

.rela.ctors
 *(.rela.ctors)

.rel.dtors
 *(.rel.dtors)

.rela.dtors
 *(.rela.dtors)

.rel.got
 *(.rel.got)

.rela.got
 *(.rela.got)

.rel.bss
 *(.rel.bss)

.rela.bss
 *(.rela.bss)

.rel.plt
 *(.rel.plt)

.rela.plt
 *(.rela.plt)

.text           0x00000000     0x6c72
 *(.vectors)
 .vectors       0x00000000       0x54 c:/winavr-20100110/bin/../lib/gcc/avr/4.3.3/../../../../avr/lib/avr5/crtm32.o
                0x00000000                __vectors
                0x00000000                __vector_default
 *(.vectors)
 *(.progmem.gcc*)
 *(.progmem*)
                0x00000054                . = ALIGN (0x2)
                0x00000054                __trampolines_start = .
 *(.trampolines)
 .trampolines   0x00000054        0x0 linker stubs
 *(.trampolines*)
                0x00000054                __trampolines_end = .
 *(.jumptables)
 *(.jumptables*)
 *(.lowtext)
 *(.lowtext*)
                0x00000054                __ctors_start = .
 *(.ctors)
                0x00000054                __ctors_end = .
                0x00000054                __dtors_start = .
 *(.dtors)
                0x00000054                __dtors_end = .
 SORT(*)(.ctors)
 SORT(*)(.dtors)
 *(.init0)
 .init0         0x00000054        0x0 c:/winavr-20100110/bin/../lib/gcc/avr/4.3.3/../../../../avr/lib/avr5/crtm32.o
                0x00000054                __init
 *(.init0)
 *(.init1)
 *(.init1)
 *(.init2)
 .init2         0x00000054        0xc c:/winavr-20100110/bin/../lib/gcc/avr/4.3.3/../../../../avr/lib/avr5/crtm32.o
 *(.init2)
 *(.init3)
 *(.init3)
 *(.init4)
 .init4         0x00000060       0x16 c:/winavr-20100110/bin/../lib/gcc/avr/4.3.3/avr5\libgcc.a(_copy_data.o)
                0x00000060                __do_copy_data
 .init4         0x00000076       0x10 c:/winavr-20100110/bin/../lib/gcc/avr/4.3.3/avr5\libgcc.a(_clear_bss.o)
                0x00000076                __do_clear_bss
 *(.init4)
 *(.init5)
 *(.init5)
 *(.init6)
 *(.init6)
 *(.init7)
 *(.init7)
 *(.init8)
 *(.init8)
 *(.init9)
 .init9         0x00000086        0x8 c:/winavr-20100110/bin/../lib/gcc/avr/4.3.3/../../../../avr/lib/avr5/crtm32.o
 *(.init9)
 *(.text)
 .text          0x0000008e        0x4 c:/winavr-20100110/bin/../lib/gcc/avr/4.3.3/../../../../avr/lib/avr5/crtm32.o
                0x0000008e                __vector_12
                0x0000008e                __bad_interrupt
                0x0000008e                __vector_17
                0x0000008e                __vector_19
                0x0000008e                __vector_14
                0x0000008e                __vector_18
                0x0000008e                __vector_20
 .text          0x00000092        0x0 ./MCAL_Layer/USART/USART_prog.o
 .text          0x00000092        0x0 ./MCAL_Layer/TIMER/TIMER_program.o
 .text          0x00000092        0x0 ./MCAL_Layer/GIE/GIE_prog.o
 .text          0x00000092        0x0 ./MCAL_Layer/EXTI/EXTI_prog.o
 .text          0x00000092        0x0 ./MCAL_Layer/EEPROM/EEPROM_prog.o
 .text          0x00000092        0x0 ./MCAL_Layer/DIO/DIO_prog.o
 .text          0x00000092        0x0 ./MCAL_Layer/ADC/ADC_prog.o
 .text          0x00000092        0x0 ./HAL_Layer/SERVO_MOTOR/Servo_Motor_prog.o
 .text          0x00000092        0x0 ./HAL_Layer/LM35/LM35_prog.o
 .text          0x00000092        0x0 ./HAL_Layer/LED/LED_prog.o
 .text          0x00000092        0x0 ./HAL_Layer/LDR/LDR_prog.o
 .text          0x00000092        0x0 ./HAL_Layer/KPD/KPD_prog.o
 .text          0x00000092        0x0 ./HAL_Layer/CLCD/CLCD_prog.o
 .text          0x00000092        0x0 ./APP_Layer/SECURITY/SECURITY_prog.o
 .text          0x00000092        0x0 ./APP_Layer/Smart_Room.o
 .text          0x00000092        0x0 c:/winavr-20100110/bin/../lib/gcc/avr/4.3.3/avr5\libgcc.a(_mulsi3.o)
 .text          0x00000092        0x0 c:/winavr-20100110/bin/../lib/gcc/avr/4.3.3/avr5\libgcc.a(_udivmodhi4.o)
 .text          0x00000092        0x0 c:/winavr-20100110/bin/../lib/gcc/avr/4.3.3/avr5\libgcc.a(_udivmodsi4.o)
 .text          0x00000092        0x0 c:/winavr-20100110/bin/../lib/gcc/avr/4.3.3/avr5\libgcc.a(_divmodsi4.o)
 .text          0x00000092        0x0 c:/winavr-20100110/bin/../lib/gcc/avr/4.3.3/avr5\libgcc.a(_exit.o)
 .text          0x00000092        0x0 c:/winavr-20100110/bin/../lib/gcc/avr/4.3.3/avr5\libgcc.a(_copy_data.o)
 .text          0x00000092        0x0 c:/winavr-20100110/bin/../lib/gcc/avr/4.3.3/avr5\libgcc.a(_clear_bss.o)
 .text          0x00000092       0x58 c:/winavr-20100110/bin/../lib/gcc/avr/4.3.3/avr5\libgcc.a(_fixunssfsi.o)
                0x00000092                __fixunssfsi
 .text          0x000000ea       0xe8 c:/winavr-20100110/bin/../lib/gcc/avr/4.3.3/avr5\libgcc.a(_fixsfdi.o)
                0x000000ea                __fixsfdi
 .text          0x000001d2      0x150 c:/winavr-20100110/bin/../lib/gcc/avr/4.3.3/avr5\libgcc.a(_fixunssfdi.o)
                0x000001d2                __fixunssfdi
 .text          0x00000322      0x354 c:/winavr-20100110/bin/../lib/gcc/avr/4.3.3/avr5\libgcc.a(_addsub_sf.o)
                0x000005ba                __subsf3
                0x0000061c                __addsf3
 .text          0x00000676      0x1f4 c:/winavr-20100110/bin/../lib/gcc/avr/4.3.3/avr5\libgcc.a(_mul_sf.o)
                0x00000676                __mulsf3
 .text          0x0000086a      0x158 c:/winavr-20100110/bin/../lib/gcc/avr/4.3.3/avr5\libgcc.a(_div_sf.o)
                0x0000086a                __divsf3
 .text          0x000009c2       0x60 c:/winavr-20100110/bin/../lib/gcc/avr/4.3.3/avr5\libgcc.a(_gt_sf.o)
                0x000009c2                __gtsf2
 .text          0x00000a22       0x60 c:/winavr-20100110/bin/../lib/gcc/avr/4.3.3/avr5\libgcc.a(_ge_sf.o)
                0x00000a22                __gesf2
 .text          0x00000a82       0x60 c:/winavr-20100110/bin/../lib/gcc/avr/4.3.3/avr5\libgcc.a(_lt_sf.o)
                0x00000a82                __ltsf2
 .text          0x00000ae2       0xbc c:/winavr-20100110/bin/../lib/gcc/avr/4.3.3/avr5\libgcc.a(_si_to_sf.o)
                0x00000ae2                __floatsisf
 .text          0x00000b9e       0xa8 c:/winavr-20100110/bin/../lib/gcc/avr/4.3.3/avr5\libgcc.a(_sf_to_si.o)
                0x00000b9e                __fixsfsi
 .text          0x00000c46        0x0 c:/winavr-20100110/bin/../lib/gcc/avr/4.3.3/avr5\libgcc.a(_thenan_sf.o)
 .text          0x00000c46       0xf2 c:/winavr-20100110/bin/../lib/gcc/avr/4.3.3/avr5\libgcc.a(_usi_to_sf.o)
                0x00000c46                __floatunsisf
 .text          0x00000d38        0x0 c:/winavr-20100110/bin/../lib/gcc/avr/4.3.3/avr5\libgcc.a(_prologue.o)
 .text          0x00000d38        0x0 c:/winavr-20100110/bin/../lib/gcc/avr/4.3.3/avr5\libgcc.a(_epilogue.o)
 .text          0x00000d38       0xfe c:/winavr-20100110/bin/../lib/gcc/avr/4.3.3/avr5\libgcc.a(_ashldi3.o)
                0x00000d38                __ashldi3
 .text          0x00000e36       0x9e c:/winavr-20100110/bin/../lib/gcc/avr/4.3.3/avr5\libgcc.a(_clzsi2.o)
                0x00000e36                __clzsi2
 .text          0x00000ed4      0x1aa c:/winavr-20100110/bin/../lib/gcc/avr/4.3.3/avr5\libgcc.a(_pack_sf.o)
                0x00000ed4                __pack_f
 .text          0x0000107e       0xf0 c:/winavr-20100110/bin/../lib/gcc/avr/4.3.3/avr5\libgcc.a(_unpack_sf.o)
                0x0000107e                __unpack_f
 .text          0x0000116e       0xb2 c:/winavr-20100110/bin/../lib/gcc/avr/4.3.3/avr5\libgcc.a(_fpcmp_parts_sf.o)
                0x0000116e                __fpcmp_parts_f
 .text          0x00001220        0x0 c:/winavr-20100110/bin/../lib/gcc/avr/4.3.3/avr5\libgcc.a(_clz.o)
                0x00001220                . = ALIGN (0x2)
 *(.text.*)
 .text.USART_vInit
                0x00001220       0xd2 ./MCAL_Layer/USART/USART_prog.o
                0x00001220                USART_vInit
 .text.USART_u8SendData
                0x000012f2       0xc4 ./MCAL_Layer/USART/USART_prog.o
                0x000012f2                USART_u8SendData
 .text.USART_u8ReceiveData
                0x000013b6       0xd0 ./MCAL_Layer/USART/USART_prog.o
                0x000013b6                USART_u8ReceiveData
 .text.USART_u8SendStringSynch
                0x00001486       0x8c ./MCAL_Layer/USART/USART_prog.o
                0x00001486                USART_u8SendStringSynch
 .text.USART_u8SendStringAsynch
                0x00001512       0x9c ./MCAL_Layer/USART/USART_prog.o
                0x00001512                USART_u8SendStringAsynch
 .text.USART_u8ReceiveBufferSynch
                0x000015ae       0x96 ./MCAL_Layer/USART/USART_prog.o
                0x000015ae                USART_u8ReceiveBufferSynch
 .text.USART_u8ReceiveBufferAsynch
                0x00001644       0x94 ./MCAL_Layer/USART/USART_prog.o
                0x00001644                USART_u8ReceiveBufferAsynch
 .text.__vector_13
                0x000016d8       0xb0 ./MCAL_Layer/USART/USART_prog.o
                0x000016d8                __vector_13
 .text.__vector_15
                0x00001788       0xc2 ./MCAL_Layer/USART/USART_prog.o
                0x00001788                __vector_15
 .text.TIMER0_vInit
                0x0000184a       0x66 ./MCAL_Layer/TIMER/TIMER_program.o
                0x0000184a                TIMER0_vInit
 .text.TIMER1_vInit
                0x000018b0       0xfc ./MCAL_Layer/TIMER/TIMER_program.o
                0x000018b0                TIMER1_vInit
 .text.TIMER2_vInit
                0x000019ac       0x68 ./MCAL_Layer/TIMER/TIMER_program.o
                0x000019ac                TIMER2_vInit
 .text.TIMER0_vSetPreload
                0x00001a14       0x1c ./MCAL_Layer/TIMER/TIMER_program.o
                0x00001a14                TIMER0_vSetPreload
 .text.TIMER1_vSetPreload
                0x00001a30       0x24 ./MCAL_Layer/TIMER/TIMER_program.o
                0x00001a30                TIMER1_vSetPreload
 .text.TIMER2_vSetPreload
                0x00001a54       0x1c ./MCAL_Layer/TIMER/TIMER_program.o
                0x00001a54                TIMER2_vSetPreload
 .text.TIMER0_vSetCTC
                0x00001a70       0x1c ./MCAL_Layer/TIMER/TIMER_program.o
                0x00001a70                TIMER0_vSetCTC
 .text.TIMER1_vSetCTCA
                0x00001a8c       0x24 ./MCAL_Layer/TIMER/TIMER_program.o
                0x00001a8c                TIMER1_vSetCTCA
 .text.TIMER1_vSetCTCB
                0x00001ab0       0x24 ./MCAL_Layer/TIMER/TIMER_program.o
                0x00001ab0                TIMER1_vSetCTCB
 .text.TIMER2_vSetCTC
                0x00001ad4       0x1c ./MCAL_Layer/TIMER/TIMER_program.o
                0x00001ad4                TIMER2_vSetCTC
 .text.TIMER1_vSetICR1
                0x00001af0       0x24 ./MCAL_Layer/TIMER/TIMER_program.o
                0x00001af0                TIMER1_vSetICR1
 .text.TIMER0_u8GetTimerCounterValue
                0x00001b14       0x14 ./MCAL_Layer/TIMER/TIMER_program.o
                0x00001b14                TIMER0_u8GetTimerCounterValue
 .text.TIMER1_u16GetTimerCounterValue
                0x00001b28       0x16 ./MCAL_Layer/TIMER/TIMER_program.o
                0x00001b28                TIMER1_u16GetTimerCounterValue
 .text.TIMER2_u8GetTimerCounterValue
                0x00001b3e       0x14 ./MCAL_Layer/TIMER/TIMER_program.o
                0x00001b3e                TIMER2_u8GetTimerCounterValue
 .text.TIMER_vSetPWM
                0x00001b52       0x24 ./MCAL_Layer/TIMER/TIMER_program.o
                0x00001b52                TIMER_vSetPWM
 .text.Timer2_vSetPrescaler
                0x00001b76       0x32 ./MCAL_Layer/TIMER/TIMER_program.o
                0x00001b76                Timer2_vSetPrescaler
 .text.Timer0_vSetPrescaler
                0x00001ba8       0x32 ./MCAL_Layer/TIMER/TIMER_program.o
                0x00001ba8                Timer0_vSetPrescaler
 .text.TIMER_vICUInitEnable
                0x00001bda       0x2a ./MCAL_Layer/TIMER/TIMER_program.o
                0x00001bda                TIMER_vICUInitEnable
 .text.TIMER_vICUSetTriggerEdge
                0x00001c04       0x4a ./MCAL_Layer/TIMER/TIMER_program.o
                0x00001c04                TIMER_vICUSetTriggerEdge
 .text.TIMER_vICUEnableInterrupt
                0x00001c4e       0x1c ./MCAL_Layer/TIMER/TIMER_program.o
                0x00001c4e                TIMER_vICUEnableInterrupt
 .text.TIMER_vICUDisableInterrupt
                0x00001c6a       0x1c ./MCAL_Layer/TIMER/TIMER_program.o
                0x00001c6a                TIMER_vICUDisableInterrupt
 .text.TIMER_u16GetICR
                0x00001c86       0x16 ./MCAL_Layer/TIMER/TIMER_program.o
                0x00001c86                TIMER_u16GetICR
 .text.TIMER_vWDTSleep
                0x00001c9c       0x2a ./MCAL_Layer/TIMER/TIMER_program.o
                0x00001c9c                TIMER_vWDTSleep
 .text.TIMER_vWDTEnable
                0x00001cc6       0x1c ./MCAL_Layer/TIMER/TIMER_program.o
                0x00001cc6                TIMER_vWDTEnable
 .text.TIMER_vWDTDisable
                0x00001ce2       0x22 ./MCAL_Layer/TIMER/TIMER_program.o
                0x00001ce2                TIMER_vWDTDisable
 .text.TIMER_u8SetCallBack
                0x00001d04       0x4a ./MCAL_Layer/TIMER/TIMER_program.o
                0x00001d04                TIMER_u8SetCallBack
 .text.__vector_11
                0x00001d4e       0x66 ./MCAL_Layer/TIMER/TIMER_program.o
                0x00001d4e                __vector_11
 .text.__vector_10
                0x00001db4       0x66 ./MCAL_Layer/TIMER/TIMER_program.o
                0x00001db4                __vector_10
 .text.__vector_9
                0x00001e1a       0x66 ./MCAL_Layer/TIMER/TIMER_program.o
                0x00001e1a                __vector_9
 .text.__vector_8
                0x00001e80       0x66 ./MCAL_Layer/TIMER/TIMER_program.o
                0x00001e80                __vector_8
 .text.__vector_7
                0x00001ee6       0x66 ./MCAL_Layer/TIMER/TIMER_program.o
                0x00001ee6                __vector_7
 .text.__vector_6
                0x00001f4c       0x66 ./MCAL_Layer/TIMER/TIMER_program.o
                0x00001f4c                __vector_6
 .text.__vector_5
                0x00001fb2       0x66 ./MCAL_Layer/TIMER/TIMER_program.o
                0x00001fb2                __vector_5
 .text.__vector_4
                0x00002018       0x66 ./MCAL_Layer/TIMER/TIMER_program.o
                0x00002018                __vector_4
 .text.GIE_vEnable
                0x0000207e       0x1c ./MCAL_Layer/GIE/GIE_prog.o
                0x0000207e                GIE_vEnable
 .text.GIE_vDisable
                0x0000209a       0x1c ./MCAL_Layer/GIE/GIE_prog.o
                0x0000209a                GIE_vDisable
 .text.EXTI_vInit
                0x000020b6       0x2a ./MCAL_Layer/EXTI/EXTI_prog.o
                0x000020b6                EXTI_vInit
 .text.EXTI_vSetSignal
                0x000020e0      0x214 ./MCAL_Layer/EXTI/EXTI_prog.o
                0x000020e0                EXTI_vSetSignal
 .text.EXTI_vDisableInterrupt
                0x000022f4       0x5a ./MCAL_Layer/EXTI/EXTI_prog.o
                0x000022f4                EXTI_vDisableInterrupt
 .text.EXTI_vEnableInterrupt
                0x0000234e       0x58 ./MCAL_Layer/EXTI/EXTI_prog.o
                0x0000234e                EXTI_vEnableInterrupt
 .text.EXTI_vClearFlag
                0x000023a6       0x3a ./MCAL_Layer/EXTI/EXTI_prog.o
                0x000023a6                EXTI_vClearFlag
 .text.EXTI_u8GETFlag
                0x000023e0       0x4c ./MCAL_Layer/EXTI/EXTI_prog.o
                0x000023e0                EXTI_u8GETFlag
 .text.EXTI_vSetCallBack
                0x0000242c       0x72 ./MCAL_Layer/EXTI/EXTI_prog.o
                0x0000242c                EXTI_vSetCallBack
 .text.__vector_1
                0x0000249e       0x6c ./MCAL_Layer/EXTI/EXTI_prog.o
                0x0000249e                __vector_1
 .text.__vector_2
                0x0000250a       0x6c ./MCAL_Layer/EXTI/EXTI_prog.o
                0x0000250a                __vector_2
 .text.__vector_3
                0x00002576       0x6c ./MCAL_Layer/EXTI/EXTI_prog.o
                0x00002576                __vector_3
 .text.EEPROM_vWrite
                0x000025e2       0x66 ./MCAL_Layer/EEPROM/EEPROM_prog.o
                0x000025e2                EEPROM_vWrite
 .text.EEPROM_vRead
                0x00002648       0x42 ./MCAL_Layer/EEPROM/EEPROM_prog.o
                0x00002648                EEPROM_vRead
 .text.DIO_enumSetPinDir
                0x0000268a      0x21e ./MCAL_Layer/DIO/DIO_prog.o
                0x0000268a                DIO_enumSetPinDir
 .text.DIO_enumWritePinVal
                0x000028a8      0x21e ./MCAL_Layer/DIO/DIO_prog.o
                0x000028a8                DIO_enumWritePinVal
 .text.DIO_enumReadPinVal
                0x00002ac6      0x18a ./MCAL_Layer/DIO/DIO_prog.o
                0x00002ac6                DIO_enumReadPinVal
 .text.DIO_enumTogglePinVal
                0x00002c50      0x118 ./MCAL_Layer/DIO/DIO_prog.o
                0x00002c50                DIO_enumTogglePinVal
 .text.DIO_enumConnectPullUp
                0x00002d68      0x2b2 ./MCAL_Layer/DIO/DIO_prog.o
                0x00002d68                DIO_enumConnectPullUp
 .text.DIO_enumSetPortDir
                0x0000301a       0x9a ./MCAL_Layer/DIO/DIO_prog.o
                0x0000301a                DIO_enumSetPortDir
 .text.DIO_enumWritePortVal
                0x000030b4       0x9a ./MCAL_Layer/DIO/DIO_prog.o
                0x000030b4                DIO_enumWritePortVal
 .text.DIO_enumReadPorVal
                0x0000314e       0xbe ./MCAL_Layer/DIO/DIO_prog.o
                0x0000314e                DIO_enumReadPorVal
 .text.DIO_enumTogglePortValue
                0x0000320c       0xaa ./MCAL_Layer/DIO/DIO_prog.o
                0x0000320c                DIO_enumTogglePortValue
 .text.DIO_vWriteLowNibble
                0x000032b6       0xf6 ./MCAL_Layer/DIO/DIO_prog.o
                0x000032b6                DIO_vWriteLowNibble
 .text.DIO_vWriteHighNibble
                0x000033ac       0xf8 ./MCAL_Layer/DIO/DIO_prog.o
                0x000033ac                DIO_vWriteHighNibble
 .text.DIO_vSetLowNibbleDir
                0x000034a4       0xf6 ./MCAL_Layer/DIO/DIO_prog.o
                0x000034a4                DIO_vSetLowNibbleDir
 .text.DIO_vSetHighNibbleDir
                0x0000359a       0xf8 ./MCAL_Layer/DIO/DIO_prog.o
                0x0000359a                DIO_vSetHighNibbleDir
 .text.ADC_vInit
                0x00003692       0x7e ./MCAL_Layer/ADC/ADC_prog.o
                0x00003692                ADC_vInit
 .text.ADC_vEnable
                0x00003710       0x1c ./MCAL_Layer/ADC/ADC_prog.o
                0x00003710                ADC_vEnable
 .text.ADC_vDisable
                0x0000372c       0x1c ./MCAL_Layer/ADC/ADC_prog.o
                0x0000372c                ADC_vDisable
 .text.ADC_vInterruptEnable
                0x00003748       0x1c ./MCAL_Layer/ADC/ADC_prog.o
                0x00003748                ADC_vInterruptEnable
 .text.ADC_vInterruptDisable
                0x00003764       0x1c ./MCAL_Layer/ADC/ADC_prog.o
                0x00003764                ADC_vInterruptDisable
 .text.ADC_u8VoltageReference
                0x00003780       0x66 ./MCAL_Layer/ADC/ADC_prog.o
                0x00003780                ADC_u8VoltageReference
 .text.ADC_u8SetPrescaler
                0x000037e6       0x42 ./MCAL_Layer/ADC/ADC_prog.o
                0x000037e6                ADC_u8SetPrescaler
 .text.ADC_u8SetAdjustment
                0x00003828       0x4a ./MCAL_Layer/ADC/ADC_prog.o
                0x00003828                ADC_u8SetAdjustment
 .text.ADC_u8SetTriggerSource
                0x00003872       0x64 ./MCAL_Layer/ADC/ADC_prog.o
                0x00003872                ADC_u8SetTriggerSource
 .text.ADC_u8GetResultSync
                0x000038d6      0x136 ./MCAL_Layer/ADC/ADC_prog.o
                0x000038d6                ADC_u8GetResultSync
 .text.ADC_u8StartConversionAsynch
                0x00003a0c       0xb4 ./MCAL_Layer/ADC/ADC_prog.o
                0x00003a0c                ADC_u8StartConversionAsynch
 .text.ADC_u8StartChainAsynch
                0x00003ac0      0x120 ./MCAL_Layer/ADC/ADC_prog.o
                0x00003ac0                ADC_u8StartChainAsynch
 .text.__vector_16
                0x00003be0      0x176 ./MCAL_Layer/ADC/ADC_prog.o
                0x00003be0                __vector_16
 .text.SM_vInit
                0x00003d56       0x18 ./HAL_Layer/SERVO_MOTOR/Servo_Motor_prog.o
                0x00003d56                SM_vInit
 .text.SM_vTimer1Degree
                0x00003d6e       0xb2 ./HAL_Layer/SERVO_MOTOR/Servo_Motor_prog.o
                0x00003d6e                SM_vTimer1Degree
 .text.LM35_u8GetTemp
                0x00003e20      0x104 ./HAL_Layer/LM35/LM35_prog.o
                0x00003e20                LM35_u8GetTemp
 .text.LM35_u8GetAnalogSignal
                0x00003f24       0xf6 ./HAL_Layer/LM35/LM35_prog.o
                0x00003f24                LM35_u8GetAnalogSignal
 .text.LED_vInit
                0x0000401a       0x2a ./HAL_Layer/LED/LED_prog.o
                0x0000401a                LED_vInit
 .text.LED_vTurnOn
                0x00004044       0x44 ./HAL_Layer/LED/LED_prog.o
                0x00004044                LED_vTurnOn
 .text.LED_vTurnOff
                0x00004088       0x44 ./HAL_Layer/LED/LED_prog.o
                0x00004088                LED_vTurnOff
 .text.LED_vTog
                0x000040cc       0x28 ./HAL_Layer/LED/LED_prog.o
                0x000040cc                LED_vTog
 .text.LDR_u8GetLightPres
                0x000040f4       0xfa ./HAL_Layer/LDR/LDR_prog.o
                0x000040f4                LDR_u8GetLightPres
 .text.KPD_vInit
                0x000041ee       0x46 ./HAL_Layer/KPD/KPD_prog.o
                0x000041ee                KPD_vInit
 .text.KPD_u8GetPressed
                0x00004234      0x1cc ./HAL_Layer/KPD/KPD_prog.o
                0x00004234                KPD_u8GetPressed
 .text.CLCD_vInit
                0x00004400      0x52e ./HAL_Layer/CLCD/CLCD_prog.o
                0x00004400                CLCD_vInit
 .text.CLCD_vSendData
                0x0000492e       0x48 ./HAL_Layer/CLCD/CLCD_prog.o
                0x0000492e                CLCD_vSendData
 .text.CLCD_vSendCommand
                0x00004976       0x48 ./HAL_Layer/CLCD/CLCD_prog.o
                0x00004976                CLCD_vSendCommand
 .text.CLCD_vSendFallingEdge
                0x000049be      0x202 ./HAL_Layer/CLCD/CLCD_prog.o
 .text.CLCD_vClearScreen
                0x00004bc0      0x110 ./HAL_Layer/CLCD/CLCD_prog.o
                0x00004bc0                CLCD_vClearScreen
 .text.CLCD_vSendString
                0x00004cd0       0x52 ./HAL_Layer/CLCD/CLCD_prog.o
                0x00004cd0                CLCD_vSendString
 .text.CLCD_vSendIntNumber
                0x00004d22      0x170 ./HAL_Layer/CLCD/CLCD_prog.o
                0x00004d22                CLCD_vSendIntNumber
 .text.CLCD_vSendFloatNumber
                0x00004e92      0x126 ./HAL_Layer/CLCD/CLCD_prog.o
                0x00004e92                CLCD_vSendFloatNumber
 .text.CLCD_vSetPosition
                0x00004fb8      0x168 ./HAL_Layer/CLCD/CLCD_prog.o
                0x00004fb8                CLCD_vSetPosition
 .text.CLCD_vSendExtraChar
                0x00005120       0x64 ./HAL_Layer/CLCD/CLCD_prog.o
                0x00005120                CLCD_vSendExtraChar
 .text.CLCD_voidShiftDisplayRight
                0x00005184      0x110 ./HAL_Layer/CLCD/CLCD_prog.o
                0x00005184                CLCD_voidShiftDisplayRight
 .text.CLCD_voidShiftDisplayLeft
                0x00005294      0x110 ./HAL_Layer/CLCD/CLCD_prog.o
                0x00005294                CLCD_voidShiftDisplayLeft
 .text.EEPROM_vInit
                0x000053a4      0x2a0 ./APP_Layer/SECURITY/SECURITY_prog.o
                0x000053a4                EEPROM_vInit
 .text.UserName_Set
                0x00005644      0x2a2 ./APP_Layer/SECURITY/SECURITY_prog.o
                0x00005644                UserName_Set
 .text.PassWord_Set
                0x000058e6      0x254 ./APP_Layer/SECURITY/SECURITY_prog.o
                0x000058e6                PassWord_Set
 .text.UserName_Check
                0x00005b3a      0x18c ./APP_Layer/SECURITY/SECURITY_prog.o
                0x00005b3a                UserName_Check
 .text.PassWord_Check
                0x00005cc6      0x18e ./APP_Layer/SECURITY/SECURITY_prog.o
                0x00005cc6                PassWord_Check
 .text.Sign_In  0x00005e54      0x38c ./APP_Layer/SECURITY/SECURITY_prog.o
                0x00005e54                Sign_In
 .text.Error_TimeOut
                0x000061e0      0x148 ./APP_Layer/SECURITY/SECURITY_prog.o
                0x000061e0                Error_TimeOut
 .text.Clear_Char
                0x00006328       0x20 ./APP_Layer/SECURITY/SECURITY_prog.o
                0x00006328                Clear_Char
 .text.main     0x00006348      0x218 ./APP_Layer/Smart_Room.o
                0x00006348                main
 .text.ShowMainMenu
                0x00006560      0x18e ./APP_Layer/Smart_Room.o
                0x00006560                ShowMainMenu
 .text.ControlLamp1
                0x000066ee       0xe4 ./APP_Layer/Smart_Room.o
                0x000066ee                ControlLamp1
 .text.FanControlMenu
                0x000067d2      0x11c ./APP_Layer/Smart_Room.o
                0x000067d2                FanControlMenu
 .text.TIMER2_OVF_ISR
                0x000068ee      0x154 ./APP_Layer/Smart_Room.o
                0x000068ee                TIMER2_OVF_ISR
 .text.EXTI0_ISR
                0x00006a42       0xde ./APP_Layer/Smart_Room.o
                0x00006a42                EXTI0_ISR
 .text.libgcc   0x00006b20       0x3e c:/winavr-20100110/bin/../lib/gcc/avr/4.3.3/avr5\libgcc.a(_mulsi3.o)
                0x00006b20                __mulsi3
 .text.libgcc   0x00006b5e       0x28 c:/winavr-20100110/bin/../lib/gcc/avr/4.3.3/avr5\libgcc.a(_udivmodhi4.o)
                0x00006b5e                __udivmodhi4
 .text.libgcc   0x00006b86       0x44 c:/winavr-20100110/bin/../lib/gcc/avr/4.3.3/avr5\libgcc.a(_udivmodsi4.o)
                0x00006b86                __udivmodsi4
 .text.libgcc   0x00006bca       0x36 c:/winavr-20100110/bin/../lib/gcc/avr/4.3.3/avr5\libgcc.a(_divmodsi4.o)
                0x00006bca                __divmodsi4
 .text.libgcc   0x00006c00        0x0 c:/winavr-20100110/bin/../lib/gcc/avr/4.3.3/avr5\libgcc.a(_exit.o)
 .text.libgcc   0x00006c00        0x0 c:/winavr-20100110/bin/../lib/gcc/avr/4.3.3/avr5\libgcc.a(_copy_data.o)
 .text.libgcc   0x00006c00        0x0 c:/winavr-20100110/bin/../lib/gcc/avr/4.3.3/avr5\libgcc.a(_clear_bss.o)
 .text.libgcc   0x00006c00       0x38 c:/winavr-20100110/bin/../lib/gcc/avr/4.3.3/avr5\libgcc.a(_prologue.o)
                0x00006c00                __prologue_saves__
 .text.libgcc   0x00006c38       0x36 c:/winavr-20100110/bin/../lib/gcc/avr/4.3.3/avr5\libgcc.a(_epilogue.o)
                0x00006c38                __epilogue_restores__
                0x00006c6e                . = ALIGN (0x2)
 *(.fini9)
 .fini9         0x00006c6e        0x0 c:/winavr-20100110/bin/../lib/gcc/avr/4.3.3/avr5\libgcc.a(_exit.o)
                0x00006c6e                exit
                0x00006c6e                _exit
 *(.fini9)
 *(.fini8)
 *(.fini8)
 *(.fini7)
 *(.fini7)
 *(.fini6)
 *(.fini6)
 *(.fini5)
 *(.fini5)
 *(.fini4)
 *(.fini4)
 *(.fini3)
 *(.fini3)
 *(.fini2)
 *(.fini2)
 *(.fini1)
 *(.fini1)
 *(.fini0)
 .fini0         0x00006c6e        0x4 c:/winavr-20100110/bin/../lib/gcc/avr/4.3.3/avr5\libgcc.a(_exit.o)
 *(.fini0)
                0x00006c72                _etext = .

.data           0x00800060      0x31e load address 0x00006c72
                0x00800060                PROVIDE (__data_start, .)
 *(.data)
 .data          0x00800060        0x0 c:/winavr-20100110/bin/../lib/gcc/avr/4.3.3/../../../../avr/lib/avr5/crtm32.o
 .data          0x00800060        0x0 ./MCAL_Layer/USART/USART_prog.o
 .data          0x00800060        0x0 ./MCAL_Layer/TIMER/TIMER_program.o
 .data          0x00800060        0x0 ./MCAL_Layer/GIE/GIE_prog.o
 .data          0x00800060        0x0 ./MCAL_Layer/EXTI/EXTI_prog.o
 .data          0x00800060        0x0 ./MCAL_Layer/EEPROM/EEPROM_prog.o
 .data          0x00800060        0x0 ./MCAL_Layer/DIO/DIO_prog.o
 .data          0x00800060        0x0 ./MCAL_Layer/ADC/ADC_prog.o
 .data          0x00800060        0x0 ./HAL_Layer/SERVO_MOTOR/Servo_Motor_prog.o
 .data          0x00800060        0x0 ./HAL_Layer/LM35/LM35_prog.o
 .data          0x00800060        0x0 ./HAL_Layer/LED/LED_prog.o
 .data          0x00800060        0x0 ./HAL_Layer/LDR/LDR_prog.o
 .data          0x00800060        0x0 ./HAL_Layer/KPD/KPD_prog.o
 .data          0x00800060        0x0 ./HAL_Layer/CLCD/CLCD_prog.o
 .data          0x00800060      0x108 ./APP_Layer/SECURITY/SECURITY_prog.o
 .data          0x00800168       0xdb ./APP_Layer/Smart_Room.o
 .data          0x00800243        0x0 c:/winavr-20100110/bin/../lib/gcc/avr/4.3.3/avr5\libgcc.a(_mulsi3.o)
 .data          0x00800243        0x0 c:/winavr-20100110/bin/../lib/gcc/avr/4.3.3/avr5\libgcc.a(_udivmodhi4.o)
 .data          0x00800243        0x0 c:/winavr-20100110/bin/../lib/gcc/avr/4.3.3/avr5\libgcc.a(_udivmodsi4.o)
 .data          0x00800243        0x0 c:/winavr-20100110/bin/../lib/gcc/avr/4.3.3/avr5\libgcc.a(_divmodsi4.o)
 .data          0x00800243        0x0 c:/winavr-20100110/bin/../lib/gcc/avr/4.3.3/avr5\libgcc.a(_exit.o)
 .data          0x00800243        0x0 c:/winavr-20100110/bin/../lib/gcc/avr/4.3.3/avr5\libgcc.a(_copy_data.o)
 .data          0x00800243        0x0 c:/winavr-20100110/bin/../lib/gcc/avr/4.3.3/avr5\libgcc.a(_clear_bss.o)
 .data          0x00800243        0x0 c:/winavr-20100110/bin/../lib/gcc/avr/4.3.3/avr5\libgcc.a(_fixunssfsi.o)
 .data          0x00800243        0x0 c:/winavr-20100110/bin/../lib/gcc/avr/4.3.3/avr5\libgcc.a(_fixsfdi.o)
 .data          0x00800243        0x0 c:/winavr-20100110/bin/../lib/gcc/avr/4.3.3/avr5\libgcc.a(_fixunssfdi.o)
 .data          0x00800243        0x0 c:/winavr-20100110/bin/../lib/gcc/avr/4.3.3/avr5\libgcc.a(_addsub_sf.o)
 .data          0x00800243        0x0 c:/winavr-20100110/bin/../lib/gcc/avr/4.3.3/avr5\libgcc.a(_mul_sf.o)
 .data          0x00800243        0x0 c:/winavr-20100110/bin/../lib/gcc/avr/4.3.3/avr5\libgcc.a(_div_sf.o)
 .data          0x00800243        0x0 c:/winavr-20100110/bin/../lib/gcc/avr/4.3.3/avr5\libgcc.a(_gt_sf.o)
 .data          0x00800243        0x0 c:/winavr-20100110/bin/../lib/gcc/avr/4.3.3/avr5\libgcc.a(_ge_sf.o)
 .data          0x00800243        0x0 c:/winavr-20100110/bin/../lib/gcc/avr/4.3.3/avr5\libgcc.a(_lt_sf.o)
 .data          0x00800243        0x0 c:/winavr-20100110/bin/../lib/gcc/avr/4.3.3/avr5\libgcc.a(_si_to_sf.o)
 .data          0x00800243        0x0 c:/winavr-20100110/bin/../lib/gcc/avr/4.3.3/avr5\libgcc.a(_sf_to_si.o)
 .data          0x00800243        0x8 c:/winavr-20100110/bin/../lib/gcc/avr/4.3.3/avr5\libgcc.a(_thenan_sf.o)
                0x00800243                __thenan_sf
 .data          0x0080024b        0x0 c:/winavr-20100110/bin/../lib/gcc/avr/4.3.3/avr5\libgcc.a(_usi_to_sf.o)
 .data          0x0080024b        0x0 c:/winavr-20100110/bin/../lib/gcc/avr/4.3.3/avr5\libgcc.a(_prologue.o)
 .data          0x0080024b        0x0 c:/winavr-20100110/bin/../lib/gcc/avr/4.3.3/avr5\libgcc.a(_epilogue.o)
 .data          0x0080024b        0x0 c:/winavr-20100110/bin/../lib/gcc/avr/4.3.3/avr5\libgcc.a(_ashldi3.o)
 .data          0x0080024b        0x0 c:/winavr-20100110/bin/../lib/gcc/avr/4.3.3/avr5\libgcc.a(_clzsi2.o)
 .data          0x0080024b        0x0 c:/winavr-20100110/bin/../lib/gcc/avr/4.3.3/avr5\libgcc.a(_pack_sf.o)
 .data          0x0080024b        0x0 c:/winavr-20100110/bin/../lib/gcc/avr/4.3.3/avr5\libgcc.a(_unpack_sf.o)
 .data          0x0080024b        0x0 c:/winavr-20100110/bin/../lib/gcc/avr/4.3.3/avr5\libgcc.a(_fpcmp_parts_sf.o)
 .data          0x0080024b      0x100 c:/winavr-20100110/bin/../lib/gcc/avr/4.3.3/avr5\libgcc.a(_clz.o)
                0x0080024b                __clz_tab
 *(.data*)
 .data.KPD_u8Buttons
                0x0080034b       0x10 ./HAL_Layer/KPD/KPD_prog.o
                0x0080034b                KPD_u8Buttons
 .data.CLCD_u8ExtraChar
                0x0080035b        0x8 ./HAL_Layer/CLCD/CLCD_prog.o
                0x0080035b                CLCD_u8ExtraChar
 .data.Tries    0x00800363        0x1 ./APP_Layer/SECURITY/SECURITY_prog.o
                0x00800363                Tries
 .data.UserName_Check_Flag
                0x00800364        0x1 ./APP_Layer/SECURITY/SECURITY_prog.o
                0x00800364                UserName_Check_Flag
 .data.PassWord_Check_Flag
                0x00800365        0x1 ./APP_Layer/SECURITY/SECURITY_prog.o
                0x00800365                PassWord_Check_Flag
 .data.Error_State
                0x00800366        0x1 ./APP_Layer/SECURITY/SECURITY_prog.o
                0x00800366                Error_State
 .data.temperatureSensor
                0x00800367        0x3 ./APP_Layer/Smart_Room.o
                0x00800367                temperatureSensor
 .data.lightSensor1
                0x0080036a        0x3 ./APP_Layer/Smart_Room.o
                0x0080036a                lightSensor1
 .data.lightSensor2
                0x0080036d        0x3 ./APP_Layer/Smart_Room.o
                0x0080036d                lightSensor2
 .data.lightSensor3
                0x00800370        0x3 ./APP_Layer/Smart_Room.o
                0x00800370                lightSensor3
 .data.roomLamp1
                0x00800373        0x3 ./APP_Layer/Smart_Room.o
                0x00800373                roomLamp1
 .data.roomLamp2
                0x00800376        0x3 ./APP_Layer/Smart_Room.o
                0x00800376                roomLamp2
 .data.roomLamp3
                0x00800379        0x3 ./APP_Layer/Smart_Room.o
                0x00800379                roomLamp3
 .data.systemFlags
                0x0080037c        0x2 ./APP_Layer/Smart_Room.o
                0x0080037c                systemFlags
 *(.rodata)
 *(.rodata*)
 *(.gnu.linkonce.d*)
                0x0080037e                . = ALIGN (0x2)
                0x0080037e                _edata = .
                0x0080037e                PROVIDE (__data_end, .)

.bss            0x0080037e       0x5e
                0x0080037e                PROVIDE (__bss_start, .)
 *(.bss)
 .bss           0x0080037e        0x0 c:/winavr-20100110/bin/../lib/gcc/avr/4.3.3/../../../../avr/lib/avr5/crtm32.o
 .bss           0x0080037e        0x0 ./MCAL_Layer/USART/USART_prog.o
 .bss           0x0080037e        0x0 ./MCAL_Layer/TIMER/TIMER_program.o
 .bss           0x0080037e        0x0 ./MCAL_Layer/GIE/GIE_prog.o
 .bss           0x0080037e        0x0 ./MCAL_Layer/EXTI/EXTI_prog.o
 .bss           0x0080037e        0x0 ./MCAL_Layer/EEPROM/EEPROM_prog.o
 .bss           0x0080037e        0x0 ./MCAL_Layer/DIO/DIO_prog.o
 .bss           0x0080037e        0x0 ./MCAL_Layer/ADC/ADC_prog.o
 .bss           0x0080037e        0x0 ./HAL_Layer/SERVO_MOTOR/Servo_Motor_prog.o
 .bss           0x0080037e        0x0 ./HAL_Layer/LM35/LM35_prog.o
 .bss           0x0080037e        0x0 ./HAL_Layer/LED/LED_prog.o
 .bss           0x0080037e        0x0 ./HAL_Layer/LDR/LDR_prog.o
 .bss           0x0080037e        0x0 ./HAL_Layer/KPD/KPD_prog.o
 .bss           0x0080037e        0x0 ./HAL_Layer/CLCD/CLCD_prog.o
 .bss           0x0080037e        0x0 ./APP_Layer/SECURITY/SECURITY_prog.o
 .bss           0x0080037e        0x0 ./APP_Layer/Smart_Room.o
 .bss           0x0080037e        0x0 c:/winavr-20100110/bin/../lib/gcc/avr/4.3.3/avr5\libgcc.a(_mulsi3.o)
 .bss           0x0080037e        0x0 c:/winavr-20100110/bin/../lib/gcc/avr/4.3.3/avr5\libgcc.a(_udivmodhi4.o)
 .bss           0x0080037e        0x0 c:/winavr-20100110/bin/../lib/gcc/avr/4.3.3/avr5\libgcc.a(_udivmodsi4.o)
 .bss           0x0080037e        0x0 c:/winavr-20100110/bin/../lib/gcc/avr/4.3.3/avr5\libgcc.a(_divmodsi4.o)
 .bss           0x0080037e        0x0 c:/winavr-20100110/bin/../lib/gcc/avr/4.3.3/avr5\libgcc.a(_exit.o)
 .bss           0x0080037e        0x0 c:/winavr-20100110/bin/../lib/gcc/avr/4.3.3/avr5\libgcc.a(_copy_data.o)
 .bss           0x0080037e        0x0 c:/winavr-20100110/bin/../lib/gcc/avr/4.3.3/avr5\libgcc.a(_clear_bss.o)
 .bss           0x0080037e        0x0 c:/winavr-20100110/bin/../lib/gcc/avr/4.3.3/avr5\libgcc.a(_fixunssfsi.o)
 .bss           0x0080037e        0x0 c:/winavr-20100110/bin/../lib/gcc/avr/4.3.3/avr5\libgcc.a(_fixsfdi.o)
 .bss           0x0080037e        0x0 c:/winavr-20100110/bin/../lib/gcc/avr/4.3.3/avr5\libgcc.a(_fixunssfdi.o)
 .bss           0x0080037e        0x0 c:/winavr-20100110/bin/../lib/gcc/avr/4.3.3/avr5\libgcc.a(_addsub_sf.o)
 .bss           0x0080037e        0x0 c:/winavr-20100110/bin/../lib/gcc/avr/4.3.3/avr5\libgcc.a(_mul_sf.o)
 .bss           0x0080037e        0x0 c:/winavr-20100110/bin/../lib/gcc/avr/4.3.3/avr5\libgcc.a(_div_sf.o)
 .bss           0x0080037e        0x0 c:/winavr-20100110/bin/../lib/gcc/avr/4.3.3/avr5\libgcc.a(_gt_sf.o)
 .bss           0x0080037e        0x0 c:/winavr-20100110/bin/../lib/gcc/avr/4.3.3/avr5\libgcc.a(_ge_sf.o)
 .bss           0x0080037e        0x0 c:/winavr-20100110/bin/../lib/gcc/avr/4.3.3/avr5\libgcc.a(_lt_sf.o)
 .bss           0x0080037e        0x0 c:/winavr-20100110/bin/../lib/gcc/avr/4.3.3/avr5\libgcc.a(_si_to_sf.o)
 .bss           0x0080037e        0x0 c:/winavr-20100110/bin/../lib/gcc/avr/4.3.3/avr5\libgcc.a(_sf_to_si.o)
 .bss           0x0080037e        0x0 c:/winavr-20100110/bin/../lib/gcc/avr/4.3.3/avr5\libgcc.a(_thenan_sf.o)
 .bss           0x0080037e        0x0 c:/winavr-20100110/bin/../lib/gcc/avr/4.3.3/avr5\libgcc.a(_usi_to_sf.o)
 .bss           0x0080037e        0x0 c:/winavr-20100110/bin/../lib/gcc/avr/4.3.3/avr5\libgcc.a(_prologue.o)
 .bss           0x0080037e        0x0 c:/winavr-20100110/bin/../lib/gcc/avr/4.3.3/avr5\libgcc.a(_epilogue.o)
 .bss           0x0080037e        0x0 c:/winavr-20100110/bin/../lib/gcc/avr/4.3.3/avr5\libgcc.a(_ashldi3.o)
 .bss           0x0080037e        0x0 c:/winavr-20100110/bin/../lib/gcc/avr/4.3.3/avr5\libgcc.a(_clzsi2.o)
 .bss           0x0080037e        0x0 c:/winavr-20100110/bin/../lib/gcc/avr/4.3.3/avr5\libgcc.a(_pack_sf.o)
 .bss           0x0080037e        0x0 c:/winavr-20100110/bin/../lib/gcc/avr/4.3.3/avr5\libgcc.a(_unpack_sf.o)
 .bss           0x0080037e        0x0 c:/winavr-20100110/bin/../lib/gcc/avr/4.3.3/avr5\libgcc.a(_fpcmp_parts_sf.o)
 .bss           0x0080037e        0x0 c:/winavr-20100110/bin/../lib/gcc/avr/4.3.3/avr5\libgcc.a(_clz.o)
 *(.bss*)
 .bss.USART_pu8SendData
                0x0080037e        0x2 ./MCAL_Layer/USART/USART_prog.o
 .bss.USART_pu8ReceiveData
                0x00800380        0x2 ./MCAL_Layer/USART/USART_prog.o
 .bss.USART_pvNotificationFunc
                0x00800382        0x2 ./MCAL_Layer/USART/USART_prog.o
 .bss.USART_u8State
                0x00800384        0x1 ./MCAL_Layer/USART/USART_prog.o
 .bss.USART_u8BufferSize
                0x00800385        0x1 ./MCAL_Layer/USART/USART_prog.o
 .bss.USART_u8Index
                0x00800386        0x1 ./MCAL_Layer/USART/USART_prog.o
 .bss.TIMERS_pvCallBackFunc
                0x00800387       0x10 ./MCAL_Layer/TIMER/TIMER_program.o
 .bss.EXTI_CallBack
                0x00800397        0x6 ./MCAL_Layer/EXTI/EXTI_prog.o
                0x00800397                EXTI_CallBack
 .bss.ADC_pu16AsynchConversionResult
                0x0080039d        0x2 ./MCAL_Layer/ADC/ADC_prog.o
 .bss.ADC_pvNotificationFunc
                0x0080039f        0x2 ./MCAL_Layer/ADC/ADC_prog.o
 .bss.ADC_u8State
                0x008003a1        0x1 ./MCAL_Layer/ADC/ADC_prog.o
 .bss.ADC_u8ISRState
                0x008003a2        0x1 ./MCAL_Layer/ADC/ADC_prog.o
 .bss.ADC_pu8ChainChannel
                0x008003a3        0x2 ./MCAL_Layer/ADC/ADC_prog.o
 .bss.ADC_u8ChainSize
                0x008003a5        0x1 ./MCAL_Layer/ADC/ADC_prog.o
 .bss.ADC_u8Index
                0x008003a6        0x1 ./MCAL_Layer/ADC/ADC_prog.o
 .bss.UserName_Length
                0x008003a7        0x1 ./APP_Layer/SECURITY/SECURITY_prog.o
                0x008003a7                UserName_Length
 .bss.PassWord_Length
                0x008003a8        0x1 ./APP_Layer/SECURITY/SECURITY_prog.o
                0x008003a8                PassWord_Length
 .bss.inactivityCounter
                0x008003a9        0x1 ./APP_Layer/Smart_Room.o
                0x008003a9                inactivityCounter
 .bss.fanPrescalerFlag
                0x008003aa        0x1 ./APP_Layer/Smart_Room.o
                0x008003aa                fanPrescalerFlag
 .bss.secondCounter
                0x008003ab        0x1 ./APP_Layer/Smart_Room.o
                0x008003ab                secondCounter
 .bss.savedFanSpeed
                0x008003ac        0x1 ./APP_Layer/Smart_Room.o
                0x008003ac                savedFanSpeed
 *(COMMON)
 COMMON         0x008003ad       0x2a ./APP_Layer/SECURITY/SECURITY_prog.o
                0x008003ad                Check
                0x008003c2                KPD_Press
                0x008003c3                UserName
 COMMON         0x008003d7        0x5 ./APP_Layer/Smart_Room.o
                0x008003d7                processedTemperature
                0x008003d8                lightLevel
                0x008003d9                userInput
                0x008003da                rawTemperature
                0x008003db                systemStatus
                0x008003dc                PROVIDE (__bss_end, .)
                0x00006c72                __data_load_start = LOADADDR (.data)
                0x00006f90                __data_load_end = (__data_load_start + SIZEOF (.data))

.noinit         0x008003dc        0x0
                0x008003dc                PROVIDE (__noinit_start, .)
 *(.noinit*)
                0x008003dc                PROVIDE (__noinit_end, .)
                0x008003dc                _end = .
                0x008003dc                PROVIDE (__heap_start, .)

.eeprom         0x00810000        0x0
 *(.eeprom*)
                0x00810000                __eeprom_end = .

.fuse
 *(.fuse)
 *(.lfuse)
 *(.hfuse)
 *(.efuse)

.lock
 *(.lock*)

.signature
 *(.signature*)

.stab           0x00000000     0x783c
 *(.stab)
 .stab          0x00000000      0xb7c ./MCAL_Layer/USART/USART_prog.o
 .stab          0x00000b7c      0xb34 ./MCAL_Layer/TIMER/TIMER_program.o
                                0xb40 (size before relaxing)
 .stab          0x000016b0      0x1c8 ./MCAL_Layer/GIE/GIE_prog.o
                                0x1d4 (size before relaxing)
 .stab          0x00001878      0x5f4 ./MCAL_Layer/EXTI/EXTI_prog.o
                                0x600 (size before relaxing)
 .stab          0x00001e6c      0x240 ./MCAL_Layer/EEPROM/EEPROM_prog.o
                                0x24c (size before relaxing)
 .stab          0x000020ac      0xeb8 ./MCAL_Layer/DIO/DIO_prog.o
                                0xec4 (size before relaxing)
 .stab          0x00002f64      0xa44 ./MCAL_Layer/ADC/ADC_prog.o
                                0xa50 (size before relaxing)
 .stab          0x000039a8      0x24c ./HAL_Layer/SERVO_MOTOR/Servo_Motor_prog.o
                                0x258 (size before relaxing)
 .stab          0x00003bf4      0x3a8 ./HAL_Layer/LM35/LM35_prog.o
                                0x3b4 (size before relaxing)
 .stab          0x00003f9c      0x2f4 ./HAL_Layer/LED/LED_prog.o
                                0x300 (size before relaxing)
 .stab          0x00004290      0x2ac ./HAL_Layer/LDR/LDR_prog.o
                                0x2b8 (size before relaxing)
 .stab          0x0000453c      0x414 ./HAL_Layer/KPD/KPD_prog.o
                                0x5ac (size before relaxing)
 .stab          0x00004950      0xfa8 ./HAL_Layer/CLCD/CLCD_prog.o
                               0x1140 (size before relaxing)
 .stab          0x000058f8     0x141c ./APP_Layer/SECURITY/SECURITY_prog.o
                               0x15b4 (size before relaxing)
 .stab          0x00006d14      0xb28 ./APP_Layer/Smart_Room.o
                                0xcc0 (size before relaxing)

.stabstr        0x00000000     0x2c1b
 *(.stabstr)
 .stabstr       0x00000000     0x2c1b ./MCAL_Layer/USART/USART_prog.o

.stab.excl
 *(.stab.excl)

.stab.exclstr
 *(.stab.exclstr)

.stab.index
 *(.stab.index)

.stab.indexstr
 *(.stab.indexstr)

.comment
 *(.comment)

.debug
 *(.debug)

.line
 *(.line)

.debug_srcinfo
 *(.debug_srcinfo)

.debug_sfnames
 *(.debug_sfnames)

.debug_aranges  0x00000000      0x220
 *(.debug_aranges)
 .debug_aranges
                0x00000000       0x20 c:/winavr-20100110/bin/../lib/gcc/avr/4.3.3/avr5\libgcc.a(_fixunssfsi.o)
 .debug_aranges
                0x00000020       0x20 c:/winavr-20100110/bin/../lib/gcc/avr/4.3.3/avr5\libgcc.a(_fixsfdi.o)
 .debug_aranges
                0x00000040       0x20 c:/winavr-20100110/bin/../lib/gcc/avr/4.3.3/avr5\libgcc.a(_fixunssfdi.o)
 .debug_aranges
                0x00000060       0x20 c:/winavr-20100110/bin/../lib/gcc/avr/4.3.3/avr5\libgcc.a(_addsub_sf.o)
 .debug_aranges
                0x00000080       0x20 c:/winavr-20100110/bin/../lib/gcc/avr/4.3.3/avr5\libgcc.a(_mul_sf.o)
 .debug_aranges
                0x000000a0       0x20 c:/winavr-20100110/bin/../lib/gcc/avr/4.3.3/avr5\libgcc.a(_div_sf.o)
 .debug_aranges
                0x000000c0       0x20 c:/winavr-20100110/bin/../lib/gcc/avr/4.3.3/avr5\libgcc.a(_gt_sf.o)
 .debug_aranges
                0x000000e0       0x20 c:/winavr-20100110/bin/../lib/gcc/avr/4.3.3/avr5\libgcc.a(_ge_sf.o)
 .debug_aranges
                0x00000100       0x20 c:/winavr-20100110/bin/../lib/gcc/avr/4.3.3/avr5\libgcc.a(_lt_sf.o)
 .debug_aranges
                0x00000120       0x20 c:/winavr-20100110/bin/../lib/gcc/avr/4.3.3/avr5\libgcc.a(_si_to_sf.o)
 .debug_aranges
                0x00000140       0x20 c:/winavr-20100110/bin/../lib/gcc/avr/4.3.3/avr5\libgcc.a(_sf_to_si.o)
 .debug_aranges
                0x00000160       0x20 c:/winavr-20100110/bin/../lib/gcc/avr/4.3.3/avr5\libgcc.a(_usi_to_sf.o)
 .debug_aranges
                0x00000180       0x20 c:/winavr-20100110/bin/../lib/gcc/avr/4.3.3/avr5\libgcc.a(_ashldi3.o)
 .debug_aranges
                0x000001a0       0x20 c:/winavr-20100110/bin/../lib/gcc/avr/4.3.3/avr5\libgcc.a(_clzsi2.o)
 .debug_aranges
                0x000001c0       0x20 c:/winavr-20100110/bin/../lib/gcc/avr/4.3.3/avr5\libgcc.a(_pack_sf.o)
 .debug_aranges
                0x000001e0       0x20 c:/winavr-20100110/bin/../lib/gcc/avr/4.3.3/avr5\libgcc.a(_unpack_sf.o)
 .debug_aranges
                0x00000200       0x20 c:/winavr-20100110/bin/../lib/gcc/avr/4.3.3/avr5\libgcc.a(_fpcmp_parts_sf.o)

.debug_pubnames
                0x00000000      0x277
 *(.debug_pubnames)
 .debug_pubnames
                0x00000000       0x23 c:/winavr-20100110/bin/../lib/gcc/avr/4.3.3/avr5\libgcc.a(_fixunssfsi.o)
 .debug_pubnames
                0x00000023       0x20 c:/winavr-20100110/bin/../lib/gcc/avr/4.3.3/avr5\libgcc.a(_fixsfdi.o)
 .debug_pubnames
                0x00000043       0x23 c:/winavr-20100110/bin/../lib/gcc/avr/4.3.3/avr5\libgcc.a(_fixunssfdi.o)
 .debug_pubnames
                0x00000066       0x2c c:/winavr-20100110/bin/../lib/gcc/avr/4.3.3/avr5\libgcc.a(_addsub_sf.o)
 .debug_pubnames
                0x00000092       0x1f c:/winavr-20100110/bin/../lib/gcc/avr/4.3.3/avr5\libgcc.a(_mul_sf.o)
 .debug_pubnames
                0x000000b1       0x1f c:/winavr-20100110/bin/../lib/gcc/avr/4.3.3/avr5\libgcc.a(_div_sf.o)
 .debug_pubnames
                0x000000d0       0x1e c:/winavr-20100110/bin/../lib/gcc/avr/4.3.3/avr5\libgcc.a(_gt_sf.o)
 .debug_pubnames
                0x000000ee       0x1e c:/winavr-20100110/bin/../lib/gcc/avr/4.3.3/avr5\libgcc.a(_ge_sf.o)
 .debug_pubnames
                0x0000010c       0x1e c:/winavr-20100110/bin/../lib/gcc/avr/4.3.3/avr5\libgcc.a(_lt_sf.o)
 .debug_pubnames
                0x0000012a       0x22 c:/winavr-20100110/bin/../lib/gcc/avr/4.3.3/avr5\libgcc.a(_si_to_sf.o)
 .debug_pubnames
                0x0000014c       0x20 c:/winavr-20100110/bin/../lib/gcc/avr/4.3.3/avr5\libgcc.a(_sf_to_si.o)
 .debug_pubnames
                0x0000016c       0x22 c:/winavr-20100110/bin/../lib/gcc/avr/4.3.3/avr5\libgcc.a(_thenan_sf.o)
 .debug_pubnames
                0x0000018e       0x24 c:/winavr-20100110/bin/../lib/gcc/avr/4.3.3/avr5\libgcc.a(_usi_to_sf.o)
 .debug_pubnames
                0x000001b2       0x20 c:/winavr-20100110/bin/../lib/gcc/avr/4.3.3/avr5\libgcc.a(_ashldi3.o)
 .debug_pubnames
                0x000001d2       0x1f c:/winavr-20100110/bin/../lib/gcc/avr/4.3.3/avr5\libgcc.a(_clzsi2.o)
 .debug_pubnames
                0x000001f1       0x1f c:/winavr-20100110/bin/../lib/gcc/avr/4.3.3/avr5\libgcc.a(_pack_sf.o)
 .debug_pubnames
                0x00000210       0x21 c:/winavr-20100110/bin/../lib/gcc/avr/4.3.3/avr5\libgcc.a(_unpack_sf.o)
 .debug_pubnames
                0x00000231       0x26 c:/winavr-20100110/bin/../lib/gcc/avr/4.3.3/avr5\libgcc.a(_fpcmp_parts_sf.o)
 .debug_pubnames
                0x00000257       0x20 c:/winavr-20100110/bin/../lib/gcc/avr/4.3.3/avr5\libgcc.a(_clz.o)

.debug_info     0x00000000     0x2953
 *(.debug_info)
 .debug_info    0x00000000       0xb1 c:/winavr-20100110/bin/../lib/gcc/avr/4.3.3/avr5\libgcc.a(_fixunssfsi.o)
 .debug_info    0x000000b1       0xb1 c:/winavr-20100110/bin/../lib/gcc/avr/4.3.3/avr5\libgcc.a(_fixsfdi.o)
 .debug_info    0x00000162      0x111 c:/winavr-20100110/bin/../lib/gcc/avr/4.3.3/avr5\libgcc.a(_fixunssfdi.o)
 .debug_info    0x00000273      0x47a c:/winavr-20100110/bin/../lib/gcc/avr/4.3.3/avr5\libgcc.a(_addsub_sf.o)
 .debug_info    0x000006ed      0x485 c:/winavr-20100110/bin/../lib/gcc/avr/4.3.3/avr5\libgcc.a(_mul_sf.o)
 .debug_info    0x00000b72      0x3fc c:/winavr-20100110/bin/../lib/gcc/avr/4.3.3/avr5\libgcc.a(_div_sf.o)
 .debug_info    0x00000f6e      0x27f c:/winavr-20100110/bin/../lib/gcc/avr/4.3.3/avr5\libgcc.a(_gt_sf.o)
 .debug_info    0x000011ed      0x27f c:/winavr-20100110/bin/../lib/gcc/avr/4.3.3/avr5\libgcc.a(_ge_sf.o)
 .debug_info    0x0000146c      0x27f c:/winavr-20100110/bin/../lib/gcc/avr/4.3.3/avr5\libgcc.a(_lt_sf.o)
 .debug_info    0x000016eb      0x207 c:/winavr-20100110/bin/../lib/gcc/avr/4.3.3/avr5\libgcc.a(_si_to_sf.o)
 .debug_info    0x000018f2      0x2b0 c:/winavr-20100110/bin/../lib/gcc/avr/4.3.3/avr5\libgcc.a(_sf_to_si.o)
 .debug_info    0x00001ba2      0x12c c:/winavr-20100110/bin/../lib/gcc/avr/4.3.3/avr5\libgcc.a(_thenan_sf.o)
 .debug_info    0x00001cce      0x206 c:/winavr-20100110/bin/../lib/gcc/avr/4.3.3/avr5\libgcc.a(_usi_to_sf.o)
 .debug_info    0x00001ed4      0x17f c:/winavr-20100110/bin/../lib/gcc/avr/4.3.3/avr5\libgcc.a(_ashldi3.o)
 .debug_info    0x00002053      0x117 c:/winavr-20100110/bin/../lib/gcc/avr/4.3.3/avr5\libgcc.a(_clzsi2.o)
 .debug_info    0x0000216a      0x2df c:/winavr-20100110/bin/../lib/gcc/avr/4.3.3/avr5\libgcc.a(_pack_sf.o)
 .debug_info    0x00002449      0x251 c:/winavr-20100110/bin/../lib/gcc/avr/4.3.3/avr5\libgcc.a(_unpack_sf.o)
 .debug_info    0x0000269a      0x210 c:/winavr-20100110/bin/../lib/gcc/avr/4.3.3/avr5\libgcc.a(_fpcmp_parts_sf.o)
 .debug_info    0x000028aa       0xa9 c:/winavr-20100110/bin/../lib/gcc/avr/4.3.3/avr5\libgcc.a(_clz.o)
 *(.gnu.linkonce.wi.*)

.debug_abbrev   0x00000000     0x16b7
 *(.debug_abbrev)
 .debug_abbrev  0x00000000       0x5d c:/winavr-20100110/bin/../lib/gcc/avr/4.3.3/avr5\libgcc.a(_fixunssfsi.o)
 .debug_abbrev  0x0000005d       0x5d c:/winavr-20100110/bin/../lib/gcc/avr/4.3.3/avr5\libgcc.a(_fixsfdi.o)
 .debug_abbrev  0x000000ba       0x9e c:/winavr-20100110/bin/../lib/gcc/avr/4.3.3/avr5\libgcc.a(_fixunssfdi.o)
 .debug_abbrev  0x00000158      0x1ea c:/winavr-20100110/bin/../lib/gcc/avr/4.3.3/avr5\libgcc.a(_addsub_sf.o)
 .debug_abbrev  0x00000342      0x21b c:/winavr-20100110/bin/../lib/gcc/avr/4.3.3/avr5\libgcc.a(_mul_sf.o)
 .debug_abbrev  0x0000055d      0x216 c:/winavr-20100110/bin/../lib/gcc/avr/4.3.3/avr5\libgcc.a(_div_sf.o)
 .debug_abbrev  0x00000773      0x15a c:/winavr-20100110/bin/../lib/gcc/avr/4.3.3/avr5\libgcc.a(_gt_sf.o)
 .debug_abbrev  0x000008cd      0x15a c:/winavr-20100110/bin/../lib/gcc/avr/4.3.3/avr5\libgcc.a(_ge_sf.o)
 .debug_abbrev  0x00000a27      0x15a c:/winavr-20100110/bin/../lib/gcc/avr/4.3.3/avr5\libgcc.a(_lt_sf.o)
 .debug_abbrev  0x00000b81      0x148 c:/winavr-20100110/bin/../lib/gcc/avr/4.3.3/avr5\libgcc.a(_si_to_sf.o)
 .debug_abbrev  0x00000cc9      0x17f c:/winavr-20100110/bin/../lib/gcc/avr/4.3.3/avr5\libgcc.a(_sf_to_si.o)
 .debug_abbrev  0x00000e48       0xad c:/winavr-20100110/bin/../lib/gcc/avr/4.3.3/avr5\libgcc.a(_thenan_sf.o)
 .debug_abbrev  0x00000ef5      0x157 c:/winavr-20100110/bin/../lib/gcc/avr/4.3.3/avr5\libgcc.a(_usi_to_sf.o)
 .debug_abbrev  0x0000104c       0xee c:/winavr-20100110/bin/../lib/gcc/avr/4.3.3/avr5\libgcc.a(_ashldi3.o)
 .debug_abbrev  0x0000113a       0xc4 c:/winavr-20100110/bin/../lib/gcc/avr/4.3.3/avr5\libgcc.a(_clzsi2.o)
 .debug_abbrev  0x000011fe      0x1c0 c:/winavr-20100110/bin/../lib/gcc/avr/4.3.3/avr5\libgcc.a(_pack_sf.o)
 .debug_abbrev  0x000013be      0x154 c:/winavr-20100110/bin/../lib/gcc/avr/4.3.3/avr5\libgcc.a(_unpack_sf.o)
 .debug_abbrev  0x00001512      0x13b c:/winavr-20100110/bin/../lib/gcc/avr/4.3.3/avr5\libgcc.a(_fpcmp_parts_sf.o)
 .debug_abbrev  0x0000164d       0x6a c:/winavr-20100110/bin/../lib/gcc/avr/4.3.3/avr5\libgcc.a(_clz.o)

.debug_line     0x00000000     0x1570
 *(.debug_line)
 .debug_line    0x00000000       0xa7 c:/winavr-20100110/bin/../lib/gcc/avr/4.3.3/avr5\libgcc.a(_fixunssfsi.o)
 .debug_line    0x000000a7       0xa7 c:/winavr-20100110/bin/../lib/gcc/avr/4.3.3/avr5\libgcc.a(_fixsfdi.o)
 .debug_line    0x0000014e       0xe7 c:/winavr-20100110/bin/../lib/gcc/avr/4.3.3/avr5\libgcc.a(_fixunssfdi.o)
 .debug_line    0x00000235      0x2af c:/winavr-20100110/bin/../lib/gcc/avr/4.3.3/avr5\libgcc.a(_addsub_sf.o)
 .debug_line    0x000004e4      0x239 c:/winavr-20100110/bin/../lib/gcc/avr/4.3.3/avr5\libgcc.a(_mul_sf.o)
 .debug_line    0x0000071d      0x1d5 c:/winavr-20100110/bin/../lib/gcc/avr/4.3.3/avr5\libgcc.a(_div_sf.o)
 .debug_line    0x000008f2       0xd3 c:/winavr-20100110/bin/../lib/gcc/avr/4.3.3/avr5\libgcc.a(_gt_sf.o)
 .debug_line    0x000009c5       0xd3 c:/winavr-20100110/bin/../lib/gcc/avr/4.3.3/avr5\libgcc.a(_ge_sf.o)
 .debug_line    0x00000a98       0xd3 c:/winavr-20100110/bin/../lib/gcc/avr/4.3.3/avr5\libgcc.a(_lt_sf.o)
 .debug_line    0x00000b6b      0x135 c:/winavr-20100110/bin/../lib/gcc/avr/4.3.3/avr5\libgcc.a(_si_to_sf.o)
 .debug_line    0x00000ca0      0x109 c:/winavr-20100110/bin/../lib/gcc/avr/4.3.3/avr5\libgcc.a(_sf_to_si.o)
 .debug_line    0x00000da9       0x90 c:/winavr-20100110/bin/../lib/gcc/avr/4.3.3/avr5\libgcc.a(_thenan_sf.o)
 .debug_line    0x00000e39      0x133 c:/winavr-20100110/bin/../lib/gcc/avr/4.3.3/avr5\libgcc.a(_usi_to_sf.o)
 .debug_line    0x00000f6c       0xd7 c:/winavr-20100110/bin/../lib/gcc/avr/4.3.3/avr5\libgcc.a(_ashldi3.o)
 .debug_line    0x00001043       0xa5 c:/winavr-20100110/bin/../lib/gcc/avr/4.3.3/avr5\libgcc.a(_clzsi2.o)
 .debug_line    0x000010e8      0x18a c:/winavr-20100110/bin/../lib/gcc/avr/4.3.3/avr5\libgcc.a(_pack_sf.o)
 .debug_line    0x00001272      0x14b c:/winavr-20100110/bin/../lib/gcc/avr/4.3.3/avr5\libgcc.a(_unpack_sf.o)
 .debug_line    0x000013bd      0x137 c:/winavr-20100110/bin/../lib/gcc/avr/4.3.3/avr5\libgcc.a(_fpcmp_parts_sf.o)
 .debug_line    0x000014f4       0x7c c:/winavr-20100110/bin/../lib/gcc/avr/4.3.3/avr5\libgcc.a(_clz.o)

.debug_frame    0x00000000      0x240
 *(.debug_frame)
 .debug_frame   0x00000000       0x20 c:/winavr-20100110/bin/../lib/gcc/avr/4.3.3/avr5\libgcc.a(_fixunssfsi.o)
 .debug_frame   0x00000020       0x20 c:/winavr-20100110/bin/../lib/gcc/avr/4.3.3/avr5\libgcc.a(_fixsfdi.o)
 .debug_frame   0x00000040       0x20 c:/winavr-20100110/bin/../lib/gcc/avr/4.3.3/avr5\libgcc.a(_fixunssfdi.o)
 .debug_frame   0x00000060       0x40 c:/winavr-20100110/bin/../lib/gcc/avr/4.3.3/avr5\libgcc.a(_addsub_sf.o)
 .debug_frame   0x000000a0       0x20 c:/winavr-20100110/bin/../lib/gcc/avr/4.3.3/avr5\libgcc.a(_mul_sf.o)
 .debug_frame   0x000000c0       0x20 c:/winavr-20100110/bin/../lib/gcc/avr/4.3.3/avr5\libgcc.a(_div_sf.o)
 .debug_frame   0x000000e0       0x20 c:/winavr-20100110/bin/../lib/gcc/avr/4.3.3/avr5\libgcc.a(_gt_sf.o)
 .debug_frame   0x00000100       0x20 c:/winavr-20100110/bin/../lib/gcc/avr/4.3.3/avr5\libgcc.a(_ge_sf.o)
 .debug_frame   0x00000120       0x20 c:/winavr-20100110/bin/../lib/gcc/avr/4.3.3/avr5\libgcc.a(_lt_sf.o)
 .debug_frame   0x00000140       0x20 c:/winavr-20100110/bin/../lib/gcc/avr/4.3.3/avr5\libgcc.a(_si_to_sf.o)
 .debug_frame   0x00000160       0x20 c:/winavr-20100110/bin/../lib/gcc/avr/4.3.3/avr5\libgcc.a(_sf_to_si.o)
 .debug_frame   0x00000180       0x20 c:/winavr-20100110/bin/../lib/gcc/avr/4.3.3/avr5\libgcc.a(_usi_to_sf.o)
 .debug_frame   0x000001a0       0x20 c:/winavr-20100110/bin/../lib/gcc/avr/4.3.3/avr5\libgcc.a(_ashldi3.o)
 .debug_frame   0x000001c0       0x20 c:/winavr-20100110/bin/../lib/gcc/avr/4.3.3/avr5\libgcc.a(_clzsi2.o)
 .debug_frame   0x000001e0       0x20 c:/winavr-20100110/bin/../lib/gcc/avr/4.3.3/avr5\libgcc.a(_pack_sf.o)
 .debug_frame   0x00000200       0x20 c:/winavr-20100110/bin/../lib/gcc/avr/4.3.3/avr5\libgcc.a(_unpack_sf.o)
 .debug_frame   0x00000220       0x20 c:/winavr-20100110/bin/../lib/gcc/avr/4.3.3/avr5\libgcc.a(_fpcmp_parts_sf.o)

.debug_str      0x00000000      0x36b
 *(.debug_str)
 .debug_str     0x00000000       0xbf c:/winavr-20100110/bin/../lib/gcc/avr/4.3.3/avr5\libgcc.a(_fixunssfsi.o)
                                 0xfe (size before relaxing)
 .debug_str     0x000000bf        0xa c:/winavr-20100110/bin/../lib/gcc/avr/4.3.3/avr5\libgcc.a(_fixsfdi.o)
                                 0xfa (size before relaxing)
 .debug_str     0x000000c9       0x2c c:/winavr-20100110/bin/../lib/gcc/avr/4.3.3/avr5\libgcc.a(_fixunssfdi.o)
                                0x11d (size before relaxing)
 .debug_str     0x000000f5      0x14d c:/winavr-20100110/bin/../lib/gcc/avr/4.3.3/avr5\libgcc.a(_addsub_sf.o)
                                0x206 (size before relaxing)
 .debug_str     0x00000242       0x27 c:/winavr-20100110/bin/../lib/gcc/avr/4.3.3/avr5\libgcc.a(_mul_sf.o)
                                0x1bf (size before relaxing)
 .debug_str     0x00000269       0x35 c:/winavr-20100110/bin/../lib/gcc/avr/4.3.3/avr5\libgcc.a(_div_sf.o)
                                0x1c8 (size before relaxing)
 .debug_str     0x0000029e        0x8 c:/winavr-20100110/bin/../lib/gcc/avr/4.3.3/avr5\libgcc.a(_gt_sf.o)
                                0x195 (size before relaxing)
 .debug_str     0x000002a6        0x8 c:/winavr-20100110/bin/../lib/gcc/avr/4.3.3/avr5\libgcc.a(_ge_sf.o)
                                0x195 (size before relaxing)
 .debug_str     0x000002ae        0x8 c:/winavr-20100110/bin/../lib/gcc/avr/4.3.3/avr5\libgcc.a(_lt_sf.o)
                                0x195 (size before relaxing)
 .debug_str     0x000002b6       0x18 c:/winavr-20100110/bin/../lib/gcc/avr/4.3.3/avr5\libgcc.a(_si_to_sf.o)
                                0x17b (size before relaxing)
 .debug_str     0x000002ce        0xa c:/winavr-20100110/bin/../lib/gcc/avr/4.3.3/avr5\libgcc.a(_sf_to_si.o)
                                0x19e (size before relaxing)
 .debug_str     0x00000000      0x103 c:/winavr-20100110/bin/../lib/gcc/avr/4.3.3/avr5\libgcc.a(_thenan_sf.o)
 .debug_str     0x000002d8       0x14 c:/winavr-20100110/bin/../lib/gcc/avr/4.3.3/avr5\libgcc.a(_usi_to_sf.o)
                                0x177 (size before relaxing)
 .debug_str     0x000002ec       0x34 c:/winavr-20100110/bin/../lib/gcc/avr/4.3.3/avr5\libgcc.a(_ashldi3.o)
                                0x131 (size before relaxing)
 .debug_str     0x00000320       0x20 c:/winavr-20100110/bin/../lib/gcc/avr/4.3.3/avr5\libgcc.a(_clzsi2.o)
                                0x111 (size before relaxing)
 .debug_str     0x00000340       0x10 c:/winavr-20100110/bin/../lib/gcc/avr/4.3.3/avr5\libgcc.a(_pack_sf.o)
                                0x19d (size before relaxing)
 .debug_str     0x00000350        0xb c:/winavr-20100110/bin/../lib/gcc/avr/4.3.3/avr5\libgcc.a(_unpack_sf.o)
                                0x17f (size before relaxing)
 .debug_str     0x0000035b       0x10 c:/winavr-20100110/bin/../lib/gcc/avr/4.3.3/avr5\libgcc.a(_fpcmp_parts_sf.o)
                                0x163 (size before relaxing)
 .debug_str     0x00000000       0xf4 c:/winavr-20100110/bin/../lib/gcc/avr/4.3.3/avr5\libgcc.a(_clz.o)

.debug_loc      0x00000000      0xbf0
 *(.debug_loc)
 .debug_loc     0x00000000       0x34 c:/winavr-20100110/bin/../lib/gcc/avr/4.3.3/avr5\libgcc.a(_fixunssfsi.o)
 .debug_loc     0x00000034       0x4a c:/winavr-20100110/bin/../lib/gcc/avr/4.3.3/avr5\libgcc.a(_fixsfdi.o)
 .debug_loc     0x0000007e       0x94 c:/winavr-20100110/bin/../lib/gcc/avr/4.3.3/avr5\libgcc.a(_fixunssfdi.o)
 .debug_loc     0x00000112      0x32a c:/winavr-20100110/bin/../lib/gcc/avr/4.3.3/avr5\libgcc.a(_addsub_sf.o)
 .debug_loc     0x0000043c      0x104 c:/winavr-20100110/bin/../lib/gcc/avr/4.3.3/avr5\libgcc.a(_mul_sf.o)
 .debug_loc     0x00000540       0xc0 c:/winavr-20100110/bin/../lib/gcc/avr/4.3.3/avr5\libgcc.a(_div_sf.o)
 .debug_loc     0x00000600       0x3c c:/winavr-20100110/bin/../lib/gcc/avr/4.3.3/avr5\libgcc.a(_gt_sf.o)
 .debug_loc     0x0000063c       0x3c c:/winavr-20100110/bin/../lib/gcc/avr/4.3.3/avr5\libgcc.a(_ge_sf.o)
 .debug_loc     0x00000678       0x3c c:/winavr-20100110/bin/../lib/gcc/avr/4.3.3/avr5\libgcc.a(_lt_sf.o)
 .debug_loc     0x000006b4       0xac c:/winavr-20100110/bin/../lib/gcc/avr/4.3.3/avr5\libgcc.a(_si_to_sf.o)
 .debug_loc     0x00000760       0x7e c:/winavr-20100110/bin/../lib/gcc/avr/4.3.3/avr5\libgcc.a(_sf_to_si.o)
 .debug_loc     0x000007de       0x4c c:/winavr-20100110/bin/../lib/gcc/avr/4.3.3/avr5\libgcc.a(_usi_to_sf.o)
 .debug_loc     0x0000082a       0xf8 c:/winavr-20100110/bin/../lib/gcc/avr/4.3.3/avr5\libgcc.a(_ashldi3.o)
 .debug_loc     0x00000922       0x94 c:/winavr-20100110/bin/../lib/gcc/avr/4.3.3/avr5\libgcc.a(_clzsi2.o)
 .debug_loc     0x000009b6      0x13e c:/winavr-20100110/bin/../lib/gcc/avr/4.3.3/avr5\libgcc.a(_pack_sf.o)
 .debug_loc     0x00000af4       0xac c:/winavr-20100110/bin/../lib/gcc/avr/4.3.3/avr5\libgcc.a(_unpack_sf.o)
 .debug_loc     0x00000ba0       0x50 c:/winavr-20100110/bin/../lib/gcc/avr/4.3.3/avr5\libgcc.a(_fpcmp_parts_sf.o)

.debug_macinfo
 *(.debug_macinfo)
OUTPUT(Smart_Room.elf elf32-avr)
LOAD linker stubs

.debug_ranges   0x00000000       0x50
 .debug_ranges  0x00000000       0x50 c:/winavr-20100110/bin/../lib/gcc/avr/4.3.3/avr5\libgcc.a(_mul_sf.o)
