Archive member included because of file (symbol)

c:/winavr-20100110/bin/../lib/gcc/avr/4.3.3/avr5\libgcc.a(_udivmodqi4.o)
                              ./APP_Layer/Smart_Room.o (__udivmodqi4)
c:/winavr-20100110/bin/../lib/gcc/avr/4.3.3/avr5\libgcc.a(_exit.o)
                              c:/winavr-20100110/bin/../lib/gcc/avr/4.3.3/../../../../avr/lib/avr5/crtm32.o (exit)
c:/winavr-20100110/bin/../lib/gcc/avr/4.3.3/avr5\libgcc.a(_copy_data.o)
                              ./APP_Layer/Security.o (__do_copy_data)
c:/winavr-20100110/bin/../lib/gcc/avr/4.3.3/avr5\libgcc.a(_clear_bss.o)
                              ./MCAL_Layer/USART/USART_prog.o (__do_clear_bss)
c:/winavr-20100110/bin/../lib/gcc/avr/4.3.3/avr5\libgcc.a(_fixunssfsi.o)
                              ./APP_Layer/Security.o (__fixunssfsi)
c:/winavr-20100110/bin/../lib/gcc/avr/4.3.3/avr5\libgcc.a(_addsub_sf.o)
                              c:/winavr-20100110/bin/../lib/gcc/avr/4.3.3/avr5\libgcc.a(_fixunssfsi.o) (__subsf3)
c:/winavr-20100110/bin/../lib/gcc/avr/4.3.3/avr5\libgcc.a(_mul_sf.o)
                              ./APP_Layer/Security.o (__mulsf3)
c:/winavr-20100110/bin/../lib/gcc/avr/4.3.3/avr5\libgcc.a(_gt_sf.o)
                              ./APP_Layer/Security.o (__gtsf2)
c:/winavr-20100110/bin/../lib/gcc/avr/4.3.3/avr5\libgcc.a(_ge_sf.o)
                              c:/winavr-20100110/bin/../lib/gcc/avr/4.3.3/avr5\libgcc.a(_fixunssfsi.o) (__gesf2)
c:/winavr-20100110/bin/../lib/gcc/avr/4.3.3/avr5\libgcc.a(_lt_sf.o)
                              ./APP_Layer/Security.o (__ltsf2)
c:/winavr-20100110/bin/../lib/gcc/avr/4.3.3/avr5\libgcc.a(_sf_to_si.o)
                              c:/winavr-20100110/bin/../lib/gcc/avr/4.3.3/avr5\libgcc.a(_fixunssfsi.o) (__fixsfsi)
c:/winavr-20100110/bin/../lib/gcc/avr/4.3.3/avr5\libgcc.a(_thenan_sf.o)
                              c:/winavr-20100110/bin/../lib/gcc/avr/4.3.3/avr5\libgcc.a(_addsub_sf.o) (__thenan_sf)
c:/winavr-20100110/bin/../lib/gcc/avr/4.3.3/avr5\libgcc.a(_prologue.o)
                              c:/winavr-20100110/bin/../lib/gcc/avr/4.3.3/avr5\libgcc.a(_addsub_sf.o) (__prologue_saves__)
c:/winavr-20100110/bin/../lib/gcc/avr/4.3.3/avr5\libgcc.a(_epilogue.o)
                              c:/winavr-20100110/bin/../lib/gcc/avr/4.3.3/avr5\libgcc.a(_addsub_sf.o) (__epilogue_restores__)
c:/winavr-20100110/bin/../lib/gcc/avr/4.3.3/avr5\libgcc.a(_pack_sf.o)
                              c:/winavr-20100110/bin/../lib/gcc/avr/4.3.3/avr5\libgcc.a(_addsub_sf.o) (__pack_f)
c:/winavr-20100110/bin/../lib/gcc/avr/4.3.3/avr5\libgcc.a(_unpack_sf.o)
                              c:/winavr-20100110/bin/../lib/gcc/avr/4.3.3/avr5\libgcc.a(_addsub_sf.o) (__unpack_f)
c:/winavr-20100110/bin/../lib/gcc/avr/4.3.3/avr5\libgcc.a(_fpcmp_parts_sf.o)
                              c:/winavr-20100110/bin/../lib/gcc/avr/4.3.3/avr5\libgcc.a(_gt_sf.o) (__fpcmp_parts_f)

Allocating common symbols
Common symbol       size              file

Check               0x15              ./APP_Layer/Security.o
KPD_Press           0x1               ./APP_Layer/Security.o
SPI_Recieve         0x1               ./APP_Layer/Smart_Room.o
UserName            0x14              ./APP_Layer/Security.o

Memory Configuration

Name             Origin             Length             Attributes
text             0x00000000         0x00020000         xr
data             0x00800060         0x0000ffa0         rw !x
eeprom           0x00810000         0x00010000         rw !x
fuse             0x00820000         0x00000400         rw !x
lock             0x00830000         0x00000400         rw !x
signature        0x00840000         0x00000400         rw !x
*default*        0x00000000         0xffffffff

Linker script and memory map

LOAD c:/winavr-20100110/bin/../lib/gcc/avr/4.3.3/../../../../avr/lib/avr5/crtm32.o
LOAD ./MCAL_Layer/USART/USART_prog.o
LOAD ./MCAL_Layer/TIMER/TIMER_program.o
LOAD ./MCAL_Layer/SPI/SPI_prog.o
LOAD ./MCAL_Layer/GIE/GIE_prog.o
LOAD ./MCAL_Layer/EXTI/EXTI_prog.o
LOAD ./MCAL_Layer/EEPROM/EEPROM_prog.o
LOAD ./MCAL_Layer/DIO/DIO_prog.o
LOAD ./HAL_Layer/LED/LED_prog.o
LOAD ./APP_Layer/Security.o
LOAD ./APP_Layer/Smart_Room.o
LOAD c:/winavr-20100110/bin/../lib/gcc/avr/4.3.3/avr5\libgcc.a
LOAD c:/winavr-20100110/bin/../lib/gcc/avr/4.3.3/../../../../avr/lib/avr5\libc.a
LOAD c:/winavr-20100110/bin/../lib/gcc/avr/4.3.3/avr5\libgcc.a

.hash
 *(.hash)

.dynsym
 *(.dynsym)

.dynstr
 *(.dynstr)

.gnu.version
 *(.gnu.version)

.gnu.version_d
 *(.gnu.version_d)

.gnu.version_r
 *(.gnu.version_r)

.rel.init
 *(.rel.init)

.rela.init
 *(.rela.init)

.rel.text
 *(.rel.text)
 *(.rel.text.*)
 *(.rel.gnu.linkonce.t*)

.rela.text
 *(.rela.text)
 *(.rela.text.*)
 *(.rela.gnu.linkonce.t*)

.rel.fini
 *(.rel.fini)

.rela.fini
 *(.rela.fini)

.rel.rodata
 *(.rel.rodata)
 *(.rel.rodata.*)
 *(.rel.gnu.linkonce.r*)

.rela.rodata
 *(.rela.rodata)
 *(.rela.rodata.*)
 *(.rela.gnu.linkonce.r*)

.rel.data
 *(.rel.data)
 *(.rel.data.*)
 *(.rel.gnu.linkonce.d*)

.rela.data
 *(.rela.data)
 *(.rela.data.*)
 *(.rela.gnu.linkonce.d*)

.rel.ctors
 *(.rel.ctors)

.rela.ctors
 *(.rela.ctors)

.rel.dtors
 *(.rel.dtors)

.rela.dtors
 *(.rela.dtors)

.rel.got
 *(.rel.got)

.rela.got
 *(.rela.got)

.rel.bss
 *(.rel.bss)

.rela.bss
 *(.rela.bss)

.rel.plt
 *(.rel.plt)

.rela.plt
 *(.rela.plt)

.text           0x00000000     0x60e8
 *(.vectors)
 .vectors       0x00000000       0x54 c:/winavr-20100110/bin/../lib/gcc/avr/4.3.3/../../../../avr/lib/avr5/crtm32.o
                0x00000000                __vectors
                0x00000000                __vector_default
 *(.vectors)
 *(.progmem.gcc*)
 *(.progmem*)
                0x00000054                . = ALIGN (0x2)
                0x00000054                __trampolines_start = .
 *(.trampolines)
 .trampolines   0x00000054        0x0 linker stubs
 *(.trampolines*)
                0x00000054                __trampolines_end = .
 *(.jumptables)
 *(.jumptables*)
 *(.lowtext)
 *(.lowtext*)
                0x00000054                __ctors_start = .
 *(.ctors)
                0x00000054                __ctors_end = .
                0x00000054                __dtors_start = .
 *(.dtors)
                0x00000054                __dtors_end = .
 SORT(*)(.ctors)
 SORT(*)(.dtors)
 *(.init0)
 .init0         0x00000054        0x0 c:/winavr-20100110/bin/../lib/gcc/avr/4.3.3/../../../../avr/lib/avr5/crtm32.o
                0x00000054                __init
 *(.init0)
 *(.init1)
 *(.init1)
 *(.init2)
 .init2         0x00000054        0xc c:/winavr-20100110/bin/../lib/gcc/avr/4.3.3/../../../../avr/lib/avr5/crtm32.o
 *(.init2)
 *(.init3)
 *(.init3)
 *(.init4)
 .init4         0x00000060       0x16 c:/winavr-20100110/bin/../lib/gcc/avr/4.3.3/avr5\libgcc.a(_copy_data.o)
                0x00000060                __do_copy_data
 .init4         0x00000076       0x10 c:/winavr-20100110/bin/../lib/gcc/avr/4.3.3/avr5\libgcc.a(_clear_bss.o)
                0x00000076                __do_clear_bss
 *(.init4)
 *(.init5)
 *(.init5)
 *(.init6)
 *(.init6)
 *(.init7)
 *(.init7)
 *(.init8)
 *(.init8)
 *(.init9)
 .init9         0x00000086        0x8 c:/winavr-20100110/bin/../lib/gcc/avr/4.3.3/../../../../avr/lib/avr5/crtm32.o
 *(.init9)
 *(.text)
 .text          0x0000008e        0x4 c:/winavr-20100110/bin/../lib/gcc/avr/4.3.3/../../../../avr/lib/avr5/crtm32.o
                0x0000008e                __bad_interrupt
                0x0000008e                __vector_17
                0x0000008e                __vector_19
                0x0000008e                __vector_14
                0x0000008e                __vector_16
                0x0000008e                __vector_18
                0x0000008e                __vector_20
 .text          0x00000092        0x0 ./MCAL_Layer/USART/USART_prog.o
 .text          0x00000092        0x0 ./MCAL_Layer/TIMER/TIMER_program.o
 .text          0x00000092        0x0 ./MCAL_Layer/SPI/SPI_prog.o
 .text          0x00000092        0x0 ./MCAL_Layer/GIE/GIE_prog.o
 .text          0x00000092        0x0 ./MCAL_Layer/EXTI/EXTI_prog.o
 .text          0x00000092        0x0 ./MCAL_Layer/EEPROM/EEPROM_prog.o
 .text          0x00000092        0x0 ./MCAL_Layer/DIO/DIO_prog.o
 .text          0x00000092        0x0 ./HAL_Layer/LED/LED_prog.o
 .text          0x00000092        0x0 ./APP_Layer/Security.o
 .text          0x00000092        0x0 ./APP_Layer/Smart_Room.o
 .text          0x00000092        0x0 c:/winavr-20100110/bin/../lib/gcc/avr/4.3.3/avr5\libgcc.a(_udivmodqi4.o)
 .text          0x00000092        0x0 c:/winavr-20100110/bin/../lib/gcc/avr/4.3.3/avr5\libgcc.a(_exit.o)
 .text          0x00000092        0x0 c:/winavr-20100110/bin/../lib/gcc/avr/4.3.3/avr5\libgcc.a(_copy_data.o)
 .text          0x00000092        0x0 c:/winavr-20100110/bin/../lib/gcc/avr/4.3.3/avr5\libgcc.a(_clear_bss.o)
 .text          0x00000092       0x58 c:/winavr-20100110/bin/../lib/gcc/avr/4.3.3/avr5\libgcc.a(_fixunssfsi.o)
                0x00000092                __fixunssfsi
 .text          0x000000ea      0x354 c:/winavr-20100110/bin/../lib/gcc/avr/4.3.3/avr5\libgcc.a(_addsub_sf.o)
                0x00000382                __subsf3
                0x000003e4                __addsf3
 .text          0x0000043e      0x1f4 c:/winavr-20100110/bin/../lib/gcc/avr/4.3.3/avr5\libgcc.a(_mul_sf.o)
                0x0000043e                __mulsf3
 .text          0x00000632       0x60 c:/winavr-20100110/bin/../lib/gcc/avr/4.3.3/avr5\libgcc.a(_gt_sf.o)
                0x00000632                __gtsf2
 .text          0x00000692       0x60 c:/winavr-20100110/bin/../lib/gcc/avr/4.3.3/avr5\libgcc.a(_ge_sf.o)
                0x00000692                __gesf2
 .text          0x000006f2       0x60 c:/winavr-20100110/bin/../lib/gcc/avr/4.3.3/avr5\libgcc.a(_lt_sf.o)
                0x000006f2                __ltsf2
 .text          0x00000752       0xa8 c:/winavr-20100110/bin/../lib/gcc/avr/4.3.3/avr5\libgcc.a(_sf_to_si.o)
                0x00000752                __fixsfsi
 .text          0x000007fa        0x0 c:/winavr-20100110/bin/../lib/gcc/avr/4.3.3/avr5\libgcc.a(_thenan_sf.o)
 .text          0x000007fa        0x0 c:/winavr-20100110/bin/../lib/gcc/avr/4.3.3/avr5\libgcc.a(_prologue.o)
 .text          0x000007fa        0x0 c:/winavr-20100110/bin/../lib/gcc/avr/4.3.3/avr5\libgcc.a(_epilogue.o)
 .text          0x000007fa      0x1aa c:/winavr-20100110/bin/../lib/gcc/avr/4.3.3/avr5\libgcc.a(_pack_sf.o)
                0x000007fa                __pack_f
 .text          0x000009a4       0xf0 c:/winavr-20100110/bin/../lib/gcc/avr/4.3.3/avr5\libgcc.a(_unpack_sf.o)
                0x000009a4                __unpack_f
 .text          0x00000a94       0xb2 c:/winavr-20100110/bin/../lib/gcc/avr/4.3.3/avr5\libgcc.a(_fpcmp_parts_sf.o)
                0x00000a94                __fpcmp_parts_f
                0x00000b46                . = ALIGN (0x2)
 *(.text.*)
 .text.USART_vInit
                0x00000b46       0xd2 ./MCAL_Layer/USART/USART_prog.o
                0x00000b46                USART_vInit
 .text.USART_u8SendData
                0x00000c18       0xc4 ./MCAL_Layer/USART/USART_prog.o
                0x00000c18                USART_u8SendData
 .text.USART_u8ReceiveData
                0x00000cdc       0xd0 ./MCAL_Layer/USART/USART_prog.o
                0x00000cdc                USART_u8ReceiveData
 .text.USART_u8SendStringSynch
                0x00000dac       0x8c ./MCAL_Layer/USART/USART_prog.o
                0x00000dac                USART_u8SendStringSynch
 .text.USART_u8SendStringAsynch
                0x00000e38       0x9c ./MCAL_Layer/USART/USART_prog.o
                0x00000e38                USART_u8SendStringAsynch
 .text.USART_u8ReceiveBufferSynch
                0x00000ed4       0x96 ./MCAL_Layer/USART/USART_prog.o
                0x00000ed4                USART_u8ReceiveBufferSynch
 .text.USART_u8ReceiveBufferAsynch
                0x00000f6a       0x94 ./MCAL_Layer/USART/USART_prog.o
                0x00000f6a                USART_u8ReceiveBufferAsynch
 .text.__vector_13
                0x00000ffe       0xb0 ./MCAL_Layer/USART/USART_prog.o
                0x00000ffe                __vector_13
 .text.__vector_15
                0x000010ae       0xc2 ./MCAL_Layer/USART/USART_prog.o
                0x000010ae                __vector_15
 .text.TIMER0_vInit
                0x00001170       0x68 ./MCAL_Layer/TIMER/TIMER_program.o
                0x00001170                TIMER0_vInit
 .text.TIMER1_vInit
                0x000011d8       0xfc ./MCAL_Layer/TIMER/TIMER_program.o
                0x000011d8                TIMER1_vInit
 .text.TIMER2_vInit
                0x000012d4       0x68 ./MCAL_Layer/TIMER/TIMER_program.o
                0x000012d4                TIMER2_vInit
 .text.TIMER0_vSetPreload
                0x0000133c       0x1c ./MCAL_Layer/TIMER/TIMER_program.o
                0x0000133c                TIMER0_vSetPreload
 .text.TIMER1_vSetPreload
                0x00001358       0x24 ./MCAL_Layer/TIMER/TIMER_program.o
                0x00001358                TIMER1_vSetPreload
 .text.TIMER2_vSetPreload
                0x0000137c       0x1c ./MCAL_Layer/TIMER/TIMER_program.o
                0x0000137c                TIMER2_vSetPreload
 .text.TIMER0_vSetCTC
                0x00001398       0x1c ./MCAL_Layer/TIMER/TIMER_program.o
                0x00001398                TIMER0_vSetCTC
 .text.TIMER1_vSetCTCA
                0x000013b4       0x24 ./MCAL_Layer/TIMER/TIMER_program.o
                0x000013b4                TIMER1_vSetCTCA
 .text.TIMER1_vSetCTCB
                0x000013d8       0x24 ./MCAL_Layer/TIMER/TIMER_program.o
                0x000013d8                TIMER1_vSetCTCB
 .text.TIMER2_vSetCTC
                0x000013fc       0x1c ./MCAL_Layer/TIMER/TIMER_program.o
                0x000013fc                TIMER2_vSetCTC
 .text.TIMER1_vSetICR1
                0x00001418       0x24 ./MCAL_Layer/TIMER/TIMER_program.o
                0x00001418                TIMER1_vSetICR1
 .text.TIMER0_u8GetTimerCounterValue
                0x0000143c       0x14 ./MCAL_Layer/TIMER/TIMER_program.o
                0x0000143c                TIMER0_u8GetTimerCounterValue
 .text.TIMER1_u16GetTimerCounterValue
                0x00001450       0x16 ./MCAL_Layer/TIMER/TIMER_program.o
                0x00001450                TIMER1_u16GetTimerCounterValue
 .text.TIMER2_u8GetTimerCounterValue
                0x00001466       0x14 ./MCAL_Layer/TIMER/TIMER_program.o
                0x00001466                TIMER2_u8GetTimerCounterValue
 .text.TIMER_vSetPWM
                0x0000147a       0x24 ./MCAL_Layer/TIMER/TIMER_program.o
                0x0000147a                TIMER_vSetPWM
 .text.TIMER_vICUInitEnable
                0x0000149e       0x2a ./MCAL_Layer/TIMER/TIMER_program.o
                0x0000149e                TIMER_vICUInitEnable
 .text.TIMER_vICUSetTriggerEdge
                0x000014c8       0x4a ./MCAL_Layer/TIMER/TIMER_program.o
                0x000014c8                TIMER_vICUSetTriggerEdge
 .text.TIMER_vICUEnableInterrupt
                0x00001512       0x1c ./MCAL_Layer/TIMER/TIMER_program.o
                0x00001512                TIMER_vICUEnableInterrupt
 .text.TIMER_vICUDisableInterrupt
                0x0000152e       0x1c ./MCAL_Layer/TIMER/TIMER_program.o
                0x0000152e                TIMER_vICUDisableInterrupt
 .text.TIMER_u16GetICR
                0x0000154a       0x16 ./MCAL_Layer/TIMER/TIMER_program.o
                0x0000154a                TIMER_u16GetICR
 .text.TIMER_vWDTSleep
                0x00001560       0x2a ./MCAL_Layer/TIMER/TIMER_program.o
                0x00001560                TIMER_vWDTSleep
 .text.TIMER_vWDTEnable
                0x0000158a       0x1c ./MCAL_Layer/TIMER/TIMER_program.o
                0x0000158a                TIMER_vWDTEnable
 .text.TIMER_vWDTDisable
                0x000015a6       0x22 ./MCAL_Layer/TIMER/TIMER_program.o
                0x000015a6                TIMER_vWDTDisable
 .text.TIMER_u8SetCallBack
                0x000015c8       0x4a ./MCAL_Layer/TIMER/TIMER_program.o
                0x000015c8                TIMER_u8SetCallBack
 .text.__vector_11
                0x00001612       0x66 ./MCAL_Layer/TIMER/TIMER_program.o
                0x00001612                __vector_11
 .text.__vector_10
                0x00001678       0x66 ./MCAL_Layer/TIMER/TIMER_program.o
                0x00001678                __vector_10
 .text.__vector_9
                0x000016de       0x66 ./MCAL_Layer/TIMER/TIMER_program.o
                0x000016de                __vector_9
 .text.__vector_8
                0x00001744       0x66 ./MCAL_Layer/TIMER/TIMER_program.o
                0x00001744                __vector_8
 .text.__vector_7
                0x000017aa       0x66 ./MCAL_Layer/TIMER/TIMER_program.o
                0x000017aa                __vector_7
 .text.__vector_6
                0x00001810       0x66 ./MCAL_Layer/TIMER/TIMER_program.o
                0x00001810                __vector_6
 .text.__vector_5
                0x00001876       0x66 ./MCAL_Layer/TIMER/TIMER_program.o
                0x00001876                __vector_5
 .text.__vector_4
                0x000018dc       0x66 ./MCAL_Layer/TIMER/TIMER_program.o
                0x000018dc                __vector_4
 .text.SPI_vInit
                0x00001942       0xa0 ./MCAL_Layer/SPI/SPI_prog.o
                0x00001942                SPI_vInit
 .text.SPI_u8InitConfig
                0x000019e2      0x3d6 ./MCAL_Layer/SPI/SPI_prog.o
                0x000019e2                SPI_u8InitConfig
 .text.SPI_u8Tranceive
                0x00001db8       0xca ./MCAL_Layer/SPI/SPI_prog.o
                0x00001db8                SPI_u8Tranceive
 .text.SPI_u8BufferTranceiverSynch
                0x00001e82       0x84 ./MCAL_Layer/SPI/SPI_prog.o
                0x00001e82                SPI_u8BufferTranceiverSynch
 .text.SPI_u8BufferTranceiverAsynch
                0x00001f06       0xd8 ./MCAL_Layer/SPI/SPI_prog.o
                0x00001f06                SPI_u8BufferTranceiverAsynch
 .text.__vector_12
                0x00001fde       0xcc ./MCAL_Layer/SPI/SPI_prog.o
                0x00001fde                __vector_12
 .text.GIE_vEnable
                0x000020aa       0x1c ./MCAL_Layer/GIE/GIE_prog.o
                0x000020aa                GIE_vEnable
 .text.GIE_vDisable
                0x000020c6       0x1c ./MCAL_Layer/GIE/GIE_prog.o
                0x000020c6                GIE_vDisable
 .text.EXTI_vInit
                0x000020e2       0x1c ./MCAL_Layer/EXTI/EXTI_prog.o
                0x000020e2                EXTI_vInit
 .text.EXTI_vSetSignal
                0x000020fe      0x214 ./MCAL_Layer/EXTI/EXTI_prog.o
                0x000020fe                EXTI_vSetSignal
 .text.EXTI_vDisableInterrupt
                0x00002312       0x5a ./MCAL_Layer/EXTI/EXTI_prog.o
                0x00002312                EXTI_vDisableInterrupt
 .text.EXTI_vEnableInterrupt
                0x0000236c       0x58 ./MCAL_Layer/EXTI/EXTI_prog.o
                0x0000236c                EXTI_vEnableInterrupt
 .text.EXTI_vClearFlag
                0x000023c4       0x3a ./MCAL_Layer/EXTI/EXTI_prog.o
                0x000023c4                EXTI_vClearFlag
 .text.EXTI_u8GETFlag
                0x000023fe       0x4c ./MCAL_Layer/EXTI/EXTI_prog.o
                0x000023fe                EXTI_u8GETFlag
 .text.EXTI_vSetCallBack
                0x0000244a       0x72 ./MCAL_Layer/EXTI/EXTI_prog.o
                0x0000244a                EXTI_vSetCallBack
 .text.__vector_1
                0x000024bc       0x6c ./MCAL_Layer/EXTI/EXTI_prog.o
                0x000024bc                __vector_1
 .text.__vector_2
                0x00002528       0x6c ./MCAL_Layer/EXTI/EXTI_prog.o
                0x00002528                __vector_2
 .text.__vector_3
                0x00002594       0x6c ./MCAL_Layer/EXTI/EXTI_prog.o
                0x00002594                __vector_3
 .text.EEPROM_vWrite
                0x00002600       0x66 ./MCAL_Layer/EEPROM/EEPROM_prog.o
                0x00002600                EEPROM_vWrite
 .text.EEPROM_vRead
                0x00002666       0x42 ./MCAL_Layer/EEPROM/EEPROM_prog.o
                0x00002666                EEPROM_vRead
 .text.DIO_enumSetPinDir
                0x000026a8      0x21e ./MCAL_Layer/DIO/DIO_prog.o
                0x000026a8                DIO_enumSetPinDir
 .text.DIO_enumWritePinVal
                0x000028c6      0x21e ./MCAL_Layer/DIO/DIO_prog.o
                0x000028c6                DIO_enumWritePinVal
 .text.DIO_enumReadPinVal
                0x00002ae4      0x18a ./MCAL_Layer/DIO/DIO_prog.o
                0x00002ae4                DIO_enumReadPinVal
 .text.DIO_enumTogglePinVal
                0x00002c6e      0x118 ./MCAL_Layer/DIO/DIO_prog.o
                0x00002c6e                DIO_enumTogglePinVal
 .text.DIO_enumConnectPullUp
                0x00002d86      0x2b2 ./MCAL_Layer/DIO/DIO_prog.o
                0x00002d86                DIO_enumConnectPullUp
 .text.DIO_enumSetPortDir
                0x00003038       0x9a ./MCAL_Layer/DIO/DIO_prog.o
                0x00003038                DIO_enumSetPortDir
 .text.DIO_enumWritePortVal
                0x000030d2       0x9a ./MCAL_Layer/DIO/DIO_prog.o
                0x000030d2                DIO_enumWritePortVal
 .text.DIO_enumReadPorVal
                0x0000316c       0xbe ./MCAL_Layer/DIO/DIO_prog.o
                0x0000316c                DIO_enumReadPorVal
 .text.DIO_enumTogglePortValue
                0x0000322a       0xaa ./MCAL_Layer/DIO/DIO_prog.o
                0x0000322a                DIO_enumTogglePortValue
 .text.DIO_vWriteLowNibble
                0x000032d4       0xf6 ./MCAL_Layer/DIO/DIO_prog.o
                0x000032d4                DIO_vWriteLowNibble
 .text.DIO_vWriteHighNibble
                0x000033ca       0xf8 ./MCAL_Layer/DIO/DIO_prog.o
                0x000033ca                DIO_vWriteHighNibble
 .text.DIO_vSetLowNibbleDir
                0x000034c2       0xf6 ./MCAL_Layer/DIO/DIO_prog.o
                0x000034c2                DIO_vSetLowNibbleDir
 .text.DIO_vSetHighNibbleDir
                0x000035b8       0xf8 ./MCAL_Layer/DIO/DIO_prog.o
                0x000035b8                DIO_vSetHighNibbleDir
 .text.LED_vInit
                0x000036b0       0x2a ./HAL_Layer/LED/LED_prog.o
                0x000036b0                LED_vInit
 .text.LED_vTurnOn
                0x000036da       0x44 ./HAL_Layer/LED/LED_prog.o
                0x000036da                LED_vTurnOn
 .text.LED_vTurnOff
                0x0000371e       0x44 ./HAL_Layer/LED/LED_prog.o
                0x0000371e                LED_vTurnOff
 .text.LED_vTog
                0x00003762       0x28 ./HAL_Layer/LED/LED_prog.o
                0x00003762                LED_vTog
 .text.EEPROM_vInit
                0x0000378a       0xc0 ./APP_Layer/Security.o
                0x0000378a                EEPROM_vInit
 .text.UserName_Set
                0x0000384a      0x15a ./APP_Layer/Security.o
                0x0000384a                UserName_Set
 .text.PassWord_Set
                0x000039a4      0x16c ./APP_Layer/Security.o
                0x000039a4                PassWord_Set
 .text.UserName_Check
                0x00003b10      0x158 ./APP_Layer/Security.o
                0x00003b10                UserName_Check
 .text.PassWord_Check
                0x00003c68      0x15a ./APP_Layer/Security.o
                0x00003c68                PassWord_Check
 .text.Sign_In  0x00003dc2       0xb2 ./APP_Layer/Security.o
                0x00003dc2                Sign_In
 .text.Error_TimeOut
                0x00003e74      0x14a ./APP_Layer/Security.o
                0x00003e74                Error_TimeOut
 .text.main     0x00003fbe      0x46a ./APP_Layer/Smart_Room.o
                0x00003fbe                main
 .text.Home_vStair
                0x00004428      0x38a ./APP_Layer/Smart_Room.o
                0x00004428                Home_vStair
 .text.Home_vReception
                0x000047b2      0x16c ./APP_Layer/Smart_Room.o
                0x000047b2                Home_vReception
 .text.Home_vSalon
                0x0000491e      0x13e ./APP_Layer/Smart_Room.o
                0x0000491e                Home_vSalon
 .text.Rec_vFan
                0x00004a5c      0x1c0 ./APP_Layer/Smart_Room.o
                0x00004a5c                Rec_vFan
 .text.Sal_vFan
                0x00004c1c      0x1c0 ./APP_Layer/Smart_Room.o
                0x00004c1c                Sal_vFan
 .text.Home_vBed_Room
                0x00004ddc      0x13e ./APP_Layer/Smart_Room.o
                0x00004ddc                Home_vBed_Room
 .text.Bed_vFan
                0x00004f1a      0x19a ./APP_Layer/Smart_Room.o
                0x00004f1a                Bed_vFan
 .text.Home_vChildren_Room_1
                0x000050b4      0x13e ./APP_Layer/Smart_Room.o
                0x000050b4                Home_vChildren_Room_1
 .text.Home_vChildren_Room_2
                0x000051f2      0x13e ./APP_Layer/Smart_Room.o
                0x000051f2                Home_vChildren_Room_2
 .text.Child_vFan
                0x00005330      0x19a ./APP_Layer/Smart_Room.o
                0x00005330                Child_vFan
 .text.Home_vBath_Room
                0x000054ca       0xde ./APP_Layer/Smart_Room.o
                0x000054ca                Home_vBath_Room
 .text.Home_vKitchen
                0x000055a8      0x146 ./APP_Layer/Smart_Room.o
                0x000055a8                Home_vKitchen
 .text.Home_vCorridor
                0x000056ee      0x108 ./APP_Layer/Smart_Room.o
                0x000056ee                Home_vCorridor
 .text.Home_vBalacon
                0x000057f6      0x16c ./APP_Layer/Smart_Room.o
                0x000057f6                Home_vBalacon
 .text.Reception_Door
                0x00005962      0x146 ./APP_Layer/Smart_Room.o
                0x00005962                Reception_Door
 .text.Salon_Door
                0x00005aa8      0x146 ./APP_Layer/Smart_Room.o
                0x00005aa8                Salon_Door
 .text.Auto_Fan_Control
                0x00005bee      0x100 ./APP_Layer/Smart_Room.o
                0x00005bee                Auto_Fan_Control
 .text.Home_vSetting
                0x00005cee      0x212 ./APP_Layer/Smart_Room.o
                0x00005cee                Home_vSetting
 .text.ISR_EXTI_Interrupt
                0x00005f00      0x15e ./APP_Layer/Smart_Room.o
                0x00005f00                ISR_EXTI_Interrupt
 .text.libgcc   0x0000605e       0x18 c:/winavr-20100110/bin/../lib/gcc/avr/4.3.3/avr5\libgcc.a(_udivmodqi4.o)
                0x0000605e                __udivmodqi4
 .text.libgcc   0x00006076        0x0 c:/winavr-20100110/bin/../lib/gcc/avr/4.3.3/avr5\libgcc.a(_exit.o)
 .text.libgcc   0x00006076        0x0 c:/winavr-20100110/bin/../lib/gcc/avr/4.3.3/avr5\libgcc.a(_copy_data.o)
 .text.libgcc   0x00006076        0x0 c:/winavr-20100110/bin/../lib/gcc/avr/4.3.3/avr5\libgcc.a(_clear_bss.o)
 .text.libgcc   0x00006076       0x38 c:/winavr-20100110/bin/../lib/gcc/avr/4.3.3/avr5\libgcc.a(_prologue.o)
                0x00006076                __prologue_saves__
 .text.libgcc   0x000060ae       0x36 c:/winavr-20100110/bin/../lib/gcc/avr/4.3.3/avr5\libgcc.a(_epilogue.o)
                0x000060ae                __epilogue_restores__
                0x000060e4                . = ALIGN (0x2)
 *(.fini9)
 .fini9         0x000060e4        0x0 c:/winavr-20100110/bin/../lib/gcc/avr/4.3.3/avr5\libgcc.a(_exit.o)
                0x000060e4                exit
                0x000060e4                _exit
 *(.fini9)
 *(.fini8)
 *(.fini8)
 *(.fini7)
 *(.fini7)
 *(.fini6)
 *(.fini6)
 *(.fini5)
 *(.fini5)
 *(.fini4)
 *(.fini4)
 *(.fini3)
 *(.fini3)
 *(.fini2)
 *(.fini2)
 *(.fini1)
 *(.fini1)
 *(.fini0)
 .fini0         0x000060e4        0x4 c:/winavr-20100110/bin/../lib/gcc/avr/4.3.3/avr5\libgcc.a(_exit.o)
 *(.fini0)
                0x000060e8                _etext = .

.data           0x00800060      0x588 load address 0x000060e8
                0x00800060                PROVIDE (__data_start, .)
 *(.data)
 .data          0x00800060        0x0 c:/winavr-20100110/bin/../lib/gcc/avr/4.3.3/../../../../avr/lib/avr5/crtm32.o
 .data          0x00800060        0x0 ./MCAL_Layer/USART/USART_prog.o
 .data          0x00800060        0x0 ./MCAL_Layer/TIMER/TIMER_program.o
 .data          0x00800060        0x0 ./MCAL_Layer/SPI/SPI_prog.o
 .data          0x00800060        0x0 ./MCAL_Layer/GIE/GIE_prog.o
 .data          0x00800060        0x0 ./MCAL_Layer/EXTI/EXTI_prog.o
 .data          0x00800060        0x0 ./MCAL_Layer/EEPROM/EEPROM_prog.o
 .data          0x00800060        0x0 ./MCAL_Layer/DIO/DIO_prog.o
 .data          0x00800060        0x0 ./HAL_Layer/LED/LED_prog.o
 .data          0x00800060      0x11d ./APP_Layer/Security.o
 .data          0x0080017d      0x41f ./APP_Layer/Smart_Room.o
 .data          0x0080059c        0x0 c:/winavr-20100110/bin/../lib/gcc/avr/4.3.3/avr5\libgcc.a(_udivmodqi4.o)
 .data          0x0080059c        0x0 c:/winavr-20100110/bin/../lib/gcc/avr/4.3.3/avr5\libgcc.a(_exit.o)
 .data          0x0080059c        0x0 c:/winavr-20100110/bin/../lib/gcc/avr/4.3.3/avr5\libgcc.a(_copy_data.o)
 .data          0x0080059c        0x0 c:/winavr-20100110/bin/../lib/gcc/avr/4.3.3/avr5\libgcc.a(_clear_bss.o)
 .data          0x0080059c        0x0 c:/winavr-20100110/bin/../lib/gcc/avr/4.3.3/avr5\libgcc.a(_fixunssfsi.o)
 .data          0x0080059c        0x0 c:/winavr-20100110/bin/../lib/gcc/avr/4.3.3/avr5\libgcc.a(_addsub_sf.o)
 .data          0x0080059c        0x0 c:/winavr-20100110/bin/../lib/gcc/avr/4.3.3/avr5\libgcc.a(_mul_sf.o)
 .data          0x0080059c        0x0 c:/winavr-20100110/bin/../lib/gcc/avr/4.3.3/avr5\libgcc.a(_gt_sf.o)
 .data          0x0080059c        0x0 c:/winavr-20100110/bin/../lib/gcc/avr/4.3.3/avr5\libgcc.a(_ge_sf.o)
 .data          0x0080059c        0x0 c:/winavr-20100110/bin/../lib/gcc/avr/4.3.3/avr5\libgcc.a(_lt_sf.o)
 .data          0x0080059c        0x0 c:/winavr-20100110/bin/../lib/gcc/avr/4.3.3/avr5\libgcc.a(_sf_to_si.o)
 .data          0x0080059c        0x8 c:/winavr-20100110/bin/../lib/gcc/avr/4.3.3/avr5\libgcc.a(_thenan_sf.o)
                0x0080059c                __thenan_sf
 .data          0x008005a4        0x0 c:/winavr-20100110/bin/../lib/gcc/avr/4.3.3/avr5\libgcc.a(_prologue.o)
 .data          0x008005a4        0x0 c:/winavr-20100110/bin/../lib/gcc/avr/4.3.3/avr5\libgcc.a(_epilogue.o)
 .data          0x008005a4        0x0 c:/winavr-20100110/bin/../lib/gcc/avr/4.3.3/avr5\libgcc.a(_pack_sf.o)
 .data          0x008005a4        0x0 c:/winavr-20100110/bin/../lib/gcc/avr/4.3.3/avr5\libgcc.a(_unpack_sf.o)
 .data          0x008005a4        0x0 c:/winavr-20100110/bin/../lib/gcc/avr/4.3.3/avr5\libgcc.a(_fpcmp_parts_sf.o)
 *(.data*)
 .data.Tries    0x008005a4        0x1 ./APP_Layer/Security.o
                0x008005a4                Tries
 .data.UserName_Check_Flag
                0x008005a5        0x1 ./APP_Layer/Security.o
                0x008005a5                UserName_Check_Flag
 .data.PassWord_Check_Flag
                0x008005a6        0x1 ./APP_Layer/Security.o
                0x008005a6                PassWord_Check_Flag
 .data.Error_State
                0x008005a7        0x1 ./APP_Layer/Security.o
                0x008005a7                Error_State
 .data.uCKitLed_1
                0x008005a8        0x3 ./APP_Layer/Smart_Room.o
                0x008005a8                uCKitLed_1
 .data.uCKitLed_2
                0x008005ab        0x3 ./APP_Layer/Smart_Room.o
                0x008005ab                uCKitLed_2
 .data.uCBedLed_1
                0x008005ae        0x3 ./APP_Layer/Smart_Room.o
                0x008005ae                uCBedLed_1
 .data.uCBedLed_2
                0x008005b1        0x3 ./APP_Layer/Smart_Room.o
                0x008005b1                uCBedLed_2
 .data.uCBthLed
                0x008005b4        0x3 ./APP_Layer/Smart_Room.o
                0x008005b4                uCBthLed
 .data.uCCorLed_1
                0x008005b7        0x3 ./APP_Layer/Smart_Room.o
                0x008005b7                uCCorLed_1
 .data.uCCorLed_2
                0x008005ba        0x3 ./APP_Layer/Smart_Room.o
                0x008005ba                uCCorLed_2
 .data.uCStairLed
                0x008005bd        0x3 ./APP_Layer/Smart_Room.o
                0x008005bd                uCStairLed
 .data.uCBalLed_1
                0x008005c0        0x3 ./APP_Layer/Smart_Room.o
                0x008005c0                uCBalLed_1
 .data.uCBalLed_2
                0x008005c3        0x3 ./APP_Layer/Smart_Room.o
                0x008005c3                uCBalLed_2
 .data.uCBalLed_3
                0x008005c6        0x3 ./APP_Layer/Smart_Room.o
                0x008005c6                uCBalLed_3
 .data.uCBalLed_4
                0x008005c9        0x3 ./APP_Layer/Smart_Room.o
                0x008005c9                uCBalLed_4
 .data.uCSalLed_1
                0x008005cc        0x3 ./APP_Layer/Smart_Room.o
                0x008005cc                uCSalLed_1
 .data.uCSalLed_2
                0x008005cf        0x3 ./APP_Layer/Smart_Room.o
                0x008005cf                uCSalLed_2
 .data.uCRecLed_1
                0x008005d2        0x3 ./APP_Layer/Smart_Room.o
                0x008005d2                uCRecLed_1
 .data.uCRecLed_2
                0x008005d5        0x3 ./APP_Layer/Smart_Room.o
                0x008005d5                uCRecLed_2
 .data.uCRecLed_3
                0x008005d8        0x3 ./APP_Layer/Smart_Room.o
                0x008005d8                uCRecLed_3
 .data.uCCh_1_Led_1
                0x008005db        0x3 ./APP_Layer/Smart_Room.o
                0x008005db                uCCh_1_Led_1
 .data.uCCh_1_Led_2
                0x008005de        0x3 ./APP_Layer/Smart_Room.o
                0x008005de                uCCh_1_Led_2
 .data.uCCh_2_Led_1
                0x008005e1        0x3 ./APP_Layer/Smart_Room.o
                0x008005e1                uCCh_2_Led_1
 .data.uCCh_2_Led_2
                0x008005e4        0x3 ./APP_Layer/Smart_Room.o
                0x008005e4                uCCh_2_Led_2
 .data.Flags    0x008005e7        0x1 ./APP_Layer/Smart_Room.o
                0x008005e7                Flags
 *(.rodata)
 *(.rodata*)
 *(.gnu.linkonce.d*)
                0x008005e8                . = ALIGN (0x2)
                0x008005e8                _edata = .
                0x008005e8                PROVIDE (__data_end, .)

.bss            0x008005e8       0x58
                0x008005e8                PROVIDE (__bss_start, .)
 *(.bss)
 .bss           0x008005e8        0x0 c:/winavr-20100110/bin/../lib/gcc/avr/4.3.3/../../../../avr/lib/avr5/crtm32.o
 .bss           0x008005e8        0x0 ./MCAL_Layer/USART/USART_prog.o
 .bss           0x008005e8        0x0 ./MCAL_Layer/TIMER/TIMER_program.o
 .bss           0x008005e8        0x0 ./MCAL_Layer/SPI/SPI_prog.o
 .bss           0x008005e8        0x0 ./MCAL_Layer/GIE/GIE_prog.o
 .bss           0x008005e8        0x0 ./MCAL_Layer/EXTI/EXTI_prog.o
 .bss           0x008005e8        0x0 ./MCAL_Layer/EEPROM/EEPROM_prog.o
 .bss           0x008005e8        0x0 ./MCAL_Layer/DIO/DIO_prog.o
 .bss           0x008005e8        0x0 ./HAL_Layer/LED/LED_prog.o
 .bss           0x008005e8        0x0 ./APP_Layer/Security.o
 .bss           0x008005e8        0x0 ./APP_Layer/Smart_Room.o
 .bss           0x008005e8        0x0 c:/winavr-20100110/bin/../lib/gcc/avr/4.3.3/avr5\libgcc.a(_udivmodqi4.o)
 .bss           0x008005e8        0x0 c:/winavr-20100110/bin/../lib/gcc/avr/4.3.3/avr5\libgcc.a(_exit.o)
 .bss           0x008005e8        0x0 c:/winavr-20100110/bin/../lib/gcc/avr/4.3.3/avr5\libgcc.a(_copy_data.o)
 .bss           0x008005e8        0x0 c:/winavr-20100110/bin/../lib/gcc/avr/4.3.3/avr5\libgcc.a(_clear_bss.o)
 .bss           0x008005e8        0x0 c:/winavr-20100110/bin/../lib/gcc/avr/4.3.3/avr5\libgcc.a(_fixunssfsi.o)
 .bss           0x008005e8        0x0 c:/winavr-20100110/bin/../lib/gcc/avr/4.3.3/avr5\libgcc.a(_addsub_sf.o)
 .bss           0x008005e8        0x0 c:/winavr-20100110/bin/../lib/gcc/avr/4.3.3/avr5\libgcc.a(_mul_sf.o)
 .bss           0x008005e8        0x0 c:/winavr-20100110/bin/../lib/gcc/avr/4.3.3/avr5\libgcc.a(_gt_sf.o)
 .bss           0x008005e8        0x0 c:/winavr-20100110/bin/../lib/gcc/avr/4.3.3/avr5\libgcc.a(_ge_sf.o)
 .bss           0x008005e8        0x0 c:/winavr-20100110/bin/../lib/gcc/avr/4.3.3/avr5\libgcc.a(_lt_sf.o)
 .bss           0x008005e8        0x0 c:/winavr-20100110/bin/../lib/gcc/avr/4.3.3/avr5\libgcc.a(_sf_to_si.o)
 .bss           0x008005e8        0x0 c:/winavr-20100110/bin/../lib/gcc/avr/4.3.3/avr5\libgcc.a(_thenan_sf.o)
 .bss           0x008005e8        0x0 c:/winavr-20100110/bin/../lib/gcc/avr/4.3.3/avr5\libgcc.a(_prologue.o)
 .bss           0x008005e8        0x0 c:/winavr-20100110/bin/../lib/gcc/avr/4.3.3/avr5\libgcc.a(_epilogue.o)
 .bss           0x008005e8        0x0 c:/winavr-20100110/bin/../lib/gcc/avr/4.3.3/avr5\libgcc.a(_pack_sf.o)
 .bss           0x008005e8        0x0 c:/winavr-20100110/bin/../lib/gcc/avr/4.3.3/avr5\libgcc.a(_unpack_sf.o)
 .bss           0x008005e8        0x0 c:/winavr-20100110/bin/../lib/gcc/avr/4.3.3/avr5\libgcc.a(_fpcmp_parts_sf.o)
 *(.bss*)
 .bss.USART_pu8SendData
                0x008005e8        0x2 ./MCAL_Layer/USART/USART_prog.o
 .bss.USART_pu8ReceiveData
                0x008005ea        0x2 ./MCAL_Layer/USART/USART_prog.o
 .bss.USART_pvNotificationFunc
                0x008005ec        0x2 ./MCAL_Layer/USART/USART_prog.o
 .bss.USART_u8State
                0x008005ee        0x1 ./MCAL_Layer/USART/USART_prog.o
 .bss.USART_u8BufferSize
                0x008005ef        0x1 ./MCAL_Layer/USART/USART_prog.o
 .bss.USART_u8Index
                0x008005f0        0x1 ./MCAL_Layer/USART/USART_prog.o
 .bss.TIMERS_pvCallBackFunc
                0x008005f1       0x10 ./MCAL_Layer/TIMER/TIMER_program.o
 .bss.SPI_pu8TData
                0x00800601        0x2 ./MCAL_Layer/SPI/SPI_prog.o
 .bss.SPI_pu8RData
                0x00800603        0x2 ./MCAL_Layer/SPI/SPI_prog.o
 .bss.SPI_pvNotificationFunc
                0x00800605        0x2 ./MCAL_Layer/SPI/SPI_prog.o
 .bss.SPI_u8State
                0x00800607        0x1 ./MCAL_Layer/SPI/SPI_prog.o
 .bss.SPI_u8BufferSize
                0x00800608        0x1 ./MCAL_Layer/SPI/SPI_prog.o
 .bss.SPI_u8Index
                0x00800609        0x1 ./MCAL_Layer/SPI/SPI_prog.o
 .bss.EXTI_CallBack
                0x0080060a        0x6 ./MCAL_Layer/EXTI/EXTI_prog.o
                0x0080060a                EXTI_CallBack
 .bss.UserName_Length
                0x00800610        0x1 ./APP_Layer/Security.o
                0x00800610                UserName_Length
 .bss.PassWord_Length
                0x00800611        0x1 ./APP_Layer/Security.o
                0x00800611                PassWord_Length
 .bss.KPD_PressLength
                0x00800612        0x1 ./APP_Layer/Smart_Room.o
                0x00800612                KPD_PressLength
 .bss.PressVal  0x00800613        0x1 ./APP_Layer/Smart_Room.o
                0x00800613                PressVal
 .bss.Error_Time_Out
                0x00800614        0x1 ./APP_Layer/Smart_Room.o
                0x00800614                Error_Time_Out
 *(COMMON)
 COMMON         0x00800615       0x2a ./APP_Layer/Security.o
                0x00800615                Check
                0x0080062a                KPD_Press
                0x0080062b                UserName
 COMMON         0x0080063f        0x1 ./APP_Layer/Smart_Room.o
                0x0080063f                SPI_Recieve
                0x00800640                PROVIDE (__bss_end, .)
                0x000060e8                __data_load_start = LOADADDR (.data)
                0x00006670                __data_load_end = (__data_load_start + SIZEOF (.data))

.noinit         0x00800640        0x0
                0x00800640                PROVIDE (__noinit_start, .)
 *(.noinit*)
                0x00800640                PROVIDE (__noinit_end, .)
                0x00800640                _end = .
                0x00800640                PROVIDE (__heap_start, .)

.eeprom         0x00810000        0x0
 *(.eeprom*)
                0x00810000                __eeprom_end = .

.fuse
 *(.fuse)
 *(.lfuse)
 *(.hfuse)
 *(.efuse)

.lock
 *(.lock*)

.signature
 *(.signature*)

.stab           0x00000000     0x70bc
 *(.stab)
 .stab          0x00000000      0xb7c ./MCAL_Layer/USART/USART_prog.o
 .stab          0x00000b7c      0xaa4 ./MCAL_Layer/TIMER/TIMER_program.o
                                0xab0 (size before relaxing)
 .stab          0x00001620      0x8d0 ./MCAL_Layer/SPI/SPI_prog.o
                                0x8dc (size before relaxing)
 .stab          0x00001ef0      0x1c8 ./MCAL_Layer/GIE/GIE_prog.o
                                0x1d4 (size before relaxing)
 .stab          0x000020b8      0x5e8 ./MCAL_Layer/EXTI/EXTI_prog.o
                                0x5f4 (size before relaxing)
 .stab          0x000026a0      0x240 ./MCAL_Layer/EEPROM/EEPROM_prog.o
                                0x24c (size before relaxing)
 .stab          0x000028e0      0xeb8 ./MCAL_Layer/DIO/DIO_prog.o
                                0xec4 (size before relaxing)
 .stab          0x00003798      0x2f4 ./HAL_Layer/LED/LED_prog.o
                                0x300 (size before relaxing)
 .stab          0x00003a8c      0xc54 ./APP_Layer/Security.o
                                0xdec (size before relaxing)
 .stab          0x000046e0     0x29dc ./APP_Layer/Smart_Room.o
                               0x2c1c (size before relaxing)

.stabstr        0x00000000     0x229a
 *(.stabstr)
 .stabstr       0x00000000     0x229a ./MCAL_Layer/USART/USART_prog.o

.stab.excl
 *(.stab.excl)

.stab.exclstr
 *(.stab.exclstr)

.stab.index
 *(.stab.index)

.stab.indexstr
 *(.stab.indexstr)

.comment
 *(.comment)

.debug
 *(.debug)

.line
 *(.line)

.debug_srcinfo
 *(.debug_srcinfo)

.debug_sfnames
 *(.debug_sfnames)

.debug_aranges  0x00000000      0x140
 *(.debug_aranges)
 .debug_aranges
                0x00000000       0x20 c:/winavr-20100110/bin/../lib/gcc/avr/4.3.3/avr5\libgcc.a(_fixunssfsi.o)
 .debug_aranges
                0x00000020       0x20 c:/winavr-20100110/bin/../lib/gcc/avr/4.3.3/avr5\libgcc.a(_addsub_sf.o)
 .debug_aranges
                0x00000040       0x20 c:/winavr-20100110/bin/../lib/gcc/avr/4.3.3/avr5\libgcc.a(_mul_sf.o)
 .debug_aranges
                0x00000060       0x20 c:/winavr-20100110/bin/../lib/gcc/avr/4.3.3/avr5\libgcc.a(_gt_sf.o)
 .debug_aranges
                0x00000080       0x20 c:/winavr-20100110/bin/../lib/gcc/avr/4.3.3/avr5\libgcc.a(_ge_sf.o)
 .debug_aranges
                0x000000a0       0x20 c:/winavr-20100110/bin/../lib/gcc/avr/4.3.3/avr5\libgcc.a(_lt_sf.o)
 .debug_aranges
                0x000000c0       0x20 c:/winavr-20100110/bin/../lib/gcc/avr/4.3.3/avr5\libgcc.a(_sf_to_si.o)
 .debug_aranges
                0x000000e0       0x20 c:/winavr-20100110/bin/../lib/gcc/avr/4.3.3/avr5\libgcc.a(_pack_sf.o)
 .debug_aranges
                0x00000100       0x20 c:/winavr-20100110/bin/../lib/gcc/avr/4.3.3/avr5\libgcc.a(_unpack_sf.o)
 .debug_aranges
                0x00000120       0x20 c:/winavr-20100110/bin/../lib/gcc/avr/4.3.3/avr5\libgcc.a(_fpcmp_parts_sf.o)

.debug_pubnames
                0x00000000      0x170
 *(.debug_pubnames)
 .debug_pubnames
                0x00000000       0x23 c:/winavr-20100110/bin/../lib/gcc/avr/4.3.3/avr5\libgcc.a(_fixunssfsi.o)
 .debug_pubnames
                0x00000023       0x2c c:/winavr-20100110/bin/../lib/gcc/avr/4.3.3/avr5\libgcc.a(_addsub_sf.o)
 .debug_pubnames
                0x0000004f       0x1f c:/winavr-20100110/bin/../lib/gcc/avr/4.3.3/avr5\libgcc.a(_mul_sf.o)
 .debug_pubnames
                0x0000006e       0x1e c:/winavr-20100110/bin/../lib/gcc/avr/4.3.3/avr5\libgcc.a(_gt_sf.o)
 .debug_pubnames
                0x0000008c       0x1e c:/winavr-20100110/bin/../lib/gcc/avr/4.3.3/avr5\libgcc.a(_ge_sf.o)
 .debug_pubnames
                0x000000aa       0x1e c:/winavr-20100110/bin/../lib/gcc/avr/4.3.3/avr5\libgcc.a(_lt_sf.o)
 .debug_pubnames
                0x000000c8       0x20 c:/winavr-20100110/bin/../lib/gcc/avr/4.3.3/avr5\libgcc.a(_sf_to_si.o)
 .debug_pubnames
                0x000000e8       0x22 c:/winavr-20100110/bin/../lib/gcc/avr/4.3.3/avr5\libgcc.a(_thenan_sf.o)
 .debug_pubnames
                0x0000010a       0x1f c:/winavr-20100110/bin/../lib/gcc/avr/4.3.3/avr5\libgcc.a(_pack_sf.o)
 .debug_pubnames
                0x00000129       0x21 c:/winavr-20100110/bin/../lib/gcc/avr/4.3.3/avr5\libgcc.a(_unpack_sf.o)
 .debug_pubnames
                0x0000014a       0x26 c:/winavr-20100110/bin/../lib/gcc/avr/4.3.3/avr5\libgcc.a(_fpcmp_parts_sf.o)

.debug_info     0x00000000     0x1c49
 *(.debug_info)
 .debug_info    0x00000000       0xb1 c:/winavr-20100110/bin/../lib/gcc/avr/4.3.3/avr5\libgcc.a(_fixunssfsi.o)
 .debug_info    0x000000b1      0x47a c:/winavr-20100110/bin/../lib/gcc/avr/4.3.3/avr5\libgcc.a(_addsub_sf.o)
 .debug_info    0x0000052b      0x485 c:/winavr-20100110/bin/../lib/gcc/avr/4.3.3/avr5\libgcc.a(_mul_sf.o)
 .debug_info    0x000009b0      0x27f c:/winavr-20100110/bin/../lib/gcc/avr/4.3.3/avr5\libgcc.a(_gt_sf.o)
 .debug_info    0x00000c2f      0x27f c:/winavr-20100110/bin/../lib/gcc/avr/4.3.3/avr5\libgcc.a(_ge_sf.o)
 .debug_info    0x00000eae      0x27f c:/winavr-20100110/bin/../lib/gcc/avr/4.3.3/avr5\libgcc.a(_lt_sf.o)
 .debug_info    0x0000112d      0x2b0 c:/winavr-20100110/bin/../lib/gcc/avr/4.3.3/avr5\libgcc.a(_sf_to_si.o)
 .debug_info    0x000013dd      0x12c c:/winavr-20100110/bin/../lib/gcc/avr/4.3.3/avr5\libgcc.a(_thenan_sf.o)
 .debug_info    0x00001509      0x2df c:/winavr-20100110/bin/../lib/gcc/avr/4.3.3/avr5\libgcc.a(_pack_sf.o)
 .debug_info    0x000017e8      0x251 c:/winavr-20100110/bin/../lib/gcc/avr/4.3.3/avr5\libgcc.a(_unpack_sf.o)
 .debug_info    0x00001a39      0x210 c:/winavr-20100110/bin/../lib/gcc/avr/4.3.3/avr5\libgcc.a(_fpcmp_parts_sf.o)
 *(.gnu.linkonce.wi.*)

.debug_abbrev   0x00000000      0xeeb
 *(.debug_abbrev)
 .debug_abbrev  0x00000000       0x5d c:/winavr-20100110/bin/../lib/gcc/avr/4.3.3/avr5\libgcc.a(_fixunssfsi.o)
 .debug_abbrev  0x0000005d      0x1ea c:/winavr-20100110/bin/../lib/gcc/avr/4.3.3/avr5\libgcc.a(_addsub_sf.o)
 .debug_abbrev  0x00000247      0x21b c:/winavr-20100110/bin/../lib/gcc/avr/4.3.3/avr5\libgcc.a(_mul_sf.o)
 .debug_abbrev  0x00000462      0x15a c:/winavr-20100110/bin/../lib/gcc/avr/4.3.3/avr5\libgcc.a(_gt_sf.o)
 .debug_abbrev  0x000005bc      0x15a c:/winavr-20100110/bin/../lib/gcc/avr/4.3.3/avr5\libgcc.a(_ge_sf.o)
 .debug_abbrev  0x00000716      0x15a c:/winavr-20100110/bin/../lib/gcc/avr/4.3.3/avr5\libgcc.a(_lt_sf.o)
 .debug_abbrev  0x00000870      0x17f c:/winavr-20100110/bin/../lib/gcc/avr/4.3.3/avr5\libgcc.a(_sf_to_si.o)
 .debug_abbrev  0x000009ef       0xad c:/winavr-20100110/bin/../lib/gcc/avr/4.3.3/avr5\libgcc.a(_thenan_sf.o)
 .debug_abbrev  0x00000a9c      0x1c0 c:/winavr-20100110/bin/../lib/gcc/avr/4.3.3/avr5\libgcc.a(_pack_sf.o)
 .debug_abbrev  0x00000c5c      0x154 c:/winavr-20100110/bin/../lib/gcc/avr/4.3.3/avr5\libgcc.a(_unpack_sf.o)
 .debug_abbrev  0x00000db0      0x13b c:/winavr-20100110/bin/../lib/gcc/avr/4.3.3/avr5\libgcc.a(_fpcmp_parts_sf.o)

.debug_line     0x00000000      0xdad
 *(.debug_line)
 .debug_line    0x00000000       0xa7 c:/winavr-20100110/bin/../lib/gcc/avr/4.3.3/avr5\libgcc.a(_fixunssfsi.o)
 .debug_line    0x000000a7      0x2af c:/winavr-20100110/bin/../lib/gcc/avr/4.3.3/avr5\libgcc.a(_addsub_sf.o)
 .debug_line    0x00000356      0x239 c:/winavr-20100110/bin/../lib/gcc/avr/4.3.3/avr5\libgcc.a(_mul_sf.o)
 .debug_line    0x0000058f       0xd3 c:/winavr-20100110/bin/../lib/gcc/avr/4.3.3/avr5\libgcc.a(_gt_sf.o)
 .debug_line    0x00000662       0xd3 c:/winavr-20100110/bin/../lib/gcc/avr/4.3.3/avr5\libgcc.a(_ge_sf.o)
 .debug_line    0x00000735       0xd3 c:/winavr-20100110/bin/../lib/gcc/avr/4.3.3/avr5\libgcc.a(_lt_sf.o)
 .debug_line    0x00000808      0x109 c:/winavr-20100110/bin/../lib/gcc/avr/4.3.3/avr5\libgcc.a(_sf_to_si.o)
 .debug_line    0x00000911       0x90 c:/winavr-20100110/bin/../lib/gcc/avr/4.3.3/avr5\libgcc.a(_thenan_sf.o)
 .debug_line    0x000009a1      0x18a c:/winavr-20100110/bin/../lib/gcc/avr/4.3.3/avr5\libgcc.a(_pack_sf.o)
 .debug_line    0x00000b2b      0x14b c:/winavr-20100110/bin/../lib/gcc/avr/4.3.3/avr5\libgcc.a(_unpack_sf.o)
 .debug_line    0x00000c76      0x137 c:/winavr-20100110/bin/../lib/gcc/avr/4.3.3/avr5\libgcc.a(_fpcmp_parts_sf.o)

.debug_frame    0x00000000      0x160
 *(.debug_frame)
 .debug_frame   0x00000000       0x20 c:/winavr-20100110/bin/../lib/gcc/avr/4.3.3/avr5\libgcc.a(_fixunssfsi.o)
 .debug_frame   0x00000020       0x40 c:/winavr-20100110/bin/../lib/gcc/avr/4.3.3/avr5\libgcc.a(_addsub_sf.o)
 .debug_frame   0x00000060       0x20 c:/winavr-20100110/bin/../lib/gcc/avr/4.3.3/avr5\libgcc.a(_mul_sf.o)
 .debug_frame   0x00000080       0x20 c:/winavr-20100110/bin/../lib/gcc/avr/4.3.3/avr5\libgcc.a(_gt_sf.o)
 .debug_frame   0x000000a0       0x20 c:/winavr-20100110/bin/../lib/gcc/avr/4.3.3/avr5\libgcc.a(_ge_sf.o)
 .debug_frame   0x000000c0       0x20 c:/winavr-20100110/bin/../lib/gcc/avr/4.3.3/avr5\libgcc.a(_lt_sf.o)
 .debug_frame   0x000000e0       0x20 c:/winavr-20100110/bin/../lib/gcc/avr/4.3.3/avr5\libgcc.a(_sf_to_si.o)
 .debug_frame   0x00000100       0x20 c:/winavr-20100110/bin/../lib/gcc/avr/4.3.3/avr5\libgcc.a(_pack_sf.o)
 .debug_frame   0x00000120       0x20 c:/winavr-20100110/bin/../lib/gcc/avr/4.3.3/avr5\libgcc.a(_unpack_sf.o)
 .debug_frame   0x00000140       0x20 c:/winavr-20100110/bin/../lib/gcc/avr/4.3.3/avr5\libgcc.a(_fpcmp_parts_sf.o)

.debug_str      0x00000000      0x28d
 *(.debug_str)
 .debug_str     0x00000000       0xbf c:/winavr-20100110/bin/../lib/gcc/avr/4.3.3/avr5\libgcc.a(_fixunssfsi.o)
                                 0xfe (size before relaxing)
 .debug_str     0x000000bf      0x14d c:/winavr-20100110/bin/../lib/gcc/avr/4.3.3/avr5\libgcc.a(_addsub_sf.o)
                                0x206 (size before relaxing)
 .debug_str     0x0000020c       0x27 c:/winavr-20100110/bin/../lib/gcc/avr/4.3.3/avr5\libgcc.a(_mul_sf.o)
                                0x1bf (size before relaxing)
 .debug_str     0x00000233        0xf c:/winavr-20100110/bin/../lib/gcc/avr/4.3.3/avr5\libgcc.a(_gt_sf.o)
                                0x195 (size before relaxing)
 .debug_str     0x00000242        0x8 c:/winavr-20100110/bin/../lib/gcc/avr/4.3.3/avr5\libgcc.a(_ge_sf.o)
                                0x195 (size before relaxing)
 .debug_str     0x0000024a        0x8 c:/winavr-20100110/bin/../lib/gcc/avr/4.3.3/avr5\libgcc.a(_lt_sf.o)
                                0x195 (size before relaxing)
 .debug_str     0x00000252        0xa c:/winavr-20100110/bin/../lib/gcc/avr/4.3.3/avr5\libgcc.a(_sf_to_si.o)
                                0x19e (size before relaxing)
 .debug_str     0x00000000      0x103 c:/winavr-20100110/bin/../lib/gcc/avr/4.3.3/avr5\libgcc.a(_thenan_sf.o)
 .debug_str     0x0000025c       0x16 c:/winavr-20100110/bin/../lib/gcc/avr/4.3.3/avr5\libgcc.a(_pack_sf.o)
                                0x19d (size before relaxing)
 .debug_str     0x00000272        0xb c:/winavr-20100110/bin/../lib/gcc/avr/4.3.3/avr5\libgcc.a(_unpack_sf.o)
                                0x17f (size before relaxing)
 .debug_str     0x0000027d       0x10 c:/winavr-20100110/bin/../lib/gcc/avr/4.3.3/avr5\libgcc.a(_fpcmp_parts_sf.o)
                                0x163 (size before relaxing)

.debug_loc      0x00000000      0x7ce
 *(.debug_loc)
 .debug_loc     0x00000000       0x34 c:/winavr-20100110/bin/../lib/gcc/avr/4.3.3/avr5\libgcc.a(_fixunssfsi.o)
 .debug_loc     0x00000034      0x32a c:/winavr-20100110/bin/../lib/gcc/avr/4.3.3/avr5\libgcc.a(_addsub_sf.o)
 .debug_loc     0x0000035e      0x104 c:/winavr-20100110/bin/../lib/gcc/avr/4.3.3/avr5\libgcc.a(_mul_sf.o)
 .debug_loc     0x00000462       0x3c c:/winavr-20100110/bin/../lib/gcc/avr/4.3.3/avr5\libgcc.a(_gt_sf.o)
 .debug_loc     0x0000049e       0x3c c:/winavr-20100110/bin/../lib/gcc/avr/4.3.3/avr5\libgcc.a(_ge_sf.o)
 .debug_loc     0x000004da       0x3c c:/winavr-20100110/bin/../lib/gcc/avr/4.3.3/avr5\libgcc.a(_lt_sf.o)
 .debug_loc     0x00000516       0x7e c:/winavr-20100110/bin/../lib/gcc/avr/4.3.3/avr5\libgcc.a(_sf_to_si.o)
 .debug_loc     0x00000594      0x13e c:/winavr-20100110/bin/../lib/gcc/avr/4.3.3/avr5\libgcc.a(_pack_sf.o)
 .debug_loc     0x000006d2       0xac c:/winavr-20100110/bin/../lib/gcc/avr/4.3.3/avr5\libgcc.a(_unpack_sf.o)
 .debug_loc     0x0000077e       0x50 c:/winavr-20100110/bin/../lib/gcc/avr/4.3.3/avr5\libgcc.a(_fpcmp_parts_sf.o)

.debug_macinfo
 *(.debug_macinfo)
OUTPUT(Smart_Room.elf elf32-avr)
LOAD linker stubs

.debug_ranges   0x00000000       0x50
 .debug_ranges  0x00000000       0x50 c:/winavr-20100110/bin/../lib/gcc/avr/4.3.3/avr5\libgcc.a(_mul_sf.o)
