Archive member included because of file (symbol)

c:/winavr-20100110/bin/../lib/gcc/avr/4.3.3/avr5\libgcc.a(_mulsi3.o)
                              ./HAL_Layer/LM35/LM35_prog.o (__mulsi3)
c:/winavr-20100110/bin/../lib/gcc/avr/4.3.3/avr5\libgcc.a(_udivmodhi4.o)
                              ./HAL_Layer/LM35/LM35_prog.o (__udivmodhi4)
c:/winavr-20100110/bin/../lib/gcc/avr/4.3.3/avr5\libgcc.a(_divmodhi4.o)
                              ./APP_Layer/Smart_Room.o (__divmodhi4)
c:/winavr-20100110/bin/../lib/gcc/avr/4.3.3/avr5\libgcc.a(_udivmodsi4.o)
                              ./HAL_Layer/CLCD/CLCD_prog.o (__udivmodsi4)
c:/winavr-20100110/bin/../lib/gcc/avr/4.3.3/avr5\libgcc.a(_divmodsi4.o)
                              ./HAL_Layer/CLCD/CLCD_prog.o (__divmodsi4)
c:/winavr-20100110/bin/../lib/gcc/avr/4.3.3/avr5\libgcc.a(_exit.o)
                              c:/winavr-20100110/bin/../lib/gcc/avr/4.3.3/../../../../avr/lib/avr5/crtm32.o (exit)
c:/winavr-20100110/bin/../lib/gcc/avr/4.3.3/avr5\libgcc.a(_copy_data.o)
                              ./HAL_Layer/KPD/KPD_prog.o (__do_copy_data)
c:/winavr-20100110/bin/../lib/gcc/avr/4.3.3/avr5\libgcc.a(_clear_bss.o)
                              ./MCAL_Layer/USART/USART_prog.o (__do_clear_bss)
c:/winavr-20100110/bin/../lib/gcc/avr/4.3.3/avr5\libgcc.a(_fixunssfsi.o)
                              ./HAL_Layer/SERVO_MOTOR/Servo_Motor_prog.o (__fixunssfsi)
c:/winavr-20100110/bin/../lib/gcc/avr/4.3.3/avr5\libgcc.a(_fixsfdi.o)
                              ./HAL_Layer/CLCD/CLCD_prog.o (__fixsfdi)
c:/winavr-20100110/bin/../lib/gcc/avr/4.3.3/avr5\libgcc.a(_fixunssfdi.o)
                              c:/winavr-20100110/bin/../lib/gcc/avr/4.3.3/avr5\libgcc.a(_fixsfdi.o) (__fixunssfdi)
c:/winavr-20100110/bin/../lib/gcc/avr/4.3.3/avr5\libgcc.a(_addsub_sf.o)
                              ./HAL_Layer/CLCD/CLCD_prog.o (__subsf3)
c:/winavr-20100110/bin/../lib/gcc/avr/4.3.3/avr5\libgcc.a(_mul_sf.o)
                              ./HAL_Layer/SERVO_MOTOR/Servo_Motor_prog.o (__mulsf3)
c:/winavr-20100110/bin/../lib/gcc/avr/4.3.3/avr5\libgcc.a(_div_sf.o)
                              c:/winavr-20100110/bin/../lib/gcc/avr/4.3.3/avr5\libgcc.a(_fixunssfdi.o) (__divsf3)
c:/winavr-20100110/bin/../lib/gcc/avr/4.3.3/avr5\libgcc.a(_ge_sf.o)
                              c:/winavr-20100110/bin/../lib/gcc/avr/4.3.3/avr5\libgcc.a(_fixunssfsi.o) (__gesf2)
c:/winavr-20100110/bin/../lib/gcc/avr/4.3.3/avr5\libgcc.a(_lt_sf.o)
                              ./HAL_Layer/CLCD/CLCD_prog.o (__ltsf2)
c:/winavr-20100110/bin/../lib/gcc/avr/4.3.3/avr5\libgcc.a(_si_to_sf.o)
                              ./HAL_Layer/SERVO_MOTOR/Servo_Motor_prog.o (__floatsisf)
c:/winavr-20100110/bin/../lib/gcc/avr/4.3.3/avr5\libgcc.a(_sf_to_si.o)
                              ./HAL_Layer/CLCD/CLCD_prog.o (__fixsfsi)
c:/winavr-20100110/bin/../lib/gcc/avr/4.3.3/avr5\libgcc.a(_thenan_sf.o)
                              c:/winavr-20100110/bin/../lib/gcc/avr/4.3.3/avr5\libgcc.a(_addsub_sf.o) (__thenan_sf)
c:/winavr-20100110/bin/../lib/gcc/avr/4.3.3/avr5\libgcc.a(_usi_to_sf.o)
                              ./HAL_Layer/LDR/LDR_prog.o (__floatunsisf)
c:/winavr-20100110/bin/../lib/gcc/avr/4.3.3/avr5\libgcc.a(_prologue.o)
                              c:/winavr-20100110/bin/../lib/gcc/avr/4.3.3/avr5\libgcc.a(_fixunssfdi.o) (__prologue_saves__)
c:/winavr-20100110/bin/../lib/gcc/avr/4.3.3/avr5\libgcc.a(_epilogue.o)
                              c:/winavr-20100110/bin/../lib/gcc/avr/4.3.3/avr5\libgcc.a(_fixunssfdi.o) (__epilogue_restores__)
c:/winavr-20100110/bin/../lib/gcc/avr/4.3.3/avr5\libgcc.a(_ashldi3.o)
                              c:/winavr-20100110/bin/../lib/gcc/avr/4.3.3/avr5\libgcc.a(_fixunssfdi.o) (__ashldi3)
c:/winavr-20100110/bin/../lib/gcc/avr/4.3.3/avr5\libgcc.a(_clzsi2.o)
                              c:/winavr-20100110/bin/../lib/gcc/avr/4.3.3/avr5\libgcc.a(_si_to_sf.o) (__clzsi2)
c:/winavr-20100110/bin/../lib/gcc/avr/4.3.3/avr5\libgcc.a(_pack_sf.o)
                              c:/winavr-20100110/bin/../lib/gcc/avr/4.3.3/avr5\libgcc.a(_addsub_sf.o) (__pack_f)
c:/winavr-20100110/bin/../lib/gcc/avr/4.3.3/avr5\libgcc.a(_unpack_sf.o)
                              c:/winavr-20100110/bin/../lib/gcc/avr/4.3.3/avr5\libgcc.a(_addsub_sf.o) (__unpack_f)
c:/winavr-20100110/bin/../lib/gcc/avr/4.3.3/avr5\libgcc.a(_fpcmp_parts_sf.o)
                              c:/winavr-20100110/bin/../lib/gcc/avr/4.3.3/avr5\libgcc.a(_ge_sf.o) (__fpcmp_parts_f)
c:/winavr-20100110/bin/../lib/gcc/avr/4.3.3/avr5\libgcc.a(_clz.o)
                              c:/winavr-20100110/bin/../lib/gcc/avr/4.3.3/avr5\libgcc.a(_clzsi2.o) (__clz_tab)

Allocating common symbols
Common symbol       size              file

Check               0x15              ./APP_Layer/SECURITY/SECURITY_prog.o
LDR_LightPrec       0x1               ./APP_Layer/Smart_Room.o
LM35_Degree         0x1               ./APP_Layer/Smart_Room.o
KPD_Press           0x1               ./APP_Layer/SECURITY/SECURITY_prog.o
UserName            0x14              ./APP_Layer/SECURITY/SECURITY_prog.o
LM35_Temp           0x1               ./APP_Layer/Smart_Room.o

Memory Configuration

Name             Origin             Length             Attributes
text             0x00000000         0x00020000         xr
data             0x00800060         0x0000ffa0         rw !x
eeprom           0x00810000         0x00010000         rw !x
fuse             0x00820000         0x00000400         rw !x
lock             0x00830000         0x00000400         rw !x
signature        0x00840000         0x00000400         rw !x
*default*        0x00000000         0xffffffff

Linker script and memory map

LOAD c:/winavr-20100110/bin/../lib/gcc/avr/4.3.3/../../../../avr/lib/avr5/crtm32.o
LOAD ./MCAL_Layer/USART/USART_prog.o
LOAD ./MCAL_Layer/TIMER/TIMER_program.o
LOAD ./MCAL_Layer/GIE/GIE_prog.o
LOAD ./MCAL_Layer/EXTI/EXTI_prog.o
LOAD ./MCAL_Layer/EEPROM/EEPROM_prog.o
LOAD ./MCAL_Layer/DIO/DIO_prog.o
LOAD ./MCAL_Layer/ADC/ADC_prog.o
LOAD ./HAL_Layer/SERVO_MOTOR/Servo_Motor_prog.o
LOAD ./HAL_Layer/LM35/LM35_prog.o
LOAD ./HAL_Layer/LED/LED_prog.o
LOAD ./HAL_Layer/LDR/LDR_prog.o
LOAD ./HAL_Layer/KPD/KPD_prog.o
LOAD ./HAL_Layer/CLCD/CLCD_prog.o
LOAD ./APP_Layer/SECURITY/SECURITY_prog.o
LOAD ./APP_Layer/Smart_Room.o
LOAD c:/winavr-20100110/bin/../lib/gcc/avr/4.3.3/avr5\libgcc.a
LOAD c:/winavr-20100110/bin/../lib/gcc/avr/4.3.3/../../../../avr/lib/avr5\libc.a
LOAD c:/winavr-20100110/bin/../lib/gcc/avr/4.3.3/avr5\libgcc.a

.hash
 *(.hash)

.dynsym
 *(.dynsym)

.dynstr
 *(.dynstr)

.gnu.version
 *(.gnu.version)

.gnu.version_d
 *(.gnu.version_d)

.gnu.version_r
 *(.gnu.version_r)

.rel.init
 *(.rel.init)

.rela.init
 *(.rela.init)

.rel.text
 *(.rel.text)
 *(.rel.text.*)
 *(.rel.gnu.linkonce.t*)

.rela.text
 *(.rela.text)
 *(.rela.text.*)
 *(.rela.gnu.linkonce.t*)

.rel.fini
 *(.rel.fini)

.rela.fini
 *(.rela.fini)

.rel.rodata
 *(.rel.rodata)
 *(.rel.rodata.*)
 *(.rel.gnu.linkonce.r*)

.rela.rodata
 *(.rela.rodata)
 *(.rela.rodata.*)
 *(.rela.gnu.linkonce.r*)

.rel.data
 *(.rel.data)
 *(.rel.data.*)
 *(.rel.gnu.linkonce.d*)

.rela.data
 *(.rela.data)
 *(.rela.data.*)
 *(.rela.gnu.linkonce.d*)

.rel.ctors
 *(.rel.ctors)

.rela.ctors
 *(.rela.ctors)

.rel.dtors
 *(.rel.dtors)

.rela.dtors
 *(.rela.dtors)

.rel.got
 *(.rel.got)

.rela.got
 *(.rela.got)

.rel.bss
 *(.rel.bss)

.rela.bss
 *(.rela.bss)

.rel.plt
 *(.rel.plt)

.rela.plt
 *(.rela.plt)

.text           0x00000000     0x45e8
 *(.vectors)
 .vectors       0x00000000       0x54 c:/winavr-20100110/bin/../lib/gcc/avr/4.3.3/../../../../avr/lib/avr5/crtm32.o
                0x00000000                __vectors
                0x00000000                __vector_default
 *(.vectors)
 *(.progmem.gcc*)
 *(.progmem*)
                0x00000054                . = ALIGN (0x2)
                0x00000054                __trampolines_start = .
 *(.trampolines)
 .trampolines   0x00000054        0x0 linker stubs
 *(.trampolines*)
                0x00000054                __trampolines_end = .
 *(.jumptables)
 *(.jumptables*)
 *(.lowtext)
 *(.lowtext*)
                0x00000054                __ctors_start = .
 *(.ctors)
                0x00000054                __ctors_end = .
                0x00000054                __dtors_start = .
 *(.dtors)
                0x00000054                __dtors_end = .
 SORT(*)(.ctors)
 SORT(*)(.dtors)
 *(.init0)
 .init0         0x00000054        0x0 c:/winavr-20100110/bin/../lib/gcc/avr/4.3.3/../../../../avr/lib/avr5/crtm32.o
                0x00000054                __init
 *(.init0)
 *(.init1)
 *(.init1)
 *(.init2)
 .init2         0x00000054        0xc c:/winavr-20100110/bin/../lib/gcc/avr/4.3.3/../../../../avr/lib/avr5/crtm32.o
 *(.init2)
 *(.init3)
 *(.init3)
 *(.init4)
 .init4         0x00000060       0x16 c:/winavr-20100110/bin/../lib/gcc/avr/4.3.3/avr5\libgcc.a(_copy_data.o)
                0x00000060                __do_copy_data
 .init4         0x00000076       0x10 c:/winavr-20100110/bin/../lib/gcc/avr/4.3.3/avr5\libgcc.a(_clear_bss.o)
                0x00000076                __do_clear_bss
 *(.init4)
 *(.init5)
 *(.init5)
 *(.init6)
 *(.init6)
 *(.init7)
 *(.init7)
 *(.init8)
 *(.init8)
 *(.init9)
 .init9         0x00000086        0x8 c:/winavr-20100110/bin/../lib/gcc/avr/4.3.3/../../../../avr/lib/avr5/crtm32.o
 *(.init9)
 *(.text)
 .text          0x0000008e        0x4 c:/winavr-20100110/bin/../lib/gcc/avr/4.3.3/../../../../avr/lib/avr5/crtm32.o
                0x0000008e                __vector_12
                0x0000008e                __bad_interrupt
                0x0000008e                __vector_17
                0x0000008e                __vector_19
                0x0000008e                __vector_14
                0x0000008e                __vector_18
                0x0000008e                __vector_20
 .text          0x00000092        0x0 ./MCAL_Layer/USART/USART_prog.o
 .text          0x00000092        0x0 ./MCAL_Layer/TIMER/TIMER_program.o
 .text          0x00000092        0x0 ./MCAL_Layer/GIE/GIE_prog.o
 .text          0x00000092        0x0 ./MCAL_Layer/EXTI/EXTI_prog.o
 .text          0x00000092        0x0 ./MCAL_Layer/EEPROM/EEPROM_prog.o
 .text          0x00000092        0x0 ./MCAL_Layer/DIO/DIO_prog.o
 .text          0x00000092        0x0 ./MCAL_Layer/ADC/ADC_prog.o
 .text          0x00000092        0x0 ./HAL_Layer/SERVO_MOTOR/Servo_Motor_prog.o
 .text          0x00000092        0x0 ./HAL_Layer/LM35/LM35_prog.o
 .text          0x00000092        0x0 ./HAL_Layer/LED/LED_prog.o
 .text          0x00000092        0x0 ./HAL_Layer/LDR/LDR_prog.o
 .text          0x00000092        0x0 ./HAL_Layer/KPD/KPD_prog.o
 .text          0x00000092        0x0 ./HAL_Layer/CLCD/CLCD_prog.o
 .text          0x00000092        0x0 ./APP_Layer/SECURITY/SECURITY_prog.o
 .text          0x00000092        0x0 ./APP_Layer/Smart_Room.o
 .text          0x00000092        0x0 c:/winavr-20100110/bin/../lib/gcc/avr/4.3.3/avr5\libgcc.a(_mulsi3.o)
 .text          0x00000092        0x0 c:/winavr-20100110/bin/../lib/gcc/avr/4.3.3/avr5\libgcc.a(_udivmodhi4.o)
 .text          0x00000092        0x0 c:/winavr-20100110/bin/../lib/gcc/avr/4.3.3/avr5\libgcc.a(_divmodhi4.o)
 .text          0x00000092        0x0 c:/winavr-20100110/bin/../lib/gcc/avr/4.3.3/avr5\libgcc.a(_udivmodsi4.o)
 .text          0x00000092        0x0 c:/winavr-20100110/bin/../lib/gcc/avr/4.3.3/avr5\libgcc.a(_divmodsi4.o)
 .text          0x00000092        0x0 c:/winavr-20100110/bin/../lib/gcc/avr/4.3.3/avr5\libgcc.a(_exit.o)
 .text          0x00000092        0x0 c:/winavr-20100110/bin/../lib/gcc/avr/4.3.3/avr5\libgcc.a(_copy_data.o)
 .text          0x00000092        0x0 c:/winavr-20100110/bin/../lib/gcc/avr/4.3.3/avr5\libgcc.a(_clear_bss.o)
 .text          0x00000092       0x58 c:/winavr-20100110/bin/../lib/gcc/avr/4.3.3/avr5\libgcc.a(_fixunssfsi.o)
                0x00000092                __fixunssfsi
 .text          0x000000ea       0xe8 c:/winavr-20100110/bin/../lib/gcc/avr/4.3.3/avr5\libgcc.a(_fixsfdi.o)
                0x000000ea                __fixsfdi
 .text          0x000001d2      0x150 c:/winavr-20100110/bin/../lib/gcc/avr/4.3.3/avr5\libgcc.a(_fixunssfdi.o)
                0x000001d2                __fixunssfdi
 .text          0x00000322      0x354 c:/winavr-20100110/bin/../lib/gcc/avr/4.3.3/avr5\libgcc.a(_addsub_sf.o)
                0x000005ba                __subsf3
                0x0000061c                __addsf3
 .text          0x00000676      0x1f4 c:/winavr-20100110/bin/../lib/gcc/avr/4.3.3/avr5\libgcc.a(_mul_sf.o)
                0x00000676                __mulsf3
 .text          0x0000086a      0x158 c:/winavr-20100110/bin/../lib/gcc/avr/4.3.3/avr5\libgcc.a(_div_sf.o)
                0x0000086a                __divsf3
 .text          0x000009c2       0x60 c:/winavr-20100110/bin/../lib/gcc/avr/4.3.3/avr5\libgcc.a(_ge_sf.o)
                0x000009c2                __gesf2
 .text          0x00000a22       0x60 c:/winavr-20100110/bin/../lib/gcc/avr/4.3.3/avr5\libgcc.a(_lt_sf.o)
                0x00000a22                __ltsf2
 .text          0x00000a82       0xbc c:/winavr-20100110/bin/../lib/gcc/avr/4.3.3/avr5\libgcc.a(_si_to_sf.o)
                0x00000a82                __floatsisf
 .text          0x00000b3e       0xa8 c:/winavr-20100110/bin/../lib/gcc/avr/4.3.3/avr5\libgcc.a(_sf_to_si.o)
                0x00000b3e                __fixsfsi
 .text          0x00000be6        0x0 c:/winavr-20100110/bin/../lib/gcc/avr/4.3.3/avr5\libgcc.a(_thenan_sf.o)
 .text          0x00000be6       0xf2 c:/winavr-20100110/bin/../lib/gcc/avr/4.3.3/avr5\libgcc.a(_usi_to_sf.o)
                0x00000be6                __floatunsisf
 .text          0x00000cd8        0x0 c:/winavr-20100110/bin/../lib/gcc/avr/4.3.3/avr5\libgcc.a(_prologue.o)
 .text          0x00000cd8        0x0 c:/winavr-20100110/bin/../lib/gcc/avr/4.3.3/avr5\libgcc.a(_epilogue.o)
 .text          0x00000cd8       0xfe c:/winavr-20100110/bin/../lib/gcc/avr/4.3.3/avr5\libgcc.a(_ashldi3.o)
                0x00000cd8                __ashldi3
 .text          0x00000dd6       0x9e c:/winavr-20100110/bin/../lib/gcc/avr/4.3.3/avr5\libgcc.a(_clzsi2.o)
                0x00000dd6                __clzsi2
 .text          0x00000e74      0x1aa c:/winavr-20100110/bin/../lib/gcc/avr/4.3.3/avr5\libgcc.a(_pack_sf.o)
                0x00000e74                __pack_f
 .text          0x0000101e       0xf0 c:/winavr-20100110/bin/../lib/gcc/avr/4.3.3/avr5\libgcc.a(_unpack_sf.o)
                0x0000101e                __unpack_f
 .text          0x0000110e       0xb2 c:/winavr-20100110/bin/../lib/gcc/avr/4.3.3/avr5\libgcc.a(_fpcmp_parts_sf.o)
                0x0000110e                __fpcmp_parts_f
 .text          0x000011c0        0x0 c:/winavr-20100110/bin/../lib/gcc/avr/4.3.3/avr5\libgcc.a(_clz.o)
                0x000011c0                . = ALIGN (0x2)
 *(.text.*)
 .text.USART_vInit
                0x000011c0       0x1c ./MCAL_Layer/USART/USART_prog.o
                0x000011c0                USART_vInit
 .text.USART_u8SendData
                0x000011dc       0x4c ./MCAL_Layer/USART/USART_prog.o
                0x000011dc                USART_u8SendData
 .text.USART_u8ReceiveData
                0x00001228       0x56 ./MCAL_Layer/USART/USART_prog.o
                0x00001228                USART_u8ReceiveData
 .text.USART_u8SendStringSynch
                0x0000127e       0x26 ./MCAL_Layer/USART/USART_prog.o
                0x0000127e                USART_u8SendStringSynch
 .text.USART_u8SendStringAsynch
                0x000012a4       0x40 ./MCAL_Layer/USART/USART_prog.o
                0x000012a4                USART_u8SendStringAsynch
 .text.USART_u8ReceiveBufferSynch
                0x000012e4       0x64 ./MCAL_Layer/USART/USART_prog.o
                0x000012e4                USART_u8ReceiveBufferSynch
 .text.USART_u8ReceiveBufferAsynch
                0x00001348       0x42 ./MCAL_Layer/USART/USART_prog.o
                0x00001348                USART_u8ReceiveBufferAsynch
 .text.__vector_13
                0x0000138a       0x7e ./MCAL_Layer/USART/USART_prog.o
                0x0000138a                __vector_13
 .text.__vector_15
                0x00001408       0x7c ./MCAL_Layer/USART/USART_prog.o
                0x00001408                __vector_15
 .text.TIMER0_vInit
                0x00001484       0x26 ./MCAL_Layer/TIMER/TIMER_program.o
                0x00001484                TIMER0_vInit
 .text.TIMER1_vInit
                0x000014aa       0x6c ./MCAL_Layer/TIMER/TIMER_program.o
                0x000014aa                TIMER1_vInit
 .text.TIMER2_vInit
                0x00001516       0x28 ./MCAL_Layer/TIMER/TIMER_program.o
                0x00001516                TIMER2_vInit
 .text.TIMER0_vSetPreload
                0x0000153e        0x4 ./MCAL_Layer/TIMER/TIMER_program.o
                0x0000153e                TIMER0_vSetPreload
 .text.TIMER1_vSetPreload
                0x00001542        0x6 ./MCAL_Layer/TIMER/TIMER_program.o
                0x00001542                TIMER1_vSetPreload
 .text.TIMER2_vSetPreload
                0x00001548        0x4 ./MCAL_Layer/TIMER/TIMER_program.o
                0x00001548                TIMER2_vSetPreload
 .text.TIMER0_vSetCTC
                0x0000154c        0x4 ./MCAL_Layer/TIMER/TIMER_program.o
                0x0000154c                TIMER0_vSetCTC
 .text.TIMER1_vSetCTCA
                0x00001550        0x6 ./MCAL_Layer/TIMER/TIMER_program.o
                0x00001550                TIMER1_vSetCTCA
 .text.TIMER1_vSetCTCB
                0x00001556        0x6 ./MCAL_Layer/TIMER/TIMER_program.o
                0x00001556                TIMER1_vSetCTCB
 .text.TIMER2_vSetCTC
                0x0000155c        0x4 ./MCAL_Layer/TIMER/TIMER_program.o
                0x0000155c                TIMER2_vSetCTC
 .text.TIMER1_vSetICR1
                0x00001560        0x6 ./MCAL_Layer/TIMER/TIMER_program.o
                0x00001560                TIMER1_vSetICR1
 .text.TIMER0_u8GetTimerCounterValue
                0x00001566        0x4 ./MCAL_Layer/TIMER/TIMER_program.o
                0x00001566                TIMER0_u8GetTimerCounterValue
 .text.TIMER1_u16GetTimerCounterValue
                0x0000156a        0x8 ./MCAL_Layer/TIMER/TIMER_program.o
                0x0000156a                TIMER1_u16GetTimerCounterValue
 .text.TIMER2_u8GetTimerCounterValue
                0x00001572        0x4 ./MCAL_Layer/TIMER/TIMER_program.o
                0x00001572                TIMER2_u8GetTimerCounterValue
 .text.TIMER_vSetPWM
                0x00001576        0x6 ./MCAL_Layer/TIMER/TIMER_program.o
                0x00001576                TIMER_vSetPWM
 .text.Timer2_vSetPrescaler
                0x0000157c        0xe ./MCAL_Layer/TIMER/TIMER_program.o
                0x0000157c                Timer2_vSetPrescaler
 .text.Timer0_vSetPrescaler
                0x0000158a        0xe ./MCAL_Layer/TIMER/TIMER_program.o
                0x0000158a                Timer0_vSetPrescaler
 .text.TIMER_vICUInitEnable
                0x00001598        0xe ./MCAL_Layer/TIMER/TIMER_program.o
                0x00001598                TIMER_vICUInitEnable
 .text.TIMER_vICUSetTriggerEdge
                0x000015a6       0x20 ./MCAL_Layer/TIMER/TIMER_program.o
                0x000015a6                TIMER_vICUSetTriggerEdge
 .text.TIMER_vICUEnableInterrupt
                0x000015c6        0x8 ./MCAL_Layer/TIMER/TIMER_program.o
                0x000015c6                TIMER_vICUEnableInterrupt
 .text.TIMER_vICUDisableInterrupt
                0x000015ce        0x8 ./MCAL_Layer/TIMER/TIMER_program.o
                0x000015ce                TIMER_vICUDisableInterrupt
 .text.TIMER_u16GetICR
                0x000015d6        0x8 ./MCAL_Layer/TIMER/TIMER_program.o
                0x000015d6                TIMER_u16GetICR
 .text.TIMER_vWDTSleep
                0x000015de        0xe ./MCAL_Layer/TIMER/TIMER_program.o
                0x000015de                TIMER_vWDTSleep
 .text.TIMER_vWDTEnable
                0x000015ec        0x8 ./MCAL_Layer/TIMER/TIMER_program.o
                0x000015ec                TIMER_vWDTEnable
 .text.TIMER_vWDTDisable
                0x000015f4        0xa ./MCAL_Layer/TIMER/TIMER_program.o
                0x000015f4                TIMER_vWDTDisable
 .text.TIMER_u8SetCallBack
                0x000015fe       0x1c ./MCAL_Layer/TIMER/TIMER_program.o
                0x000015fe                TIMER_u8SetCallBack
 .text.__vector_11
                0x0000161a       0x52 ./MCAL_Layer/TIMER/TIMER_program.o
                0x0000161a                __vector_11
 .text.__vector_10
                0x0000166c       0x52 ./MCAL_Layer/TIMER/TIMER_program.o
                0x0000166c                __vector_10
 .text.__vector_9
                0x000016be       0x52 ./MCAL_Layer/TIMER/TIMER_program.o
                0x000016be                __vector_9
 .text.__vector_8
                0x00001710       0x52 ./MCAL_Layer/TIMER/TIMER_program.o
                0x00001710                __vector_8
 .text.__vector_7
                0x00001762       0x52 ./MCAL_Layer/TIMER/TIMER_program.o
                0x00001762                __vector_7
 .text.__vector_6
                0x000017b4       0x52 ./MCAL_Layer/TIMER/TIMER_program.o
                0x000017b4                __vector_6
 .text.__vector_5
                0x00001806       0x52 ./MCAL_Layer/TIMER/TIMER_program.o
                0x00001806                __vector_5
 .text.__vector_4
                0x00001858       0x52 ./MCAL_Layer/TIMER/TIMER_program.o
                0x00001858                __vector_4
 .text.GIE_vEnable
                0x000018aa        0x8 ./MCAL_Layer/GIE/GIE_prog.o
                0x000018aa                GIE_vEnable
 .text.GIE_vDisable
                0x000018b2        0x8 ./MCAL_Layer/GIE/GIE_prog.o
                0x000018b2                GIE_vDisable
 .text.EXTI_vInit
                0x000018ba        0xe ./MCAL_Layer/EXTI/EXTI_prog.o
                0x000018ba                EXTI_vInit
 .text.EXTI_vSetSignal
                0x000018c8       0xfe ./MCAL_Layer/EXTI/EXTI_prog.o
                0x000018c8                EXTI_vSetSignal
 .text.EXTI_vDisableInterrupt
                0x000019c6       0x26 ./MCAL_Layer/EXTI/EXTI_prog.o
                0x000019c6                EXTI_vDisableInterrupt
 .text.EXTI_vEnableInterrupt
                0x000019ec       0x24 ./MCAL_Layer/EXTI/EXTI_prog.o
                0x000019ec                EXTI_vEnableInterrupt
 .text.EXTI_vClearFlag
                0x00001a10       0x16 ./MCAL_Layer/EXTI/EXTI_prog.o
                0x00001a10                EXTI_vClearFlag
 .text.EXTI_u8GETFlag
                0x00001a26       0x26 ./MCAL_Layer/EXTI/EXTI_prog.o
                0x00001a26                EXTI_u8GETFlag
 .text.EXTI_vSetCallBack
                0x00001a4c       0x34 ./MCAL_Layer/EXTI/EXTI_prog.o
                0x00001a4c                EXTI_vSetCallBack
 .text.__vector_1
                0x00001a80       0x58 ./MCAL_Layer/EXTI/EXTI_prog.o
                0x00001a80                __vector_1
 .text.__vector_2
                0x00001ad8       0x58 ./MCAL_Layer/EXTI/EXTI_prog.o
                0x00001ad8                __vector_2
 .text.__vector_3
                0x00001b30       0x58 ./MCAL_Layer/EXTI/EXTI_prog.o
                0x00001b30                __vector_3
 .text.EEPROM_vWrite
                0x00001b88       0x10 ./MCAL_Layer/EEPROM/EEPROM_prog.o
                0x00001b88                EEPROM_vWrite
 .text.EEPROM_vRead
                0x00001b98        0xa ./MCAL_Layer/EEPROM/EEPROM_prog.o
                0x00001b98                EEPROM_vRead
 .text.DIO_enumSetPinDir
                0x00001ba2       0xfc ./MCAL_Layer/DIO/DIO_prog.o
                0x00001ba2                DIO_enumSetPinDir
 .text.DIO_enumWritePinVal
                0x00001c9e       0xfc ./MCAL_Layer/DIO/DIO_prog.o
                0x00001c9e                DIO_enumWritePinVal
 .text.DIO_enumReadPinVal
                0x00001d9a       0x54 ./MCAL_Layer/DIO/DIO_prog.o
                0x00001d9a                DIO_enumReadPinVal
 .text.DIO_enumTogglePinVal
                0x00001dee       0x78 ./MCAL_Layer/DIO/DIO_prog.o
                0x00001dee                DIO_enumTogglePinVal
 .text.DIO_enumConnectPullUp
                0x00001e66      0x128 ./MCAL_Layer/DIO/DIO_prog.o
                0x00001e66                DIO_enumConnectPullUp
 .text.DIO_enumSetPortDir
                0x00001f8e       0x2c ./MCAL_Layer/DIO/DIO_prog.o
                0x00001f8e                DIO_enumSetPortDir
 .text.DIO_enumWritePortVal
                0x00001fba       0x2c ./MCAL_Layer/DIO/DIO_prog.o
                0x00001fba                DIO_enumWritePortVal
 .text.DIO_enumReadPorVal
                0x00001fe6       0x30 ./MCAL_Layer/DIO/DIO_prog.o
                0x00001fe6                DIO_enumReadPorVal
 .text.DIO_enumTogglePortValue
                0x00002016       0x3e ./MCAL_Layer/DIO/DIO_prog.o
                0x00002016                DIO_enumTogglePortValue
 .text.DIO_vWriteLowNibble
                0x00002054       0x58 ./MCAL_Layer/DIO/DIO_prog.o
                0x00002054                DIO_vWriteLowNibble
 .text.DIO_vWriteHighNibble
                0x000020ac       0x5a ./MCAL_Layer/DIO/DIO_prog.o
                0x000020ac                DIO_vWriteHighNibble
 .text.DIO_vSetLowNibbleDir
                0x00002106       0x58 ./MCAL_Layer/DIO/DIO_prog.o
                0x00002106                DIO_vSetLowNibbleDir
 .text.DIO_vSetHighNibbleDir
                0x0000215e       0x5a ./MCAL_Layer/DIO/DIO_prog.o
                0x0000215e                DIO_vSetHighNibbleDir
 .text.ADC_vInit
                0x000021b8       0x1a ./MCAL_Layer/ADC/ADC_prog.o
                0x000021b8                ADC_vInit
 .text.ADC_vEnable
                0x000021d2        0x4 ./MCAL_Layer/ADC/ADC_prog.o
                0x000021d2                ADC_vEnable
 .text.ADC_vDisable
                0x000021d6        0x4 ./MCAL_Layer/ADC/ADC_prog.o
                0x000021d6                ADC_vDisable
 .text.ADC_vInterruptEnable
                0x000021da        0x4 ./MCAL_Layer/ADC/ADC_prog.o
                0x000021da                ADC_vInterruptEnable
 .text.ADC_vInterruptDisable
                0x000021de        0x4 ./MCAL_Layer/ADC/ADC_prog.o
                0x000021de                ADC_vInterruptDisable
 .text.ADC_u8VoltageReference
                0x000021e2       0x26 ./MCAL_Layer/ADC/ADC_prog.o
                0x000021e2                ADC_u8VoltageReference
 .text.ADC_u8SetPrescaler
                0x00002208       0x1a ./MCAL_Layer/ADC/ADC_prog.o
                0x00002208                ADC_u8SetPrescaler
 .text.ADC_u8SetAdjustment
                0x00002222       0x16 ./MCAL_Layer/ADC/ADC_prog.o
                0x00002222                ADC_u8SetAdjustment
 .text.ADC_u8SetTriggerSource
                0x00002238       0x22 ./MCAL_Layer/ADC/ADC_prog.o
                0x00002238                ADC_u8SetTriggerSource
 .text.ADC_u8GetResultSync
                0x0000225a       0x7e ./MCAL_Layer/ADC/ADC_prog.o
                0x0000225a                ADC_u8GetResultSync
 .text.ADC_u8StartConversionAsynch
                0x000022d8       0x50 ./MCAL_Layer/ADC/ADC_prog.o
                0x000022d8                ADC_u8StartConversionAsynch
 .text.ADC_u8StartChainAsynch
                0x00002328       0x78 ./MCAL_Layer/ADC/ADC_prog.o
                0x00002328                ADC_u8StartChainAsynch
 .text.__vector_16
                0x000023a0       0xd6 ./MCAL_Layer/ADC/ADC_prog.o
                0x000023a0                __vector_16
 .text.SM_vTimer1Degree
                0x00002476       0x44 ./HAL_Layer/SERVO_MOTOR/Servo_Motor_prog.o
                0x00002476                SM_vTimer1Degree
 .text.SM_vInit
                0x000024ba        0xc ./HAL_Layer/SERVO_MOTOR/Servo_Motor_prog.o
                0x000024ba                SM_vInit
 .text.LM35_u8GetAnalogSignal
                0x000024c6       0xa4 ./HAL_Layer/LM35/LM35_prog.o
                0x000024c6                LM35_u8GetAnalogSignal
 .text.LM35_u8GetTemp
                0x0000256a       0xac ./HAL_Layer/LM35/LM35_prog.o
                0x0000256a                LM35_u8GetTemp
 .text.LED_vTog
                0x00002616       0x28 ./HAL_Layer/LED/LED_prog.o
                0x00002616                LED_vTog
 .text.LED_vTurnOff
                0x0000263e       0x38 ./HAL_Layer/LED/LED_prog.o
                0x0000263e                LED_vTurnOff
 .text.LED_vTurnOn
                0x00002676       0x38 ./HAL_Layer/LED/LED_prog.o
                0x00002676                LED_vTurnOn
 .text.LED_vInit
                0x000026ae       0x2a ./HAL_Layer/LED/LED_prog.o
                0x000026ae                LED_vInit
 .text.LDR_u8GetLightPres
                0x000026d8       0x86 ./HAL_Layer/LDR/LDR_prog.o
                0x000026d8                LDR_u8GetLightPres
 .text.KPD_u8GetPressed
                0x0000275e      0x108 ./HAL_Layer/KPD/KPD_prog.o
                0x0000275e                KPD_u8GetPressed
 .text.KPD_vInit
                0x00002866       0x3a ./HAL_Layer/KPD/KPD_prog.o
                0x00002866                KPD_vInit
 .text.CLCD_vSendFallingEdge
                0x000028a0       0x2e ./HAL_Layer/CLCD/CLCD_prog.o
 .text.CLCD_vSendCommand
                0x000028ce       0x38 ./HAL_Layer/CLCD/CLCD_prog.o
                0x000028ce                CLCD_vSendCommand
 .text.CLCD_voidShiftDisplayLeft
                0x00002906       0x10 ./HAL_Layer/CLCD/CLCD_prog.o
                0x00002906                CLCD_voidShiftDisplayLeft
 .text.CLCD_voidShiftDisplayRight
                0x00002916       0x10 ./HAL_Layer/CLCD/CLCD_prog.o
                0x00002916                CLCD_voidShiftDisplayRight
 .text.CLCD_vSetPosition
                0x00002926       0x48 ./HAL_Layer/CLCD/CLCD_prog.o
                0x00002926                CLCD_vSetPosition
 .text.CLCD_vClearScreen
                0x0000296e       0x10 ./HAL_Layer/CLCD/CLCD_prog.o
                0x0000296e                CLCD_vClearScreen
 .text.CLCD_vSendData
                0x0000297e       0x38 ./HAL_Layer/CLCD/CLCD_prog.o
                0x0000297e                CLCD_vSendData
 .text.CLCD_vSendExtraChar
                0x000029b6       0x44 ./HAL_Layer/CLCD/CLCD_prog.o
                0x000029b6                CLCD_vSendExtraChar
 .text.CLCD_vSendIntNumber
                0x000029fa       0xf4 ./HAL_Layer/CLCD/CLCD_prog.o
                0x000029fa                CLCD_vSendIntNumber
 .text.CLCD_vSendFloatNumber
                0x00002aee       0x88 ./HAL_Layer/CLCD/CLCD_prog.o
                0x00002aee                CLCD_vSendFloatNumber
 .text.CLCD_vSendString
                0x00002b76       0x26 ./HAL_Layer/CLCD/CLCD_prog.o
                0x00002b76                CLCD_vSendString
 .text.CLCD_vInit
                0x00002b9c       0x9c ./HAL_Layer/CLCD/CLCD_prog.o
                0x00002b9c                CLCD_vInit
 .text.Clear_Char
                0x00002c38       0x14 ./APP_Layer/SECURITY/SECURITY_prog.o
                0x00002c38                Clear_Char
 .text.Error_TimeOut
                0x00002c4c       0x50 ./APP_Layer/SECURITY/SECURITY_prog.o
                0x00002c4c                Error_TimeOut
 .text.PassWord_Check
                0x00002c9c      0x130 ./APP_Layer/SECURITY/SECURITY_prog.o
                0x00002c9c                PassWord_Check
 .text.UserName_Check
                0x00002dcc      0x12e ./APP_Layer/SECURITY/SECURITY_prog.o
                0x00002dcc                UserName_Check
 .text.Sign_In  0x00002efa       0xf2 ./APP_Layer/SECURITY/SECURITY_prog.o
                0x00002efa                Sign_In
 .text.PassWord_Set
                0x00002fec      0x1fe ./APP_Layer/SECURITY/SECURITY_prog.o
                0x00002fec                PassWord_Set
 .text.UserName_Set
                0x000031ea      0x23e ./APP_Layer/SECURITY/SECURITY_prog.o
                0x000031ea                UserName_Set
 .text.EEPROM_vInit
                0x00003428       0xcc ./APP_Layer/SECURITY/SECURITY_prog.o
                0x00003428                EEPROM_vInit
 .text.ISR_EXTI0_Interrupt
                0x000034f4       0xae ./APP_Layer/Smart_Room.o
                0x000034f4                ISR_EXTI0_Interrupt
 .text.Fan_Speed
                0x000035a2      0x254 ./APP_Layer/Smart_Room.o
                0x000035a2                Fan_Speed
 .text.ISR_TIMER2_OVF_MODE
                0x000037f6       0xd2 ./APP_Layer/Smart_Room.o
                0x000037f6                ISR_TIMER2_OVF_MODE
 .text.Room_vFan
                0x000038c8      0x1aa ./APP_Layer/Smart_Room.o
                0x000038c8                Room_vFan
 .text.ROOM_LampThree
                0x00003a72      0x15c ./APP_Layer/Smart_Room.o
                0x00003a72                ROOM_LampThree
 .text.ROOM_LampTwo
                0x00003bce      0x16e ./APP_Layer/Smart_Room.o
                0x00003bce                ROOM_LampTwo
 .text.ROOM_LampOne
                0x00003d3c      0x16e ./APP_Layer/Smart_Room.o
                0x00003d3c                ROOM_LampOne
 .text.Auto_Fan_Control
                0x00003eaa       0x8a ./APP_Layer/Smart_Room.o
                0x00003eaa                Auto_Fan_Control
 .text.Room_Door
                0x00003f34       0xc8 ./APP_Layer/Smart_Room.o
                0x00003f34                Room_Door
 .text.Room_vSetting
                0x00003ffc      0x142 ./APP_Layer/Smart_Room.o
                0x00003ffc                Room_vSetting
 .text.Room     0x0000413e      0x1ea ./APP_Layer/Smart_Room.o
                0x0000413e                Room
 .text.main     0x00004328      0x148 ./APP_Layer/Smart_Room.o
                0x00004328                main
 .text.libgcc   0x00004470       0x3e c:/winavr-20100110/bin/../lib/gcc/avr/4.3.3/avr5\libgcc.a(_mulsi3.o)
                0x00004470                __mulsi3
 .text.libgcc   0x000044ae       0x28 c:/winavr-20100110/bin/../lib/gcc/avr/4.3.3/avr5\libgcc.a(_udivmodhi4.o)
                0x000044ae                __udivmodhi4
 .text.libgcc   0x000044d6       0x26 c:/winavr-20100110/bin/../lib/gcc/avr/4.3.3/avr5\libgcc.a(_divmodhi4.o)
                0x000044d6                __divmodhi4
                0x000044d6                _div
 .text.libgcc   0x000044fc       0x44 c:/winavr-20100110/bin/../lib/gcc/avr/4.3.3/avr5\libgcc.a(_udivmodsi4.o)
                0x000044fc                __udivmodsi4
 .text.libgcc   0x00004540       0x36 c:/winavr-20100110/bin/../lib/gcc/avr/4.3.3/avr5\libgcc.a(_divmodsi4.o)
                0x00004540                __divmodsi4
 .text.libgcc   0x00004576        0x0 c:/winavr-20100110/bin/../lib/gcc/avr/4.3.3/avr5\libgcc.a(_exit.o)
 .text.libgcc   0x00004576        0x0 c:/winavr-20100110/bin/../lib/gcc/avr/4.3.3/avr5\libgcc.a(_copy_data.o)
 .text.libgcc   0x00004576        0x0 c:/winavr-20100110/bin/../lib/gcc/avr/4.3.3/avr5\libgcc.a(_clear_bss.o)
 .text.libgcc   0x00004576       0x38 c:/winavr-20100110/bin/../lib/gcc/avr/4.3.3/avr5\libgcc.a(_prologue.o)
                0x00004576                __prologue_saves__
 .text.libgcc   0x000045ae       0x36 c:/winavr-20100110/bin/../lib/gcc/avr/4.3.3/avr5\libgcc.a(_epilogue.o)
                0x000045ae                __epilogue_restores__
                0x000045e4                . = ALIGN (0x2)
 *(.fini9)
 .fini9         0x000045e4        0x0 c:/winavr-20100110/bin/../lib/gcc/avr/4.3.3/avr5\libgcc.a(_exit.o)
                0x000045e4                exit
                0x000045e4                _exit
 *(.fini9)
 *(.fini8)
 *(.fini8)
 *(.fini7)
 *(.fini7)
 *(.fini6)
 *(.fini6)
 *(.fini5)
 *(.fini5)
 *(.fini4)
 *(.fini4)
 *(.fini3)
 *(.fini3)
 *(.fini2)
 *(.fini2)
 *(.fini1)
 *(.fini1)
 *(.fini0)
 .fini0         0x000045e4        0x4 c:/winavr-20100110/bin/../lib/gcc/avr/4.3.3/avr5\libgcc.a(_exit.o)
 *(.fini0)
                0x000045e8                _etext = .

.data           0x00800060      0x432 load address 0x000045e8
                0x00800060                PROVIDE (__data_start, .)
 *(.data)
 .data          0x00800060        0x0 c:/winavr-20100110/bin/../lib/gcc/avr/4.3.3/../../../../avr/lib/avr5/crtm32.o
 .data          0x00800060        0x0 ./MCAL_Layer/USART/USART_prog.o
 .data          0x00800060        0x0 ./MCAL_Layer/TIMER/TIMER_program.o
 .data          0x00800060        0x0 ./MCAL_Layer/GIE/GIE_prog.o
 .data          0x00800060        0x0 ./MCAL_Layer/EXTI/EXTI_prog.o
 .data          0x00800060        0x0 ./MCAL_Layer/EEPROM/EEPROM_prog.o
 .data          0x00800060        0x0 ./MCAL_Layer/DIO/DIO_prog.o
 .data          0x00800060        0x0 ./MCAL_Layer/ADC/ADC_prog.o
 .data          0x00800060        0x0 ./HAL_Layer/SERVO_MOTOR/Servo_Motor_prog.o
 .data          0x00800060        0x0 ./HAL_Layer/LM35/LM35_prog.o
 .data          0x00800060        0x0 ./HAL_Layer/LED/LED_prog.o
 .data          0x00800060        0x0 ./HAL_Layer/LDR/LDR_prog.o
 .data          0x00800060        0x0 ./HAL_Layer/KPD/KPD_prog.o
 .data          0x00800060        0x0 ./HAL_Layer/CLCD/CLCD_prog.o
 .data          0x00800060      0x108 ./APP_Layer/SECURITY/SECURITY_prog.o
 .data          0x00800168      0x1ee ./APP_Layer/Smart_Room.o
 .data          0x00800356        0x0 c:/winavr-20100110/bin/../lib/gcc/avr/4.3.3/avr5\libgcc.a(_mulsi3.o)
 .data          0x00800356        0x0 c:/winavr-20100110/bin/../lib/gcc/avr/4.3.3/avr5\libgcc.a(_udivmodhi4.o)
 .data          0x00800356        0x0 c:/winavr-20100110/bin/../lib/gcc/avr/4.3.3/avr5\libgcc.a(_divmodhi4.o)
 .data          0x00800356        0x0 c:/winavr-20100110/bin/../lib/gcc/avr/4.3.3/avr5\libgcc.a(_udivmodsi4.o)
 .data          0x00800356        0x0 c:/winavr-20100110/bin/../lib/gcc/avr/4.3.3/avr5\libgcc.a(_divmodsi4.o)
 .data          0x00800356        0x0 c:/winavr-20100110/bin/../lib/gcc/avr/4.3.3/avr5\libgcc.a(_exit.o)
 .data          0x00800356        0x0 c:/winavr-20100110/bin/../lib/gcc/avr/4.3.3/avr5\libgcc.a(_copy_data.o)
 .data          0x00800356        0x0 c:/winavr-20100110/bin/../lib/gcc/avr/4.3.3/avr5\libgcc.a(_clear_bss.o)
 .data          0x00800356        0x0 c:/winavr-20100110/bin/../lib/gcc/avr/4.3.3/avr5\libgcc.a(_fixunssfsi.o)
 .data          0x00800356        0x0 c:/winavr-20100110/bin/../lib/gcc/avr/4.3.3/avr5\libgcc.a(_fixsfdi.o)
 .data          0x00800356        0x0 c:/winavr-20100110/bin/../lib/gcc/avr/4.3.3/avr5\libgcc.a(_fixunssfdi.o)
 .data          0x00800356        0x0 c:/winavr-20100110/bin/../lib/gcc/avr/4.3.3/avr5\libgcc.a(_addsub_sf.o)
 .data          0x00800356        0x0 c:/winavr-20100110/bin/../lib/gcc/avr/4.3.3/avr5\libgcc.a(_mul_sf.o)
 .data          0x00800356        0x0 c:/winavr-20100110/bin/../lib/gcc/avr/4.3.3/avr5\libgcc.a(_div_sf.o)
 .data          0x00800356        0x0 c:/winavr-20100110/bin/../lib/gcc/avr/4.3.3/avr5\libgcc.a(_ge_sf.o)
 .data          0x00800356        0x0 c:/winavr-20100110/bin/../lib/gcc/avr/4.3.3/avr5\libgcc.a(_lt_sf.o)
 .data          0x00800356        0x0 c:/winavr-20100110/bin/../lib/gcc/avr/4.3.3/avr5\libgcc.a(_si_to_sf.o)
 .data          0x00800356        0x0 c:/winavr-20100110/bin/../lib/gcc/avr/4.3.3/avr5\libgcc.a(_sf_to_si.o)
 .data          0x00800356        0x8 c:/winavr-20100110/bin/../lib/gcc/avr/4.3.3/avr5\libgcc.a(_thenan_sf.o)
                0x00800356                __thenan_sf
 .data          0x0080035e        0x0 c:/winavr-20100110/bin/../lib/gcc/avr/4.3.3/avr5\libgcc.a(_usi_to_sf.o)
 .data          0x0080035e        0x0 c:/winavr-20100110/bin/../lib/gcc/avr/4.3.3/avr5\libgcc.a(_prologue.o)
 .data          0x0080035e        0x0 c:/winavr-20100110/bin/../lib/gcc/avr/4.3.3/avr5\libgcc.a(_epilogue.o)
 .data          0x0080035e        0x0 c:/winavr-20100110/bin/../lib/gcc/avr/4.3.3/avr5\libgcc.a(_ashldi3.o)
 .data          0x0080035e        0x0 c:/winavr-20100110/bin/../lib/gcc/avr/4.3.3/avr5\libgcc.a(_clzsi2.o)
 .data          0x0080035e        0x0 c:/winavr-20100110/bin/../lib/gcc/avr/4.3.3/avr5\libgcc.a(_pack_sf.o)
 .data          0x0080035e        0x0 c:/winavr-20100110/bin/../lib/gcc/avr/4.3.3/avr5\libgcc.a(_unpack_sf.o)
 .data          0x0080035e        0x0 c:/winavr-20100110/bin/../lib/gcc/avr/4.3.3/avr5\libgcc.a(_fpcmp_parts_sf.o)
 .data          0x0080035e      0x100 c:/winavr-20100110/bin/../lib/gcc/avr/4.3.3/avr5\libgcc.a(_clz.o)
                0x0080035e                __clz_tab
 *(.data*)
 .data.KPD_u8Buttons
                0x0080045e       0x10 ./HAL_Layer/KPD/KPD_prog.o
                0x0080045e                KPD_u8Buttons
 .data.CLCD_u8ExtraChar
                0x0080046e        0x8 ./HAL_Layer/CLCD/CLCD_prog.o
                0x0080046e                CLCD_u8ExtraChar
 .data.Tries    0x00800476        0x1 ./APP_Layer/SECURITY/SECURITY_prog.o
                0x00800476                Tries
 .data.UserName_Check_Flag
                0x00800477        0x1 ./APP_Layer/SECURITY/SECURITY_prog.o
                0x00800477                UserName_Check_Flag
 .data.PassWord_Check_Flag
                0x00800478        0x1 ./APP_Layer/SECURITY/SECURITY_prog.o
                0x00800478                PassWord_Check_Flag
 .data.Error_State
                0x00800479        0x1 ./APP_Layer/SECURITY/SECURITY_prog.o
                0x00800479                Error_State
 .data.LM35     0x0080047a        0x3 ./APP_Layer/Smart_Room.o
                0x0080047a                LM35
 .data.LDR1     0x0080047d        0x3 ./APP_Layer/Smart_Room.o
                0x0080047d                LDR1
 .data.LDR2     0x00800480        0x3 ./APP_Layer/Smart_Room.o
                0x00800480                LDR2
 .data.LDR3     0x00800483        0x3 ./APP_Layer/Smart_Room.o
                0x00800483                LDR3
 .data.Room_Led_1
                0x00800486        0x3 ./APP_Layer/Smart_Room.o
                0x00800486                Room_Led_1
 .data.Room_Led_2
                0x00800489        0x3 ./APP_Layer/Smart_Room.o
                0x00800489                Room_Led_2
 .data.Room_Led_3
                0x0080048c        0x3 ./APP_Layer/Smart_Room.o
                0x0080048c                Room_Led_3
 .data.Flags    0x0080048f        0x2 ./APP_Layer/Smart_Room.o
                0x0080048f                Flags
 *(.rodata)
 *(.rodata*)
 *(.gnu.linkonce.d*)
                0x00800492                . = ALIGN (0x2)
 *fill*         0x00800491        0x1 00
                0x00800492                _edata = .
                0x00800492                PROVIDE (__data_end, .)

.bss            0x00800492       0x5c
                0x00800492                PROVIDE (__bss_start, .)
 *(.bss)
 .bss           0x00800492        0x0 c:/winavr-20100110/bin/../lib/gcc/avr/4.3.3/../../../../avr/lib/avr5/crtm32.o
 .bss           0x00800492        0x0 ./MCAL_Layer/USART/USART_prog.o
 .bss           0x00800492        0x0 ./MCAL_Layer/TIMER/TIMER_program.o
 .bss           0x00800492        0x0 ./MCAL_Layer/GIE/GIE_prog.o
 .bss           0x00800492        0x0 ./MCAL_Layer/EXTI/EXTI_prog.o
 .bss           0x00800492        0x0 ./MCAL_Layer/EEPROM/EEPROM_prog.o
 .bss           0x00800492        0x0 ./MCAL_Layer/DIO/DIO_prog.o
 .bss           0x00800492        0x0 ./MCAL_Layer/ADC/ADC_prog.o
 .bss           0x00800492        0x0 ./HAL_Layer/SERVO_MOTOR/Servo_Motor_prog.o
 .bss           0x00800492        0x0 ./HAL_Layer/LM35/LM35_prog.o
 .bss           0x00800492        0x0 ./HAL_Layer/LED/LED_prog.o
 .bss           0x00800492        0x0 ./HAL_Layer/LDR/LDR_prog.o
 .bss           0x00800492        0x0 ./HAL_Layer/KPD/KPD_prog.o
 .bss           0x00800492        0x0 ./HAL_Layer/CLCD/CLCD_prog.o
 .bss           0x00800492        0x0 ./APP_Layer/SECURITY/SECURITY_prog.o
 .bss           0x00800492        0x0 ./APP_Layer/Smart_Room.o
 .bss           0x00800492        0x0 c:/winavr-20100110/bin/../lib/gcc/avr/4.3.3/avr5\libgcc.a(_mulsi3.o)
 .bss           0x00800492        0x0 c:/winavr-20100110/bin/../lib/gcc/avr/4.3.3/avr5\libgcc.a(_udivmodhi4.o)
 .bss           0x00800492        0x0 c:/winavr-20100110/bin/../lib/gcc/avr/4.3.3/avr5\libgcc.a(_divmodhi4.o)
 .bss           0x00800492        0x0 c:/winavr-20100110/bin/../lib/gcc/avr/4.3.3/avr5\libgcc.a(_udivmodsi4.o)
 .bss           0x00800492        0x0 c:/winavr-20100110/bin/../lib/gcc/avr/4.3.3/avr5\libgcc.a(_divmodsi4.o)
 .bss           0x00800492        0x0 c:/winavr-20100110/bin/../lib/gcc/avr/4.3.3/avr5\libgcc.a(_exit.o)
 .bss           0x00800492        0x0 c:/winavr-20100110/bin/../lib/gcc/avr/4.3.3/avr5\libgcc.a(_copy_data.o)
 .bss           0x00800492        0x0 c:/winavr-20100110/bin/../lib/gcc/avr/4.3.3/avr5\libgcc.a(_clear_bss.o)
 .bss           0x00800492        0x0 c:/winavr-20100110/bin/../lib/gcc/avr/4.3.3/avr5\libgcc.a(_fixunssfsi.o)
 .bss           0x00800492        0x0 c:/winavr-20100110/bin/../lib/gcc/avr/4.3.3/avr5\libgcc.a(_fixsfdi.o)
 .bss           0x00800492        0x0 c:/winavr-20100110/bin/../lib/gcc/avr/4.3.3/avr5\libgcc.a(_fixunssfdi.o)
 .bss           0x00800492        0x0 c:/winavr-20100110/bin/../lib/gcc/avr/4.3.3/avr5\libgcc.a(_addsub_sf.o)
 .bss           0x00800492        0x0 c:/winavr-20100110/bin/../lib/gcc/avr/4.3.3/avr5\libgcc.a(_mul_sf.o)
 .bss           0x00800492        0x0 c:/winavr-20100110/bin/../lib/gcc/avr/4.3.3/avr5\libgcc.a(_div_sf.o)
 .bss           0x00800492        0x0 c:/winavr-20100110/bin/../lib/gcc/avr/4.3.3/avr5\libgcc.a(_ge_sf.o)
 .bss           0x00800492        0x0 c:/winavr-20100110/bin/../lib/gcc/avr/4.3.3/avr5\libgcc.a(_lt_sf.o)
 .bss           0x00800492        0x0 c:/winavr-20100110/bin/../lib/gcc/avr/4.3.3/avr5\libgcc.a(_si_to_sf.o)
 .bss           0x00800492        0x0 c:/winavr-20100110/bin/../lib/gcc/avr/4.3.3/avr5\libgcc.a(_sf_to_si.o)
 .bss           0x00800492        0x0 c:/winavr-20100110/bin/../lib/gcc/avr/4.3.3/avr5\libgcc.a(_thenan_sf.o)
 .bss           0x00800492        0x0 c:/winavr-20100110/bin/../lib/gcc/avr/4.3.3/avr5\libgcc.a(_usi_to_sf.o)
 .bss           0x00800492        0x0 c:/winavr-20100110/bin/../lib/gcc/avr/4.3.3/avr5\libgcc.a(_prologue.o)
 .bss           0x00800492        0x0 c:/winavr-20100110/bin/../lib/gcc/avr/4.3.3/avr5\libgcc.a(_epilogue.o)
 .bss           0x00800492        0x0 c:/winavr-20100110/bin/../lib/gcc/avr/4.3.3/avr5\libgcc.a(_ashldi3.o)
 .bss           0x00800492        0x0 c:/winavr-20100110/bin/../lib/gcc/avr/4.3.3/avr5\libgcc.a(_clzsi2.o)
 .bss           0x00800492        0x0 c:/winavr-20100110/bin/../lib/gcc/avr/4.3.3/avr5\libgcc.a(_pack_sf.o)
 .bss           0x00800492        0x0 c:/winavr-20100110/bin/../lib/gcc/avr/4.3.3/avr5\libgcc.a(_unpack_sf.o)
 .bss           0x00800492        0x0 c:/winavr-20100110/bin/../lib/gcc/avr/4.3.3/avr5\libgcc.a(_fpcmp_parts_sf.o)
 .bss           0x00800492        0x0 c:/winavr-20100110/bin/../lib/gcc/avr/4.3.3/avr5\libgcc.a(_clz.o)
 *(.bss*)
 .bss.USART_pu8SendData
                0x00800492        0x2 ./MCAL_Layer/USART/USART_prog.o
 .bss.USART_u8State
                0x00800494        0x1 ./MCAL_Layer/USART/USART_prog.o
 .bss.USART_pvNotificationFunc
                0x00800495        0x2 ./MCAL_Layer/USART/USART_prog.o
 .bss.USART_pu8ReceiveData
                0x00800497        0x2 ./MCAL_Layer/USART/USART_prog.o
 .bss.USART_u8BufferSize
                0x00800499        0x1 ./MCAL_Layer/USART/USART_prog.o
 .bss.USART_u8Index
                0x0080049a        0x1 ./MCAL_Layer/USART/USART_prog.o
 .bss.TIMERS_pvCallBackFunc
                0x0080049b       0x10 ./MCAL_Layer/TIMER/TIMER_program.o
 .bss.EXTI_CallBack
                0x008004ab        0x6 ./MCAL_Layer/EXTI/EXTI_prog.o
                0x008004ab                EXTI_CallBack
 .bss.ADC_pu16AsynchConversionResult
                0x008004b1        0x2 ./MCAL_Layer/ADC/ADC_prog.o
 .bss.ADC_u8State
                0x008004b3        0x1 ./MCAL_Layer/ADC/ADC_prog.o
 .bss.ADC_pvNotificationFunc
                0x008004b4        0x2 ./MCAL_Layer/ADC/ADC_prog.o
 .bss.ADC_u8ISRState
                0x008004b6        0x1 ./MCAL_Layer/ADC/ADC_prog.o
 .bss.ADC_pu8ChainChannel
                0x008004b7        0x2 ./MCAL_Layer/ADC/ADC_prog.o
 .bss.ADC_u8ChainSize
                0x008004b9        0x1 ./MCAL_Layer/ADC/ADC_prog.o
 .bss.ADC_u8Index
                0x008004ba        0x1 ./MCAL_Layer/ADC/ADC_prog.o
 .bss.UserName_Length
                0x008004bb        0x1 ./APP_Layer/SECURITY/SECURITY_prog.o
                0x008004bb                UserName_Length
 .bss.PassWord_Length
                0x008004bc        0x1 ./APP_Layer/SECURITY/SECURITY_prog.o
                0x008004bc                PassWord_Length
 .bss.Error_Time_Out
                0x008004bd        0x1 ./APP_Layer/Smart_Room.o
                0x008004bd                Error_Time_Out
 .bss.Prescaler_Falg
                0x008004be        0x1 ./APP_Layer/Smart_Room.o
                0x008004be                Prescaler_Falg
 .bss.Timer_Counter
                0x008004bf        0x1 ./APP_Layer/Smart_Room.o
                0x008004bf                Timer_Counter
 .bss.Fan_SaveSpeed
                0x008004c0        0x1 ./APP_Layer/Smart_Room.o
                0x008004c0                Fan_SaveSpeed
 *(COMMON)
 COMMON         0x008004c1       0x2a ./APP_Layer/SECURITY/SECURITY_prog.o
                0x008004c1                Check
                0x008004d6                KPD_Press
                0x008004d7                UserName
 COMMON         0x008004eb        0x3 ./APP_Layer/Smart_Room.o
                0x008004eb                LDR_LightPrec
                0x008004ec                LM35_Degree
                0x008004ed                LM35_Temp
                0x008004ee                PROVIDE (__bss_end, .)
                0x000045e8                __data_load_start = LOADADDR (.data)
                0x00004a1a                __data_load_end = (__data_load_start + SIZEOF (.data))

.noinit         0x008004ee        0x0
                0x008004ee                PROVIDE (__noinit_start, .)
 *(.noinit*)
                0x008004ee                PROVIDE (__noinit_end, .)
                0x008004ee                _end = .
                0x008004ee                PROVIDE (__heap_start, .)

.eeprom         0x00810000        0x0
 *(.eeprom*)
                0x00810000                __eeprom_end = .

.fuse
 *(.fuse)
 *(.lfuse)
 *(.hfuse)
 *(.efuse)

.lock
 *(.lock*)

.signature
 *(.signature*)

.stab
 *(.stab)

.stabstr
 *(.stabstr)

.stab.excl
 *(.stab.excl)

.stab.exclstr
 *(.stab.exclstr)

.stab.index
 *(.stab.index)

.stab.indexstr
 *(.stab.indexstr)

.comment
 *(.comment)

.debug
 *(.debug)

.line
 *(.line)

.debug_srcinfo
 *(.debug_srcinfo)

.debug_sfnames
 *(.debug_sfnames)

.debug_aranges  0x00000000      0x200
 *(.debug_aranges)
 .debug_aranges
                0x00000000       0x20 c:/winavr-20100110/bin/../lib/gcc/avr/4.3.3/avr5\libgcc.a(_fixunssfsi.o)
 .debug_aranges
                0x00000020       0x20 c:/winavr-20100110/bin/../lib/gcc/avr/4.3.3/avr5\libgcc.a(_fixsfdi.o)
 .debug_aranges
                0x00000040       0x20 c:/winavr-20100110/bin/../lib/gcc/avr/4.3.3/avr5\libgcc.a(_fixunssfdi.o)
 .debug_aranges
                0x00000060       0x20 c:/winavr-20100110/bin/../lib/gcc/avr/4.3.3/avr5\libgcc.a(_addsub_sf.o)
 .debug_aranges
                0x00000080       0x20 c:/winavr-20100110/bin/../lib/gcc/avr/4.3.3/avr5\libgcc.a(_mul_sf.o)
 .debug_aranges
                0x000000a0       0x20 c:/winavr-20100110/bin/../lib/gcc/avr/4.3.3/avr5\libgcc.a(_div_sf.o)
 .debug_aranges
                0x000000c0       0x20 c:/winavr-20100110/bin/../lib/gcc/avr/4.3.3/avr5\libgcc.a(_ge_sf.o)
 .debug_aranges
                0x000000e0       0x20 c:/winavr-20100110/bin/../lib/gcc/avr/4.3.3/avr5\libgcc.a(_lt_sf.o)
 .debug_aranges
                0x00000100       0x20 c:/winavr-20100110/bin/../lib/gcc/avr/4.3.3/avr5\libgcc.a(_si_to_sf.o)
 .debug_aranges
                0x00000120       0x20 c:/winavr-20100110/bin/../lib/gcc/avr/4.3.3/avr5\libgcc.a(_sf_to_si.o)
 .debug_aranges
                0x00000140       0x20 c:/winavr-20100110/bin/../lib/gcc/avr/4.3.3/avr5\libgcc.a(_usi_to_sf.o)
 .debug_aranges
                0x00000160       0x20 c:/winavr-20100110/bin/../lib/gcc/avr/4.3.3/avr5\libgcc.a(_ashldi3.o)
 .debug_aranges
                0x00000180       0x20 c:/winavr-20100110/bin/../lib/gcc/avr/4.3.3/avr5\libgcc.a(_clzsi2.o)
 .debug_aranges
                0x000001a0       0x20 c:/winavr-20100110/bin/../lib/gcc/avr/4.3.3/avr5\libgcc.a(_pack_sf.o)
 .debug_aranges
                0x000001c0       0x20 c:/winavr-20100110/bin/../lib/gcc/avr/4.3.3/avr5\libgcc.a(_unpack_sf.o)
 .debug_aranges
                0x000001e0       0x20 c:/winavr-20100110/bin/../lib/gcc/avr/4.3.3/avr5\libgcc.a(_fpcmp_parts_sf.o)

.debug_pubnames
                0x00000000      0x259
 *(.debug_pubnames)
 .debug_pubnames
                0x00000000       0x23 c:/winavr-20100110/bin/../lib/gcc/avr/4.3.3/avr5\libgcc.a(_fixunssfsi.o)
 .debug_pubnames
                0x00000023       0x20 c:/winavr-20100110/bin/../lib/gcc/avr/4.3.3/avr5\libgcc.a(_fixsfdi.o)
 .debug_pubnames
                0x00000043       0x23 c:/winavr-20100110/bin/../lib/gcc/avr/4.3.3/avr5\libgcc.a(_fixunssfdi.o)
 .debug_pubnames
                0x00000066       0x2c c:/winavr-20100110/bin/../lib/gcc/avr/4.3.3/avr5\libgcc.a(_addsub_sf.o)
 .debug_pubnames
                0x00000092       0x1f c:/winavr-20100110/bin/../lib/gcc/avr/4.3.3/avr5\libgcc.a(_mul_sf.o)
 .debug_pubnames
                0x000000b1       0x1f c:/winavr-20100110/bin/../lib/gcc/avr/4.3.3/avr5\libgcc.a(_div_sf.o)
 .debug_pubnames
                0x000000d0       0x1e c:/winavr-20100110/bin/../lib/gcc/avr/4.3.3/avr5\libgcc.a(_ge_sf.o)
 .debug_pubnames
                0x000000ee       0x1e c:/winavr-20100110/bin/../lib/gcc/avr/4.3.3/avr5\libgcc.a(_lt_sf.o)
 .debug_pubnames
                0x0000010c       0x22 c:/winavr-20100110/bin/../lib/gcc/avr/4.3.3/avr5\libgcc.a(_si_to_sf.o)
 .debug_pubnames
                0x0000012e       0x20 c:/winavr-20100110/bin/../lib/gcc/avr/4.3.3/avr5\libgcc.a(_sf_to_si.o)
 .debug_pubnames
                0x0000014e       0x22 c:/winavr-20100110/bin/../lib/gcc/avr/4.3.3/avr5\libgcc.a(_thenan_sf.o)
 .debug_pubnames
                0x00000170       0x24 c:/winavr-20100110/bin/../lib/gcc/avr/4.3.3/avr5\libgcc.a(_usi_to_sf.o)
 .debug_pubnames
                0x00000194       0x20 c:/winavr-20100110/bin/../lib/gcc/avr/4.3.3/avr5\libgcc.a(_ashldi3.o)
 .debug_pubnames
                0x000001b4       0x1f c:/winavr-20100110/bin/../lib/gcc/avr/4.3.3/avr5\libgcc.a(_clzsi2.o)
 .debug_pubnames
                0x000001d3       0x1f c:/winavr-20100110/bin/../lib/gcc/avr/4.3.3/avr5\libgcc.a(_pack_sf.o)
 .debug_pubnames
                0x000001f2       0x21 c:/winavr-20100110/bin/../lib/gcc/avr/4.3.3/avr5\libgcc.a(_unpack_sf.o)
 .debug_pubnames
                0x00000213       0x26 c:/winavr-20100110/bin/../lib/gcc/avr/4.3.3/avr5\libgcc.a(_fpcmp_parts_sf.o)
 .debug_pubnames
                0x00000239       0x20 c:/winavr-20100110/bin/../lib/gcc/avr/4.3.3/avr5\libgcc.a(_clz.o)

.debug_info     0x00000000     0x26d4
 *(.debug_info)
 .debug_info    0x00000000       0xb1 c:/winavr-20100110/bin/../lib/gcc/avr/4.3.3/avr5\libgcc.a(_fixunssfsi.o)
 .debug_info    0x000000b1       0xb1 c:/winavr-20100110/bin/../lib/gcc/avr/4.3.3/avr5\libgcc.a(_fixsfdi.o)
 .debug_info    0x00000162      0x111 c:/winavr-20100110/bin/../lib/gcc/avr/4.3.3/avr5\libgcc.a(_fixunssfdi.o)
 .debug_info    0x00000273      0x47a c:/winavr-20100110/bin/../lib/gcc/avr/4.3.3/avr5\libgcc.a(_addsub_sf.o)
 .debug_info    0x000006ed      0x485 c:/winavr-20100110/bin/../lib/gcc/avr/4.3.3/avr5\libgcc.a(_mul_sf.o)
 .debug_info    0x00000b72      0x3fc c:/winavr-20100110/bin/../lib/gcc/avr/4.3.3/avr5\libgcc.a(_div_sf.o)
 .debug_info    0x00000f6e      0x27f c:/winavr-20100110/bin/../lib/gcc/avr/4.3.3/avr5\libgcc.a(_ge_sf.o)
 .debug_info    0x000011ed      0x27f c:/winavr-20100110/bin/../lib/gcc/avr/4.3.3/avr5\libgcc.a(_lt_sf.o)
 .debug_info    0x0000146c      0x207 c:/winavr-20100110/bin/../lib/gcc/avr/4.3.3/avr5\libgcc.a(_si_to_sf.o)
 .debug_info    0x00001673      0x2b0 c:/winavr-20100110/bin/../lib/gcc/avr/4.3.3/avr5\libgcc.a(_sf_to_si.o)
 .debug_info    0x00001923      0x12c c:/winavr-20100110/bin/../lib/gcc/avr/4.3.3/avr5\libgcc.a(_thenan_sf.o)
 .debug_info    0x00001a4f      0x206 c:/winavr-20100110/bin/../lib/gcc/avr/4.3.3/avr5\libgcc.a(_usi_to_sf.o)
 .debug_info    0x00001c55      0x17f c:/winavr-20100110/bin/../lib/gcc/avr/4.3.3/avr5\libgcc.a(_ashldi3.o)
 .debug_info    0x00001dd4      0x117 c:/winavr-20100110/bin/../lib/gcc/avr/4.3.3/avr5\libgcc.a(_clzsi2.o)
 .debug_info    0x00001eeb      0x2df c:/winavr-20100110/bin/../lib/gcc/avr/4.3.3/avr5\libgcc.a(_pack_sf.o)
 .debug_info    0x000021ca      0x251 c:/winavr-20100110/bin/../lib/gcc/avr/4.3.3/avr5\libgcc.a(_unpack_sf.o)
 .debug_info    0x0000241b      0x210 c:/winavr-20100110/bin/../lib/gcc/avr/4.3.3/avr5\libgcc.a(_fpcmp_parts_sf.o)
 .debug_info    0x0000262b       0xa9 c:/winavr-20100110/bin/../lib/gcc/avr/4.3.3/avr5\libgcc.a(_clz.o)
 *(.gnu.linkonce.wi.*)

.debug_abbrev   0x00000000     0x155d
 *(.debug_abbrev)
 .debug_abbrev  0x00000000       0x5d c:/winavr-20100110/bin/../lib/gcc/avr/4.3.3/avr5\libgcc.a(_fixunssfsi.o)
 .debug_abbrev  0x0000005d       0x5d c:/winavr-20100110/bin/../lib/gcc/avr/4.3.3/avr5\libgcc.a(_fixsfdi.o)
 .debug_abbrev  0x000000ba       0x9e c:/winavr-20100110/bin/../lib/gcc/avr/4.3.3/avr5\libgcc.a(_fixunssfdi.o)
 .debug_abbrev  0x00000158      0x1ea c:/winavr-20100110/bin/../lib/gcc/avr/4.3.3/avr5\libgcc.a(_addsub_sf.o)
 .debug_abbrev  0x00000342      0x21b c:/winavr-20100110/bin/../lib/gcc/avr/4.3.3/avr5\libgcc.a(_mul_sf.o)
 .debug_abbrev  0x0000055d      0x216 c:/winavr-20100110/bin/../lib/gcc/avr/4.3.3/avr5\libgcc.a(_div_sf.o)
 .debug_abbrev  0x00000773      0x15a c:/winavr-20100110/bin/../lib/gcc/avr/4.3.3/avr5\libgcc.a(_ge_sf.o)
 .debug_abbrev  0x000008cd      0x15a c:/winavr-20100110/bin/../lib/gcc/avr/4.3.3/avr5\libgcc.a(_lt_sf.o)
 .debug_abbrev  0x00000a27      0x148 c:/winavr-20100110/bin/../lib/gcc/avr/4.3.3/avr5\libgcc.a(_si_to_sf.o)
 .debug_abbrev  0x00000b6f      0x17f c:/winavr-20100110/bin/../lib/gcc/avr/4.3.3/avr5\libgcc.a(_sf_to_si.o)
 .debug_abbrev  0x00000cee       0xad c:/winavr-20100110/bin/../lib/gcc/avr/4.3.3/avr5\libgcc.a(_thenan_sf.o)
 .debug_abbrev  0x00000d9b      0x157 c:/winavr-20100110/bin/../lib/gcc/avr/4.3.3/avr5\libgcc.a(_usi_to_sf.o)
 .debug_abbrev  0x00000ef2       0xee c:/winavr-20100110/bin/../lib/gcc/avr/4.3.3/avr5\libgcc.a(_ashldi3.o)
 .debug_abbrev  0x00000fe0       0xc4 c:/winavr-20100110/bin/../lib/gcc/avr/4.3.3/avr5\libgcc.a(_clzsi2.o)
 .debug_abbrev  0x000010a4      0x1c0 c:/winavr-20100110/bin/../lib/gcc/avr/4.3.3/avr5\libgcc.a(_pack_sf.o)
 .debug_abbrev  0x00001264      0x154 c:/winavr-20100110/bin/../lib/gcc/avr/4.3.3/avr5\libgcc.a(_unpack_sf.o)
 .debug_abbrev  0x000013b8      0x13b c:/winavr-20100110/bin/../lib/gcc/avr/4.3.3/avr5\libgcc.a(_fpcmp_parts_sf.o)
 .debug_abbrev  0x000014f3       0x6a c:/winavr-20100110/bin/../lib/gcc/avr/4.3.3/avr5\libgcc.a(_clz.o)

.debug_line     0x00000000     0x149d
 *(.debug_line)
 .debug_line    0x00000000       0xa7 c:/winavr-20100110/bin/../lib/gcc/avr/4.3.3/avr5\libgcc.a(_fixunssfsi.o)
 .debug_line    0x000000a7       0xa7 c:/winavr-20100110/bin/../lib/gcc/avr/4.3.3/avr5\libgcc.a(_fixsfdi.o)
 .debug_line    0x0000014e       0xe7 c:/winavr-20100110/bin/../lib/gcc/avr/4.3.3/avr5\libgcc.a(_fixunssfdi.o)
 .debug_line    0x00000235      0x2af c:/winavr-20100110/bin/../lib/gcc/avr/4.3.3/avr5\libgcc.a(_addsub_sf.o)
 .debug_line    0x000004e4      0x239 c:/winavr-20100110/bin/../lib/gcc/avr/4.3.3/avr5\libgcc.a(_mul_sf.o)
 .debug_line    0x0000071d      0x1d5 c:/winavr-20100110/bin/../lib/gcc/avr/4.3.3/avr5\libgcc.a(_div_sf.o)
 .debug_line    0x000008f2       0xd3 c:/winavr-20100110/bin/../lib/gcc/avr/4.3.3/avr5\libgcc.a(_ge_sf.o)
 .debug_line    0x000009c5       0xd3 c:/winavr-20100110/bin/../lib/gcc/avr/4.3.3/avr5\libgcc.a(_lt_sf.o)
 .debug_line    0x00000a98      0x135 c:/winavr-20100110/bin/../lib/gcc/avr/4.3.3/avr5\libgcc.a(_si_to_sf.o)
 .debug_line    0x00000bcd      0x109 c:/winavr-20100110/bin/../lib/gcc/avr/4.3.3/avr5\libgcc.a(_sf_to_si.o)
 .debug_line    0x00000cd6       0x90 c:/winavr-20100110/bin/../lib/gcc/avr/4.3.3/avr5\libgcc.a(_thenan_sf.o)
 .debug_line    0x00000d66      0x133 c:/winavr-20100110/bin/../lib/gcc/avr/4.3.3/avr5\libgcc.a(_usi_to_sf.o)
 .debug_line    0x00000e99       0xd7 c:/winavr-20100110/bin/../lib/gcc/avr/4.3.3/avr5\libgcc.a(_ashldi3.o)
 .debug_line    0x00000f70       0xa5 c:/winavr-20100110/bin/../lib/gcc/avr/4.3.3/avr5\libgcc.a(_clzsi2.o)
 .debug_line    0x00001015      0x18a c:/winavr-20100110/bin/../lib/gcc/avr/4.3.3/avr5\libgcc.a(_pack_sf.o)
 .debug_line    0x0000119f      0x14b c:/winavr-20100110/bin/../lib/gcc/avr/4.3.3/avr5\libgcc.a(_unpack_sf.o)
 .debug_line    0x000012ea      0x137 c:/winavr-20100110/bin/../lib/gcc/avr/4.3.3/avr5\libgcc.a(_fpcmp_parts_sf.o)
 .debug_line    0x00001421       0x7c c:/winavr-20100110/bin/../lib/gcc/avr/4.3.3/avr5\libgcc.a(_clz.o)

.debug_frame    0x00000000      0x220
 *(.debug_frame)
 .debug_frame   0x00000000       0x20 c:/winavr-20100110/bin/../lib/gcc/avr/4.3.3/avr5\libgcc.a(_fixunssfsi.o)
 .debug_frame   0x00000020       0x20 c:/winavr-20100110/bin/../lib/gcc/avr/4.3.3/avr5\libgcc.a(_fixsfdi.o)
 .debug_frame   0x00000040       0x20 c:/winavr-20100110/bin/../lib/gcc/avr/4.3.3/avr5\libgcc.a(_fixunssfdi.o)
 .debug_frame   0x00000060       0x40 c:/winavr-20100110/bin/../lib/gcc/avr/4.3.3/avr5\libgcc.a(_addsub_sf.o)
 .debug_frame   0x000000a0       0x20 c:/winavr-20100110/bin/../lib/gcc/avr/4.3.3/avr5\libgcc.a(_mul_sf.o)
 .debug_frame   0x000000c0       0x20 c:/winavr-20100110/bin/../lib/gcc/avr/4.3.3/avr5\libgcc.a(_div_sf.o)
 .debug_frame   0x000000e0       0x20 c:/winavr-20100110/bin/../lib/gcc/avr/4.3.3/avr5\libgcc.a(_ge_sf.o)
 .debug_frame   0x00000100       0x20 c:/winavr-20100110/bin/../lib/gcc/avr/4.3.3/avr5\libgcc.a(_lt_sf.o)
 .debug_frame   0x00000120       0x20 c:/winavr-20100110/bin/../lib/gcc/avr/4.3.3/avr5\libgcc.a(_si_to_sf.o)
 .debug_frame   0x00000140       0x20 c:/winavr-20100110/bin/../lib/gcc/avr/4.3.3/avr5\libgcc.a(_sf_to_si.o)
 .debug_frame   0x00000160       0x20 c:/winavr-20100110/bin/../lib/gcc/avr/4.3.3/avr5\libgcc.a(_usi_to_sf.o)
 .debug_frame   0x00000180       0x20 c:/winavr-20100110/bin/../lib/gcc/avr/4.3.3/avr5\libgcc.a(_ashldi3.o)
 .debug_frame   0x000001a0       0x20 c:/winavr-20100110/bin/../lib/gcc/avr/4.3.3/avr5\libgcc.a(_clzsi2.o)
 .debug_frame   0x000001c0       0x20 c:/winavr-20100110/bin/../lib/gcc/avr/4.3.3/avr5\libgcc.a(_pack_sf.o)
 .debug_frame   0x000001e0       0x20 c:/winavr-20100110/bin/../lib/gcc/avr/4.3.3/avr5\libgcc.a(_unpack_sf.o)
 .debug_frame   0x00000200       0x20 c:/winavr-20100110/bin/../lib/gcc/avr/4.3.3/avr5\libgcc.a(_fpcmp_parts_sf.o)

.debug_str      0x00000000      0x363
 *(.debug_str)
 .debug_str     0x00000000       0xbf c:/winavr-20100110/bin/../lib/gcc/avr/4.3.3/avr5\libgcc.a(_fixunssfsi.o)
                                 0xfe (size before relaxing)
 .debug_str     0x000000bf        0xa c:/winavr-20100110/bin/../lib/gcc/avr/4.3.3/avr5\libgcc.a(_fixsfdi.o)
                                 0xfa (size before relaxing)
 .debug_str     0x000000c9       0x2c c:/winavr-20100110/bin/../lib/gcc/avr/4.3.3/avr5\libgcc.a(_fixunssfdi.o)
                                0x11d (size before relaxing)
 .debug_str     0x000000f5      0x14d c:/winavr-20100110/bin/../lib/gcc/avr/4.3.3/avr5\libgcc.a(_addsub_sf.o)
                                0x206 (size before relaxing)
 .debug_str     0x00000242       0x27 c:/winavr-20100110/bin/../lib/gcc/avr/4.3.3/avr5\libgcc.a(_mul_sf.o)
                                0x1bf (size before relaxing)
 .debug_str     0x00000269       0x35 c:/winavr-20100110/bin/../lib/gcc/avr/4.3.3/avr5\libgcc.a(_div_sf.o)
                                0x1c8 (size before relaxing)
 .debug_str     0x0000029e        0x8 c:/winavr-20100110/bin/../lib/gcc/avr/4.3.3/avr5\libgcc.a(_ge_sf.o)
                                0x195 (size before relaxing)
 .debug_str     0x000002a6        0x8 c:/winavr-20100110/bin/../lib/gcc/avr/4.3.3/avr5\libgcc.a(_lt_sf.o)
                                0x195 (size before relaxing)
 .debug_str     0x000002ae       0x18 c:/winavr-20100110/bin/../lib/gcc/avr/4.3.3/avr5\libgcc.a(_si_to_sf.o)
                                0x17b (size before relaxing)
 .debug_str     0x000002c6        0xa c:/winavr-20100110/bin/../lib/gcc/avr/4.3.3/avr5\libgcc.a(_sf_to_si.o)
                                0x19e (size before relaxing)
 .debug_str     0x00000000      0x103 c:/winavr-20100110/bin/../lib/gcc/avr/4.3.3/avr5\libgcc.a(_thenan_sf.o)
 .debug_str     0x000002d0       0x14 c:/winavr-20100110/bin/../lib/gcc/avr/4.3.3/avr5\libgcc.a(_usi_to_sf.o)
                                0x177 (size before relaxing)
 .debug_str     0x000002e4       0x34 c:/winavr-20100110/bin/../lib/gcc/avr/4.3.3/avr5\libgcc.a(_ashldi3.o)
                                0x131 (size before relaxing)
 .debug_str     0x00000318       0x20 c:/winavr-20100110/bin/../lib/gcc/avr/4.3.3/avr5\libgcc.a(_clzsi2.o)
                                0x111 (size before relaxing)
 .debug_str     0x00000338       0x10 c:/winavr-20100110/bin/../lib/gcc/avr/4.3.3/avr5\libgcc.a(_pack_sf.o)
                                0x19d (size before relaxing)
 .debug_str     0x00000348        0xb c:/winavr-20100110/bin/../lib/gcc/avr/4.3.3/avr5\libgcc.a(_unpack_sf.o)
                                0x17f (size before relaxing)
 .debug_str     0x00000353       0x10 c:/winavr-20100110/bin/../lib/gcc/avr/4.3.3/avr5\libgcc.a(_fpcmp_parts_sf.o)
                                0x163 (size before relaxing)
 .debug_str     0x00000000       0xf4 c:/winavr-20100110/bin/../lib/gcc/avr/4.3.3/avr5\libgcc.a(_clz.o)

.debug_loc      0x00000000      0xbb4
 *(.debug_loc)
 .debug_loc     0x00000000       0x34 c:/winavr-20100110/bin/../lib/gcc/avr/4.3.3/avr5\libgcc.a(_fixunssfsi.o)
 .debug_loc     0x00000034       0x4a c:/winavr-20100110/bin/../lib/gcc/avr/4.3.3/avr5\libgcc.a(_fixsfdi.o)
 .debug_loc     0x0000007e       0x94 c:/winavr-20100110/bin/../lib/gcc/avr/4.3.3/avr5\libgcc.a(_fixunssfdi.o)
 .debug_loc     0x00000112      0x32a c:/winavr-20100110/bin/../lib/gcc/avr/4.3.3/avr5\libgcc.a(_addsub_sf.o)
 .debug_loc     0x0000043c      0x104 c:/winavr-20100110/bin/../lib/gcc/avr/4.3.3/avr5\libgcc.a(_mul_sf.o)
 .debug_loc     0x00000540       0xc0 c:/winavr-20100110/bin/../lib/gcc/avr/4.3.3/avr5\libgcc.a(_div_sf.o)
 .debug_loc     0x00000600       0x3c c:/winavr-20100110/bin/../lib/gcc/avr/4.3.3/avr5\libgcc.a(_ge_sf.o)
 .debug_loc     0x0000063c       0x3c c:/winavr-20100110/bin/../lib/gcc/avr/4.3.3/avr5\libgcc.a(_lt_sf.o)
 .debug_loc     0x00000678       0xac c:/winavr-20100110/bin/../lib/gcc/avr/4.3.3/avr5\libgcc.a(_si_to_sf.o)
 .debug_loc     0x00000724       0x7e c:/winavr-20100110/bin/../lib/gcc/avr/4.3.3/avr5\libgcc.a(_sf_to_si.o)
 .debug_loc     0x000007a2       0x4c c:/winavr-20100110/bin/../lib/gcc/avr/4.3.3/avr5\libgcc.a(_usi_to_sf.o)
 .debug_loc     0x000007ee       0xf8 c:/winavr-20100110/bin/../lib/gcc/avr/4.3.3/avr5\libgcc.a(_ashldi3.o)
 .debug_loc     0x000008e6       0x94 c:/winavr-20100110/bin/../lib/gcc/avr/4.3.3/avr5\libgcc.a(_clzsi2.o)
 .debug_loc     0x0000097a      0x13e c:/winavr-20100110/bin/../lib/gcc/avr/4.3.3/avr5\libgcc.a(_pack_sf.o)
 .debug_loc     0x00000ab8       0xac c:/winavr-20100110/bin/../lib/gcc/avr/4.3.3/avr5\libgcc.a(_unpack_sf.o)
 .debug_loc     0x00000b64       0x50 c:/winavr-20100110/bin/../lib/gcc/avr/4.3.3/avr5\libgcc.a(_fpcmp_parts_sf.o)

.debug_macinfo
 *(.debug_macinfo)
OUTPUT(Smart_Room.elf elf32-avr)
LOAD linker stubs

.debug_ranges   0x00000000       0x50
 .debug_ranges  0x00000000       0x50 c:/winavr-20100110/bin/../lib/gcc/avr/4.3.3/avr5\libgcc.a(_mul_sf.o)
